---
source: src/client/trends.rs
expression: map_res.c
---
Paginator(
  count: None,
  items: [
    VideoItem(
      id: "_cyJhGsXDDM",
      name: "Ultimate Criminal Canal Found Magnet Fishing! Police on the Hunt",
      duration: Some(1096),
      thumbnail: [
        Thumbnail(
          url: "https://i.ytimg.com/vi/_cyJhGsXDDM/hq720.jpg?sqp=-oaymwEcCOgCEMoBSFXyq4qpAw4IARUAAIhCGAFwAcABBg==&rs=AOn4CLBBz_ErMMfhKLRZRfcAPTlMTujziw",
          width: 360,
          height: 202,
        ),
        Thumbnail(
          url: "https://i.ytimg.com/vi/_cyJhGsXDDM/hq720.jpg?sqp=-oaymwEcCNAFEJQDSFXyq4qpAw4IARUAAIhCGAFwAcABBg==&rs=AOn4CLDaUGJ6GyTv5vwllztR6mN43dlmxA",
          width: 720,
          height: 404,
        ),
      ],
      channel: Some(ChannelTag(
        id: "UCMLXec9-wpON8tZegnDsYLw",
        name: "Bondi Treasure Hunter",
        avatar: [
          Thumbnail(
            url: "https://yt3.ggpht.com/ytc/AMLnZu91VHy_3HvCaMLthYyMSol6zwqxebNQ9GXc7NUB=s68-c-k-c0x00ffffff-no-rj",
            width: 68,
            height: 68,
          ),
        ],
        verification: verified,
        subscriber_count: None,
      )),
      publish_date: "[date]",
      publish_date_txt: Some("1 day ago"),
      view_count: Some(700385),
      is_live: false,
      is_short: false,
      is_upcoming: false,
      short_description: Some("Subscribe for more Treasure Hunting videos: https://tinyurl.com/yyl3zerk\n\nMy Magnet! (Use Discount code \'BONDI\'): https://magnetarmagnets.com/\nMy Dive System! (Use Bonus code \'BONDI\'): https://lddy..."),
    ),
    VideoItem(
      id: "36YnV9STBqc",
      name: "The Good Life Radio\u{a0}•\u{a0}24/7 Live Radio | Best Relax House, Chillout, Study, Running, Gym, Happy Music",
      duration: None,
      thumbnail: [
        Thumbnail(
          url: "https://i.ytimg.com/vi/36YnV9STBqc/hq720_live.jpg?sqp=COjxqZoG-oaymwEcCOgCEMoBSFXyq4qpAw4IARUAAIhCGAFwAcABBg==&rs=AOn4CLASUZkzmRJDiyIJmcsAdcDGan805Q",
          width: 360,
          height: 202,
        ),
        Thumbnail(
          url: "https://i.ytimg.com/vi/36YnV9STBqc/hq720_live.jpg?sqp=COjxqZoG-oaymwEcCNAFEJQDSFXyq4qpAw4IARUAAIhCGAFwAcABBg==&rs=AOn4CLBDrl0k5nr9wH-_aosqOimodx0b-w",
          width: 720,
          height: 404,
        ),
      ],
      channel: Some(ChannelTag(
        id: "UChs0pSaEoNLV4mevBFGaoKA",
        name: "The Good Life Radio x Sensual Musique",
        avatar: [
          Thumbnail(
            url: "https://yt3.ggpht.com/ytc/AMLnZu_V9mOdHaorjNFqGXCecFeOBZhDWB8tVYG_I8gJwA=s68-c-k-c0x00ffffff-no-rj",
            width: 68,
            height: 68,
          ),
        ],
        verification: verified,
        subscriber_count: None,
      )),
      publish_date: "[date]",
      publish_date_txt: None,
      view_count: Some(7202),
      is_live: true,
      is_short: false,
      is_upcoming: false,
      short_description: Some("The Good Life is live streaming the best of Relaxing & Chill House Music, Deep House, Tropical House, EDM, Dance & Pop as well as Music for Sleep, Focus, Study, Workout, Gym, Running etc. in..."),
    ),
    VideoItem(
      id: "8KOM0kuJoLc",
      name: "Do you think my dog likes being carried? #shorts #samoyed",
      duration: None,
      thumbnail: [
        Thumbnail(
          url: "https://i.ytimg.com/vi/8KOM0kuJoLc/hq720_2.jpg?sqp=-oaymwEdCJYDENAFSFXyq4qpAw8IARUAAIhCcAHAAQbQAQE=&rs=AOn4CLDxatxhn-M5IdHXMfgxobBPwl4MHg",
          width: 406,
          height: 720,
        ),
      ],
      channel: None,
      publish_date: "[date]",
      publish_date_txt: Some("5 months ago"),
      view_count: Some(15000000),
      is_live: false,
      is_short: true,
      is_upcoming: false,
      short_description: None,
    ),
    VideoItem(
      id: "EmT73jwW5Zw",
      name: "Other Celebrities Vs Mr Bean🤣 getting Awards🏆#shorts #johnnydepp #mrbean #robertdowneyjr #funny",
      duration: None,
      thumbnail: [
        Thumbnail(
          url: "https://i.ytimg.com/vi/EmT73jwW5Zw/hq720_2.jpg?sqp=-oaymwEdCJUDENAFSFXyq4qpAw8IARUAAIhCcAHAAQbQAQE=&rs=AOn4CLD7Nm1co_dUUA42AK7OrtEMqg8pIQ",
          width: 405,
          height: 720,
        ),
      ],
      channel: None,
      publish_date: "[date]",
      publish_date_txt: Some("2 months ago"),
      view_count: Some(32000000),
      is_live: false,
      is_short: true,
      is_upcoming: false,
      short_description: None,
    ),
    VideoItem(
      id: "bX8aqmq0EyE",
      name: "LOS AJOLOTES NO SON JUGUETES",
      duration: None,
      thumbnail: [
        Thumbnail(
          url: "https://i.ytimg.com/vi/bX8aqmq0EyE/hq720_2.jpg?sqp=-oaymwEdCJUDENAFSFXyq4qpAw8IARUAAIhCcAHAAQbQAQE=&rs=AOn4CLBHb03SmUhNtkpHcW2y7QpTN8ZqGA",
          width: 405,
          height: 720,
        ),
      ],
      channel: None,
      publish_date: "[date]",
      publish_date_txt: Some("11 days ago"),
      view_count: Some(9600000),
      is_live: false,
      is_short: true,
      is_upcoming: false,
      short_description: None,
    ),
    VideoItem(
      id: "dwuR6zWGzWI",
      name: "Material girl",
      duration: None,
      thumbnail: [
        Thumbnail(
          url: "https://i.ytimg.com/vi/dwuR6zWGzWI/hq720_2.jpg?sqp=-oaymwEdCJYDENAFSFXyq4qpAw8IARUAAIhCcAHAAQbQAQE=&rs=AOn4CLBnsVvGKI6joSedUETTMSdqGU2Wlg",
          width: 406,
          height: 720,
        ),
      ],
      channel: None,
      publish_date: "[date]",
      publish_date_txt: Some("7 months ago"),
      view_count: Some(19000000),
      is_live: false,
      is_short: true,
      is_upcoming: false,
      short_description: None,
    ),
    VideoItem(
      id: "EKU7Jph1s_s",
      name: "Is Airsoft Just for Kids? #Shorts",
      duration: None,
      thumbnail: [
        Thumbnail(
          url: "https://i.ytimg.com/vi/EKU7Jph1s_s/hq720_2.jpg?sqp=-oaymwEdCJYDENAFSFXyq4qpAw8IARUAAIhCcAHAAQbQAQE=&rs=AOn4CLDWUMv88wbEsvMluGv0YhcGexT7iA",
          width: 406,
          height: 720,
        ),
      ],
      channel: None,
      publish_date: "[date]",
      publish_date_txt: Some("2 months ago"),
      view_count: Some(6100000),
      is_live: false,
      is_short: true,
      is_upcoming: false,
      short_description: None,
    ),
    VideoItem(
      id: "I7J1kjaeBpg",
      name: "This Husky is NOT Sharing Her Chicken Nuggies!",
      duration: None,
      thumbnail: [
        Thumbnail(
          url: "https://i.ytimg.com/vi/I7J1kjaeBpg/hq720_2.jpg?sqp=-oaymwEdCI4CEOADSFXyq4qpAw8IARUAAIhCcAHAAQbQAQE=&rs=AOn4CLDJC8hqDAQW13cbk0wvGKoAJzhcyQ",
          width: 270,
          height: 480,
        ),
      ],
      channel: None,
      publish_date: "[date]",
      publish_date_txt: Some("1 year ago"),
      view_count: Some(66000000),
      is_live: false,
      is_short: true,
      is_upcoming: false,
      short_description: None,
    ),
    VideoItem(
      id: "pbBc_JW0jLA",
      name: "Use the precious wood to make a string of beads. #Shorts",
      duration: None,
      thumbnail: [
        Thumbnail(
          url: "https://i.ytimg.com/vi/pbBc_JW0jLA/hq720_2.jpg?sqp=-oaymwEdCJUDENAFSFXyq4qpAw8IARUAAIhCcAHAAQbQAQE=&rs=AOn4CLBRi7fkJPqo5rpZKFaay_IZMro3zw",
          width: 405,
          height: 720,
        ),
      ],
      channel: None,
      publish_date: "[date]",
      publish_date_txt: Some("2 months ago"),
      view_count: Some(35000000),
      is_live: false,
      is_short: true,
      is_upcoming: false,
      short_description: None,
    ),
    VideoItem(
      id: "yDTCp2G6S3Y",
      name: "How Different Couples Walk Together.",
      duration: None,
      thumbnail: [
        Thumbnail(
          url: "https://i.ytimg.com/vi/yDTCp2G6S3Y/hq720_2.jpg?sqp=-oaymwEdCJYDENAFSFXyq4qpAw8IARUAAIhCcAHAAQbQAQE=&rs=AOn4CLCwDz1B3IjzqpLZqIJioQX4fuZA_w",
          width: 406,
          height: 720,
        ),
      ],
      channel: None,
      publish_date: "[date]",
      publish_date_txt: Some("3 months ago"),
      view_count: Some(16000000),
      is_live: false,
      is_short: true,
      is_upcoming: false,
      short_description: None,
    ),
    VideoItem(
      id: "e2N66nRy3dA",
      name: "Videos that don’t make sense to me 🤯",
      duration: None,
      thumbnail: [
        Thumbnail(
          url: "https://i.ytimg.com/vi/e2N66nRy3dA/hq720_2.jpg?sqp=-oaymwEdCJUDENAFSFXyq4qpAw8IARUAAIhCcAHAAQbQAQE=&rs=AOn4CLB-EJmQR0nVXHVDIRQLG6wK-iWS4g",
          width: 405,
          height: 720,
        ),
      ],
      channel: None,
      publish_date: "[date]",
      publish_date_txt: Some("11 days ago"),
      view_count: Some(5900000),
      is_live: false,
      is_short: true,
      is_upcoming: false,
      short_description: None,
    ),
    VideoItem(
      id: "W2wQjXIiIgo",
      name: "لو خيروك",
      duration: None,
      thumbnail: [
        Thumbnail(
          url: "https://i.ytimg.com/vi/W2wQjXIiIgo/hq720_2.jpg?sqp=-oaymwEdCJUDENAFSFXyq4qpAw8IARUAAIhCcAHAAQbQAQE=&rs=AOn4CLAkOcMaYQdCMEc1m11brgLTo3rRWw",
          width: 405,
          height: 720,
        ),
      ],
      channel: None,
      publish_date: "[date]",
      publish_date_txt: Some("1 month ago"),
      view_count: Some(19000000),
      is_live: false,
      is_short: true,
      is_upcoming: false,
      short_description: None,
    ),
    VideoItem(
      id: "EhPGcJAv1yQ",
      name: "I\'m not crying, you are #dog #samoyed #shorts",
      duration: None,
      thumbnail: [
        Thumbnail(
          url: "https://i.ytimg.com/vi/EhPGcJAv1yQ/hq720_2.jpg?sqp=-oaymwEdCJYDENAFSFXyq4qpAw8IARUAAIhCcAHAAQbQAQE=&rs=AOn4CLC6kF2oRlo2-WTHKNqtlfJAzIvMUA",
          width: 406,
          height: 720,
        ),
      ],
      channel: None,
      publish_date: "[date]",
      publish_date_txt: Some("2 months ago"),
      view_count: Some(10000000),
      is_live: false,
      is_short: true,
      is_upcoming: false,
      short_description: None,
    ),
    VideoItem(
      id: "9cE0KO5W1CY",
      name: "Nobody can beat her 😆 #shorts #sitcom",
      duration: None,
      thumbnail: [
        Thumbnail(
          url: "https://i.ytimg.com/vi/9cE0KO5W1CY/hq720_2.jpg?sqp=-oaymwEdCJYDENAFSFXyq4qpAw8IARUAAIhCcAHAAQbQAQE=&rs=AOn4CLApihr7tDreMgLbmUD4F-_vklFWEA",
          width: 406,
          height: 720,
        ),
      ],
      channel: None,
      publish_date: "[date]",
      publish_date_txt: Some("3 months ago"),
      view_count: Some(79000000),
      is_live: false,
      is_short: true,
      is_upcoming: false,
      short_description: None,
    ),
    VideoItem(
      id: "YYD1qgH5qC4",
      name: "چند شنبه با سینــا | فصل چهـارم | قسمت 5 | با حضور نازنین انصاری مدیر روزنامه کیهان لندن",
      duration: Some(3261),
      thumbnail: [
        Thumbnail(
          url: "https://i.ytimg.com/vi/YYD1qgH5qC4/hq720.jpg?sqp=-oaymwEcCOgCEMoBSFXyq4qpAw4IARUAAIhCGAFwAcABBg==&rs=AOn4CLBkvD-kVL12hteMVVLRZvJHOdlPzQ",
          width: 360,
          height: 202,
        ),
        Thumbnail(
          url: "https://i.ytimg.com/vi/YYD1qgH5qC4/hq720.jpg?sqp=-oaymwEcCNAFEJQDSFXyq4qpAw4IARUAAIhCGAFwAcABBg==&rs=AOn4CLDpO5WCJiLDPHrXOWH-xk2hTG_S3A",
          width: 720,
          height: 404,
        ),
      ],
      channel: Some(ChannelTag(
        id: "UCzH_7hfL6Jd1H0WpNO_eryQ",
        name: "MBC PERSIA",
        avatar: [
          Thumbnail(
            url: "https://yt3.ggpht.com/ytc/AMLnZu9lP4dhb_R_Y7e8Q4sb6dj7ve-YtalnMd2t1qP05A=s68-c-k-c0x00ffffff-no-rj",
            width: 68,
            height: 68,
          ),
        ],
        verification: none,
        subscriber_count: None,
      )),
      publish_date: "[date]",
      publish_date_txt: Some("14 hours ago"),
      view_count: Some(104344),
      is_live: false,
      is_short: false,
      is_upcoming: false,
      short_description: Some("#mbcpersia\n#chandshanbeh\n#چندشنبه\n\nشبكه ام بى سى پرشيا را از حساب هاى مختلف در شبكه هاى اجتماعى دنبال كنيد\n►MBCPERSIA on Facebook:..."),
    ),
    VideoItem(
      id: "ijj_hheGEi0",
      name: "Queen - Face It Alone (Official Lyric Video)",
      duration: Some(257),
      thumbnail: [
        Thumbnail(
          url: "https://i.ytimg.com/vi/ijj_hheGEi0/hq720.jpg?sqp=-oaymwEcCOgCEMoBSFXyq4qpAw4IARUAAIhCGAFwAcABBg==&rs=AOn4CLDNz4M1zW7fit2pWXr62eilE2_TVA",
          width: 360,
          height: 202,
        ),
        Thumbnail(
          url: "https://i.ytimg.com/vi/ijj_hheGEi0/hq720.jpg?sqp=-oaymwEcCNAFEJQDSFXyq4qpAw4IARUAAIhCGAFwAcABBg==&rs=AOn4CLDWGtFKG_qZDH0cJkZ5eQ4T6rJ2lQ",
          width: 720,
          height: 404,
        ),
      ],
      channel: Some(ChannelTag(
        id: "UCiMhD4jzUqG-IgPzUmmytRQ",
        name: "Queen Official",
        avatar: [
          Thumbnail(
            url: "https://yt3.ggpht.com/ytc/AMLnZu9ITXAHJ22tIis_SQPAdtME5d3A4xnXpq5-HCkF1Q=s88-c-k-c0x00ffffff-no-rj",
            width: 68,
            height: 68,
          ),
        ],
        verification: artist,
        subscriber_count: None,
      )),
      publish_date: "[date]",
      publish_date_txt: Some("1 day ago"),
      view_count: Some(4890401),
      is_live: false,
      is_short: false,
      is_upcoming: false,
      short_description: Some("QUEEN rediscovered track featuring Freddie Mercury ‘FACE IT ALONE’ arrives as digital single release Thursday October 13\nPrecedes arrival of Queen ‘The Miracle Collector’s Edition’..."),
    ),
    VideoItem(
      id: "GsTKEQzLkmw",
      name: "Bruce Springsteen - Nightshift (Official Video)",
      duration: Some(294),
      thumbnail: [
        Thumbnail(
          url: "https://i.ytimg.com/vi/GsTKEQzLkmw/hq720.jpg?sqp=-oaymwEcCOgCEMoBSFXyq4qpAw4IARUAAIhCGAFwAcABBg==&rs=AOn4CLANL62rDK-m96vFyMiIx0frV65bRw",
          width: 360,
          height: 202,
        ),
        Thumbnail(
          url: "https://i.ytimg.com/vi/GsTKEQzLkmw/hq720.jpg?sqp=-oaymwEcCNAFEJQDSFXyq4qpAw4IARUAAIhCGAFwAcABBg==&rs=AOn4CLBOwhhXYZtoh_XmtSMUYZGDVG1NvQ",
          width: 720,
          height: 404,
        ),
      ],
      channel: Some(ChannelTag(
        id: "UCcu7ANuD9J7hnTQCREqIc4Q",
        name: "Bruce Springsteen",
        avatar: [
          Thumbnail(
            url: "https://yt3.ggpht.com/o1AXF33zl_u1bTkx4xWjHcUMljQ8309nm3qqH0YVFbtZg_7RNczrtISHU6yqyDXblxupjump=s88-c-k-c0x00ffffff-no-rj",
            width: 68,
            height: 68,
          ),
        ],
        verification: artist,
        subscriber_count: None,
      )),
      publish_date: "[date]",
      publish_date_txt: Some("1 day ago"),
      view_count: Some(407598),
      is_live: false,
      is_short: false,
      is_upcoming: false,
      short_description: Some("Official Video for “Nightshift” by Bruce Springsteen\n \nListen & Download “Nightshift” out now: https://brucespringsteen.lnk.to/Nightshift\n \nPre-Order “Only The Strong Survive” out..."),
    ),
    VideoItem(
      id: "7MI3buZedOw",
      name: "blink-182 - EDGING (Official Video)",
      duration: Some(166),
      thumbnail: [
        Thumbnail(
          url: "https://i.ytimg.com/vi/7MI3buZedOw/hq720.jpg?sqp=-oaymwEcCOgCEMoBSFXyq4qpAw4IARUAAIhCGAFwAcABBg==&rs=AOn4CLDrnVRSJ-BCRAFjL4EY5uhhYstJBQ",
          width: 360,
          height: 202,
        ),
        Thumbnail(
          url: "https://i.ytimg.com/vi/7MI3buZedOw/hq720.jpg?sqp=-oaymwEcCNAFEJQDSFXyq4qpAw4IARUAAIhCGAFwAcABBg==&rs=AOn4CLBj4nbA5RxWp48Bol4kqS4lP6pqog",
          width: 720,
          height: 404,
        ),
      ],
      channel: Some(ChannelTag(
        id: "UCdvlHk5SZWwr9HjUcwtu8ng",
        name: "blink-182",
        avatar: [
          Thumbnail(
            url: "https://yt3.ggpht.com/_CSj3Z3SGJJPGZU3B7hPJJ8L0ncdNAdP1ZMLoKPkeDwJ2wJ27uH8sEV_qyYTcq-bDv2bpYHhjfI=s88-c-k-c0x00ffffff-no-rj",
            width: 68,
            height: 68,
          ),
        ],
        verification: artist,
        subscriber_count: None,
      )),
      publish_date: "[date]",
      publish_date_txt: Some("17 hours ago"),
      view_count: Some(2182852),
      is_live: false,
      is_short: false,
      is_upcoming: false,
      short_description: Some("Official Video for “EDGING” by\u{a0}blink-182\n\u{a0}\nListen & Download “EDGING\" out now:\u{a0}https://blink182.lnk.to/EDGING\n\u{a0}\nTour Tickets on sale now: https://www.blink182.com/tour/\n\u{a0}\nPre-Order..."),
    ),
    VideoItem(
      id: "6GkdVw9fMP4",
      name: "Washington Commanders vs. Chicago Bears | 2022 Week 6 Game Highlights",
      duration: Some(710),
      thumbnail: [
        Thumbnail(
          url: "https://i.ytimg.com/vi/6GkdVw9fMP4/hq720.jpg?sqp=-oaymwEcCOgCEMoBSFXyq4qpAw4IARUAAIhCGAFwAcABBg==&rs=AOn4CLB2FXuzFUJhT54e5HScC4XRgyZaNg",
          width: 360,
          height: 202,
        ),
        Thumbnail(
          url: "https://i.ytimg.com/vi/6GkdVw9fMP4/hq720.jpg?sqp=-oaymwEcCNAFEJQDSFXyq4qpAw4IARUAAIhCGAFwAcABBg==&rs=AOn4CLAW2mAJT5xx-zXcEMC9s9VnbNzPbQ",
          width: 720,
          height: 404,
        ),
      ],
      channel: Some(ChannelTag(
        id: "UCDVYQ4Zhbm3S2dlz7P1GBDg",
        name: "NFL",
        avatar: [
          Thumbnail(
            url: "https://yt3.ggpht.com/ytc/AMLnZu8tOlovKPswBTvH6bT6UGVCwCsEZhxK2nJatGKKY9g=s68-c-k-c0x00ffffff-no-rj",
            width: 68,
            height: 68,
          ),
        ],
        verification: verified,
        subscriber_count: None,
      )),
      publish_date: "[date]",
      publish_date_txt: Some("1 day ago"),
      view_count: Some(1376659),
      is_live: false,
      is_short: false,
      is_upcoming: false,
      short_description: Some("Check out our other channels:\nNFL Mundo https://www.youtube.com/mundonfl\nNFL Brasil https://www.youtube.com/c/NFLBrasilOficial\nNFL UK https://www.youtube.com/channel/UCVe0dAja_vZCmvfHXjtdRQA..."),
    ),
    VideoItem(
      id: "WpAuNSU--cQ",
      name: "Marshmello, Juice WRLD - Bye Bye (Official Video)",
      duration: Some(142),
      thumbnail: [
        Thumbnail(
          url: "https://i.ytimg.com/vi/WpAuNSU--cQ/hq720.jpg?sqp=-oaymwEcCOgCEMoBSFXyq4qpAw4IARUAAIhCGAFwAcABBg==&rs=AOn4CLBNQYJqvn99otP137JNxQqskI2qbA",
          width: 360,
          height: 202,
        ),
        Thumbnail(
          url: "https://i.ytimg.com/vi/WpAuNSU--cQ/hq720.jpg?sqp=-oaymwEcCNAFEJQDSFXyq4qpAw4IARUAAIhCGAFwAcABBg==&rs=AOn4CLBtdQJid3D8hQP-ZaGgpwyssgPxfw",
          width: 720,
          height: 404,
        ),
      ],
      channel: Some(ChannelTag(
        id: "UCEdvpU2pFRCVqU6yIPyTpMQ",
        name: "Marshmello",
        avatar: [
          Thumbnail(
            url: "https://yt3.ggpht.com/gCAlgUmrZ0D4gEzRIwk2Bc1hf5PMUNF3cBk90pR2D6fgkU1IhjuvkruStrhQdKVL3ekINivc=s88-c-k-c0x00ffffff-no-rj",
            width: 68,
            height: 68,
          ),
        ],
        verification: artist,
        subscriber_count: None,
      )),
      publish_date: "[date]",
      publish_date_txt: Some("1 day ago"),
      view_count: Some(876366),
      is_live: false,
      is_short: false,
      is_upcoming: false,
      short_description: Some("Marshmello, Juice WRLD - Bye Bye \nStream/Download “Bye Bye”: \nhttps://marshmelloxjuicewrld.lnk.to/ByeBye\n \nFollow Marshmello:\nMerch | https://www.marshmellomusic.com/colle...\nSpotify |..."),
    ),
    VideoItem(
      id: "q56KI6HZl24",
      name: "[ENG] 호주즈 조합 유죄..그냥 유죄(This Aussie union is guilty. Just guilty) With Stray kids | THE 윌벤쇼 EP.42",
      duration: Some(833),
      thumbnail: [
        Thumbnail(
          url: "https://i.ytimg.com/vi/q56KI6HZl24/hq720.jpg?sqp=-oaymwEcCOgCEMoBSFXyq4qpAw4IARUAAIhCGAFwAcABBg==&rs=AOn4CLDTtdvrkzmZeOYfMQ_neZS9inKuHA",
          width: 360,
          height: 202,
        ),
        Thumbnail(
          url: "https://i.ytimg.com/vi/q56KI6HZl24/hq720.jpg?sqp=-oaymwEcCNAFEJQDSFXyq4qpAw4IARUAAIhCGAFwAcABBg==&rs=AOn4CLAt6UCJiiIYr9FeAroGkpqwqfX1yA",
          width: 720,
          height: 404,
        ),
      ],
      channel: Some(ChannelTag(
        id: "UCiWl6Wtj3PBHvFf2RSA9N2w",
        name: "THE 윌벤쇼 THE WILLBEN SHOW",
        avatar: [
          Thumbnail(
            url: "https://yt3.ggpht.com/_zEON18VH9NpozF2Ir9uAcjrJnL73nEoVRG0SAYXyamaNHDTsMvQLBzzeQDyLOqotJxg13COmw=s68-c-k-c0x00ffffff-no-rj",
            width: 68,
            height: 68,
          ),
        ],
        verification: none,
        subscriber_count: None,
      )),
      publish_date: "[date]",
      publish_date_txt: Some("1 day ago"),
      view_count: Some(926873),
      is_live: false,
      is_short: false,
      is_upcoming: false,
      short_description: Some("👤👥웅성웅성..👤👥👤윌벤쇼에👤👥👤\n👤👥👤스트레이 키즈👤👥👤방찬 & 필릭스가 나왔대요💞👤👥👤\n\n셰프로 변신한 윌벤 & 찬릭스와..."),
    ),
    VideoItem(
      id: "yBE8dmhtNdw",
      name: "I Built a Warden Farm in Minecraft Hardcore",
      duration: Some(1524),
      thumbnail: [
        Thumbnail(
          url: "https://i.ytimg.com/vi/yBE8dmhtNdw/hq720.jpg?sqp=-oaymwEcCOgCEMoBSFXyq4qpAw4IARUAAIhCGAFwAcABBg==&rs=AOn4CLBr6XJ7d5uXwGiz-v7iYHVFFsN_HQ",
          width: 360,
          height: 202,
        ),
        Thumbnail(
          url: "https://i.ytimg.com/vi/yBE8dmhtNdw/hq720.jpg?sqp=-oaymwEcCNAFEJQDSFXyq4qpAw4IARUAAIhCGAFwAcABBg==&rs=AOn4CLCswZxOUJkmxa9Gl4A_98DHcWzeEw",
          width: 720,
          height: 404,
        ),
      ],
      channel: Some(ChannelTag(
        id: "UCIVSqoHCUN1XdEpiVItxfoQ",
        name: "aCookieGod",
        avatar: [
          Thumbnail(
            url: "https://yt3.ggpht.com/sNsmW8cDqvLbjtdCI2rpPXpkYXFJxv7eM4tttd6kvdQSNyB60Kama-HukwSqaFVzuXqZGI_eZQ=s68-c-k-c0x00ffffff-no-rj",
            width: 68,
            height: 68,
          ),
        ],
        verification: verified,
        subscriber_count: None,
      )),
      publish_date: "[date]",
      publish_date_txt: Some("21 hours ago"),
      view_count: Some(742018),
      is_live: false,
      is_short: false,
      is_upcoming: false,
      short_description: Some("Building a Warden Farm in Hardcore Minecraft\n\n🔥 Watch From EPISODE #1: https://www.youtube.com/watch?v=EDYifz45dhU&list=PLqyCqmSEa8cTmHfheGsE70w9uzcas3BFH\n\n📺 Watch my LAST EPISODE: https://yo..."),
    ),
    VideoItem(
      id: "doEjuluqimA",
      name: "Machine Gun Kelly - 9 lives (Official Music Video)",
      duration: Some(187),
      thumbnail: [
        Thumbnail(
          url: "https://i.ytimg.com/vi/doEjuluqimA/hq720.jpg?sqp=-oaymwEcCOgCEMoBSFXyq4qpAw4IARUAAIhCGAFwAcABBg==&rs=AOn4CLAtK5q_XmAit7n6VjjwjQ6n68xoNQ",
          width: 360,
          height: 202,
        ),
        Thumbnail(
          url: "https://i.ytimg.com/vi/doEjuluqimA/hq720.jpg?sqp=-oaymwEcCNAFEJQDSFXyq4qpAw4IARUAAIhCGAFwAcABBg==&rs=AOn4CLCSLxOO-UQRXyRPIeOX10fs6NMoSw",
          width: 720,
          height: 404,
        ),
      ],
      channel: Some(ChannelTag(
        id: "UCUs8sGiP4avNaYNVO22INhQ",
        name: "Machine Gun Kelly",
        avatar: [
          Thumbnail(
            url: "https://yt3.ggpht.com/ytc/AMLnZu942Dz1c8xDz8bBn-0oKlswp51DnY1SkNLOFJPvMQ=s88-c-k-c0x00ffffff-no-rj",
            width: 68,
            height: 68,
          ),
        ],
        verification: artist,
        subscriber_count: None,
      )),
      publish_date: "[date]",
      publish_date_txt: Some("1 day ago"),
      view_count: Some(1093461),
      is_live: false,
      is_short: false,
      is_upcoming: false,
      short_description: Some("Machine Gun Kelly’s ‘mainstream sellout (life in pink deluxe)’ feat. “9 lives” available now: \nhttps://mgk.lnk.to/MSDeluxe\n\nFollow Machine Gun Kelly :\nhttps://tiktok.com/@machinegunkelly..."),
    ),
    VideoItem(
      id: "ZnQMqj-Sbec",
      name: "Marshmello & Juice WRLD - Bye Bye (Official Lyric Video)",
      duration: Some(109),
      thumbnail: [
        Thumbnail(
          url: "https://i.ytimg.com/vi/ZnQMqj-Sbec/hq720.jpg?sqp=-oaymwEcCOgCEMoBSFXyq4qpAw4IARUAAIhCGAFwAcABBg==&rs=AOn4CLDUqBTl7q31pjAiabUcb34oY8p4lg",
          width: 360,
          height: 202,
        ),
        Thumbnail(
          url: "https://i.ytimg.com/vi/ZnQMqj-Sbec/hq720.jpg?sqp=-oaymwEcCNAFEJQDSFXyq4qpAw4IARUAAIhCGAFwAcABBg==&rs=AOn4CLBRhgl6koDnf0Wv52a2CBocC8CWyA",
          width: 720,
          height: 404,
        ),
      ],
      channel: Some(ChannelTag(
        id: "UC0BletW9phE4xHFM44q4qKA",
        name: "Juice WRLD",
        avatar: [
          Thumbnail(
            url: "https://yt3.ggpht.com/ytc/AMLnZu9VFiG7x8w-MEwcaY8XGvnLPPGgldFdDkF8ZMKWeQ=s88-c-k-c0x00ffffff-no-rj",
            width: 68,
            height: 68,
          ),
        ],
        verification: artist,
        subscriber_count: None,
      )),
      publish_date: "[date]",
      publish_date_txt: Some("16 hours ago"),
      view_count: Some(500281),
      is_live: false,
      is_short: false,
      is_upcoming: false,
      short_description: Some("Marshmello & Juice WRLD - \"Bye Bye\" is available now: \nhttps://marshmelloxjuicewrld.lnk.to/ByeBye\n \nSubscribe to the official Juice WRLD channel for new music, updates and behind the scenes..."),
    ),
    VideoItem(
      id: "hDJFsBbtqmY",
      name: "Skyrim Speedrunner VS 4 Hunters",
      duration: Some(2423),
      thumbnail: [
        Thumbnail(
          url: "https://i.ytimg.com/vi/hDJFsBbtqmY/hqdefault.jpg?sqp=-oaymwEcCOADEI4CSFXyq4qpAw4IARUAAIhCGAFwAcABBg==&rs=AOn4CLAQvSvkghcmM9z6WZCjOgDTFYvWbQ",
          width: 480,
          height: 270,
        ),
      ],
      channel: Some(ChannelTag(
        id: "UCRHXUZ0BxbkU2MYZgsuFgkQ",
        name: "The Spiffing Brit",
        avatar: [
          Thumbnail(
            url: "https://yt3.ggpht.com/ytc/AMLnZu8eaOmW_kaCowuC5z41SGt5oi7sZgyntvtVTCe8oA=s68-c-k-c0x00ffffff-no-rj",
            width: 68,
            height: 68,
          ),
        ],
        verification: verified,
        subscriber_count: None,
      )),
      publish_date: "[date]",
      publish_date_txt: Some("1 day ago"),
      view_count: Some(903312),
      is_live: false,
      is_short: false,
      is_upcoming: false,
      short_description: Some("Welcome to a brand new type of challenge! Skyrim Speedrunner Vs 4 Hunters! Ok well by brand new I really mean that I took an existingly great format cultivated by @Dream   in minecraft and..."),
    ),
    VideoItem(
      id: "Ku8TpzQA8zE",
      name: "How to Get your Car Ready for an Endurance Race (and not blow up)",
      duration: Some(1121),
      thumbnail: [
        Thumbnail(
          url: "https://i.ytimg.com/vi/Ku8TpzQA8zE/hq720.jpg?sqp=-oaymwEcCOgCEMoBSFXyq4qpAw4IARUAAIhCGAFwAcABBg==&rs=AOn4CLAFFxlmp9X6aZEXgBLGCnXxUQI_dw",
          width: 360,
          height: 202,
        ),
        Thumbnail(
          url: "https://i.ytimg.com/vi/Ku8TpzQA8zE/hq720.jpg?sqp=-oaymwEcCNAFEJQDSFXyq4qpAw4IARUAAIhCGAFwAcABBg==&rs=AOn4CLD8uBOjx_DQ8WnkhnAMoTjUkXwLZg",
          width: 720,
          height: 404,
        ),
      ],
      channel: Some(ChannelTag(
        id: "UCes1EvRjcKU4sY_UEavndBw",
        name: "ChrisFix",
        avatar: [
          Thumbnail(
            url: "https://yt3.ggpht.com/ytc/AMLnZu92GYzxEue9t34rrJuzhCFpv2xCM41sLsogcqbHHw=s68-c-k-c0x00ffffff-no-rj",
            width: 68,
            height: 68,
          ),
        ],
        verification: verified,
        subscriber_count: None,
      )),
      publish_date: "[date]",
      publish_date_txt: Some("1 day ago"),
      view_count: Some(619290),
      is_live: false,
      is_short: false,
      is_upcoming: false,
      short_description: Some("Today I show you how to install gauges, a heel plate, wheel hub studs, Lexan windows, and modify your exhaust to turn your car into an endurance race car, kind of... Hopefully all of our fixes..."),
    ),
    VideoItem(
      id: "y8qhSduN6sk",
      name: "PC Games on Console - Scott The Woz",
      duration: Some(1912),
      thumbnail: [
        Thumbnail(
          url: "https://i.ytimg.com/vi/y8qhSduN6sk/hq720.jpg?sqp=-oaymwEcCOgCEMoBSFXyq4qpAw4IARUAAIhCGAFwAcABBg==&rs=AOn4CLBP4n5yDoS9BuX98bVi9GT_V2FoBw",
          width: 360,
          height: 202,
        ),
        Thumbnail(
          url: "https://i.ytimg.com/vi/y8qhSduN6sk/hq720.jpg?sqp=-oaymwEcCNAFEJQDSFXyq4qpAw4IARUAAIhCGAFwAcABBg==&rs=AOn4CLD2HTirx_ees4kw6U_v-G7qPNozIA",
          width: 720,
          height: 404,
        ),
      ],
      channel: Some(ChannelTag(
        id: "UC4rqhyiTs7XyuODcECvuiiQ",
        name: "Scott The Woz",
        avatar: [
          Thumbnail(
            url: "https://yt3.ggpht.com/ytc/AMLnZu8rtMZfb3YC34oMhwcy7MXnllU5O0PUln_gDLUzhQ=s68-c-k-c0x00ffffff-no-rj",
            width: 68,
            height: 68,
          ),
        ],
        verification: verified,
        subscriber_count: None,
      )),
      publish_date: "[date]",
      publish_date_txt: Some("2 days ago"),
      view_count: Some(800201),
      is_live: false,
      is_short: false,
      is_upcoming: false,
      short_description: Some("Scott plays The Sims 2 Pets without a caps lock key.\n\nTwitter: https://www.twitter.com/ScottTheWoz\r\nFacebook: https://www.facebook.com/ScottTheWoz/\r\nInstagram: https://www.instagram.com/scottthewoz..."),
    ),
    VideoItem(
      id: "BeJqgI6rw9k",
      name: "your city is full of fake buildings, here\'s why",
      duration: Some(725),
      thumbnail: [
        Thumbnail(
          url: "https://i.ytimg.com/vi/BeJqgI6rw9k/hq720.jpg?sqp=-oaymwEcCOgCEMoBSFXyq4qpAw4IARUAAIhCGAFwAcABBg==&rs=AOn4CLAvkJGHa6h2vzXrG1ueGQA8JysqEg",
          width: 360,
          height: 202,
        ),
        Thumbnail(
          url: "https://i.ytimg.com/vi/BeJqgI6rw9k/hq720.jpg?sqp=-oaymwEcCNAFEJQDSFXyq4qpAw4IARUAAIhCGAFwAcABBg==&rs=AOn4CLDEJWMD2gUA572p12E7fZ1VX8qJ3A",
          width: 720,
          height: 404,
        ),
      ],
      channel: Some(ChannelTag(
        id: "UCqVEHtQoXHmUCfJ-9smpTSg",
        name: "Answer in Progress",
        avatar: [
          Thumbnail(
            url: "https://yt3.ggpht.com/b4TIQdFmoHYvQmcMt1XGH40m8-P5VdjyaZKb2C6nmkezGVk2Ln1csqe1PWg5aefEyk-NEFWhzg=s68-c-k-c0x00ffffff-no-rj",
            width: 68,
            height: 68,
          ),
        ],
        verification: verified,
        subscriber_count: None,
      )),
      publish_date: "[date]",
      publish_date_txt: Some("7 days ago"),
      view_count: Some(1447008),
      is_live: false,
      is_short: false,
      is_upcoming: false,
      short_description: Some("Save 33% on your first Native Deodorant Pack - normally $39, you’ll get it for $26! Click here https://bit.ly/nativeanswer1 and use my code ANSWER #AD\n\nSomewhere on your street there may..."),
    ),
    VideoItem(
      id: "ma28eWd1oyA",
      name: "Post Malone, Maroon 5, Adele, Taylor Swift, Ed Sheeran, Shawn Mendes, Pop Hits 2020 Part 6",
      duration: Some(29989),
      thumbnail: [
        Thumbnail(
          url: "https://i.ytimg.com/vi/ma28eWd1oyA/hqdefault.jpg?sqp=-oaymwEcCOADEI4CSFXyq4qpAw4IARUAAIhCGAFwAcABBg==&rs=AOn4CLCznoPDMo_F1NCRBWoD4Ps5IjctxQ",
          width: 480,
          height: 270,
        ),
      ],
      channel: Some(ChannelTag(
        id: "UCldQuUMYTUGrjvcU2vaPSFQ",
        name: "Music Library",
        avatar: [
          Thumbnail(
            url: "https://yt3.ggpht.com/ytc/AMLnZu-4BJEmOMTfX96bjwu9AQS02gbODk5YQpZWVi5P=s68-c-k-c0x00ffffff-no-rj",
            width: 68,
            height: 68,
          ),
        ],
        verification: none,
        subscriber_count: None,
      )),
      publish_date: "[date]",
      publish_date_txt: Some("Streamed 2 years ago"),
      view_count: Some(1861814),
      is_live: false,
      is_short: false,
      is_upcoming: false,
      short_description: Some("Post Malone, Maroon 5, Adele, Taylor Swift, Ed Sheeran, Shawn Mendes, Charlie Puth Pop Hits 2020\nPost Malone, Maroon 5, Adele, Taylor Swift, Ed Sheeran, Shawn Mendes, Charlie Puth Pop Hits..."),
    ),
    VideoItem(
      id: "mL2LBRM5GBI",
      name: "Salahs 6-Minuten-Hattrick & Firmino-Gala: Rangers - FC Liverpool 1:7 | UEFA Champions League | DAZN",
      duration: Some(355),
      thumbnail: [
        Thumbnail(
          url: "https://i.ytimg.com/vi/mL2LBRM5GBI/hq720.jpg?sqp=-oaymwEcCOgCEMoBSFXyq4qpAw4IARUAAIhCGAFwAcABBg==&rs=AOn4CLBhsDaEALJodPurmS3DywUoRRwzwg",
          width: 360,
          height: 202,
        ),
        Thumbnail(
          url: "https://i.ytimg.com/vi/mL2LBRM5GBI/hq720.jpg?sqp=-oaymwEcCNAFEJQDSFXyq4qpAw4IARUAAIhCGAFwAcABBg==&rs=AOn4CLDkvWkbocujg95phnyfNzBB9dhEYA",
          width: 720,
          height: 404,
        ),
      ],
      channel: Some(ChannelTag(
        id: "UCB-GdMjyokO9lZkKU_oIK6g",
        name: "DAZN UEFA Champions League",
        avatar: [
          Thumbnail(
            url: "https://yt3.ggpht.com/ytc/AMLnZu-D8LIEj-klO1gvUWMOA987HqMBBX9nn_WJS9Ka=s68-c-k-c0x00ffffff-no-rj",
            width: 68,
            height: 68,
          ),
        ],
        verification: verified,
        subscriber_count: None,
      )),
      publish_date: "[date]",
      publish_date_txt: Some("2 days ago"),
      view_count: Some(1471667),
      is_live: false,
      is_short: false,
      is_upcoming: false,
      short_description: Some("In der Liga läuft es für die Reds weiterhin nicht rund. Am vergangenen Spieltag gab es gegen Arsenal eine 2:3-Niederlage, am Sonntag trifft man auf Man City. Die Champions League soll für..."),
    ),
    VideoItem(
      id: "Ang18qz2IeQ",
      name: "Satisfying Videos of Workers Doing Their Job Perfectly",
      duration: Some(1186),
      thumbnail: [
        Thumbnail(
          url: "https://i.ytimg.com/vi/Ang18qz2IeQ/hq720.jpg?sqp=-oaymwEcCOgCEMoBSFXyq4qpAw4IARUAAIhCGAFwAcABBg==&rs=AOn4CLA3Cd49wYUuSEXz2MwhO2aqCMq5ZA",
          width: 360,
          height: 202,
        ),
        Thumbnail(
          url: "https://i.ytimg.com/vi/Ang18qz2IeQ/hq720.jpg?sqp=-oaymwEcCNAFEJQDSFXyq4qpAw4IARUAAIhCGAFwAcABBg==&rs=AOn4CLAWQAks0vkJyJXSiQFIs9zhc2qyTg",
          width: 720,
          height: 404,
        ),
      ],
      channel: Some(ChannelTag(
        id: "UCYenDLnIHsoqQ6smwKXQ7Hg",
        name: "#Mind Warehouse",
        avatar: [
          Thumbnail(
            url: "https://yt3.ggpht.com/ytc/AMLnZu8zB2zV3yx2fSYn5zDbv47rZCBr90wX3jW8EC6NBw=s68-c-k-c0x00ffffff-no-rj",
            width: 68,
            height: 68,
          ),
        ],
        verification: verified,
        subscriber_count: None,
      )),
      publish_date: "[date]",
      publish_date_txt: Some("2 days ago"),
      view_count: Some(173121),
      is_live: false,
      is_short: false,
      is_upcoming: false,
      short_description: Some("TechZone ► https://goo.gl/Gj3wZs   \n\n #incrediblemoments #mindwarehouse   #IncredibleMoments #CaughtOnCamera #InterestingFacts \n\nYou can endlessly watch how others work, but in this selection,..."),
    ),
    VideoItem(
      id: "fjHN4jsJnEU",
      name: "I Made 200 Players Simulate Survival Island in Minecraft...",
      duration: Some(2361),
      thumbnail: [
        Thumbnail(
          url: "https://i.ytimg.com/vi/fjHN4jsJnEU/hq720.jpg?sqp=-oaymwEcCOgCEMoBSFXyq4qpAw4IARUAAIhCGAFwAcABBg==&rs=AOn4CLDwTosIfmAhNHIzU1sSXrTKT8vjNQ",
          width: 360,
          height: 202,
        ),
        Thumbnail(
          url: "https://i.ytimg.com/vi/fjHN4jsJnEU/hq720.jpg?sqp=-oaymwEcCNAFEJQDSFXyq4qpAw4IARUAAIhCGAFwAcABBg==&rs=AOn4CLA4aFygGqUcm7-Hrkys95U0EAV9xA",
          width: 720,
          height: 404,
        ),
      ],
      channel: Some(ChannelTag(
        id: "UCqt4mmAqLmH-AwXz31URJsw",
        name: "Sword4000",
        avatar: [
          Thumbnail(
            url: "https://yt3.ggpht.com/ytc/AMLnZu_q3--WCh9Oc5o4XxAVVxxUz2narAtLR2QKuEw2lQ=s68-c-k-c0x00ffffff-no-rj",
            width: 68,
            height: 68,
          ),
        ],
        verification: verified,
        subscriber_count: None,
      )),
      publish_date: "[date]",
      publish_date_txt: Some("7 days ago"),
      view_count: Some(751909),
      is_live: false,
      is_short: false,
      is_upcoming: false,
      short_description: Some("200 Players Simulate Survival Island Civilizations in Minecraft...\n-------------------------------------------------------------------\nI invited 200 Players to a Survival Island and let them..."),
    ),
    VideoItem(
      id: "FI1XrdBJIUI",
      name: "Epic Construction Fails | Expensive Fails Compilation | FailArmy",
      duration: Some(631),
      thumbnail: [
        Thumbnail(
          url: "https://i.ytimg.com/vi/FI1XrdBJIUI/hq720.jpg?sqp=-oaymwEcCOgCEMoBSFXyq4qpAw4IARUAAIhCGAFwAcABBg==&rs=AOn4CLBe2jCnLhTsXmZQefyAe-WqImk6-g",
          width: 360,
          height: 202,
        ),
        Thumbnail(
          url: "https://i.ytimg.com/vi/FI1XrdBJIUI/hq720.jpg?sqp=-oaymwEcCNAFEJQDSFXyq4qpAw4IARUAAIhCGAFwAcABBg==&rs=AOn4CLD01TnIh1pH7TObDgKzx0GupXXVzw",
          width: 720,
          height: 404,
        ),
      ],
      channel: Some(ChannelTag(
        id: "UCPDis9pjXuqyI7RYLJ-TTSA",
        name: "FailArmy",
        avatar: [
          Thumbnail(
            url: "https://yt3.ggpht.com/PLsX6LIg5JbMJR9v7eTD7nQOPmZN16_X7h_uACw5qeWLAewiNfasZFsxQ48Dn8wZ_4McKUPZSA=s68-c-k-c0x00ffffff-no-rj",
            width: 68,
            height: 68,
          ),
        ],
        verification: verified,
        subscriber_count: None,
      )),
      publish_date: "[date]",
      publish_date_txt: Some("2 days ago"),
      view_count: Some(2226471),
      is_live: false,
      is_short: false,
      is_upcoming: false,
      short_description: Some("I don\'t think so, Tim. ►►► Submit your videos for the chance to be featured 🔗 https://www.failarmy.com/pages/submit-video ▼ Follow us for more fails! https://linktr.ee/failarmy\n#fails..."),
    ),
    VideoItem(
      id: "MXdplejK8vU",
      name: "Chilly autumn Jazz ☕ Smooth September Jazz & Bossa Nova for a great relaxing weekend",
      duration: Some(86403),
      thumbnail: [
        Thumbnail(
          url: "https://i.ytimg.com/vi/MXdplejK8vU/hq720.jpg?sqp=-oaymwEcCOgCEMoBSFXyq4qpAw4IARUAAIhCGAFwAcABBg==&rs=AOn4CLAIOe93l-1elIK0DfMLk0f3nDWgSA",
          width: 360,
          height: 202,
        ),
        Thumbnail(
          url: "https://i.ytimg.com/vi/MXdplejK8vU/hq720.jpg?sqp=-oaymwEcCNAFEJQDSFXyq4qpAw4IARUAAIhCGAFwAcABBg==&rs=AOn4CLByGLefQ3I9p2VQ5oZDmc5G_pCTlQ",
          width: 720,
          height: 404,
        ),
      ],
      channel: Some(ChannelTag(
        id: "UCeGJ6v6KQt0s88hGKMfybuw",
        name: "Cozy Jazz Music",
        avatar: [
          Thumbnail(
            url: "https://yt3.ggpht.com/tU7x6wNqEM_OIeU-jaaPcdhX3adNhnAY7WaGHsjEMfTLSzVHxm8VVBfaXRjDbf3y_LftGNJ83A=s68-c-k-c0x00ffffff-no-rj",
            width: 68,
            height: 68,
          ),
        ],
        verification: none,
        subscriber_count: None,
      )),
      publish_date: "[date]",
      publish_date_txt: Some("1 month ago"),
      view_count: Some(148743),
      is_live: false,
      is_short: false,
      is_upcoming: false,
      short_description: Some("Chilly autumn Jazz ☕ Smooth September Jazz & Bossa Nova for a great relaxing weekend\nhttps://youtu.be/MXdplejK8vU\n*******************************************\nSounds available on: Jazz Bossa..."),
    ),
    VideoItem(
      id: "Jri4_9vBFiQ",
      name: "Top 100 Best Classic Rock Songs Of All Time 🔥 R.E.M, Queen, Metallica,Guns N’ Roses,Bon Jovi, U2,CCR",
      duration: None,
      thumbnail: [
        Thumbnail(
          url: "https://i.ytimg.com/vi/Jri4_9vBFiQ/hq720_live.jpg?sqp=COjxqZoG-oaymwEcCOgCEMoBSFXyq4qpAw4IARUAAIhCGAFwAcABBg==&rs=AOn4CLA1ZqDfSLi3Mf5qvpUFSYyDIODNQw",
          width: 360,
          height: 202,
        ),
        Thumbnail(
          url: "https://i.ytimg.com/vi/Jri4_9vBFiQ/hq720_live.jpg?sqp=COjxqZoG-oaymwEcCNAFEJQDSFXyq4qpAw4IARUAAIhCGAFwAcABBg==&rs=AOn4CLDtwgV7RdHmgDlAESZqSYbuZtFrvw",
          width: 720,
          height: 404,
        ),
      ],
      channel: Some(ChannelTag(
        id: "UCiIWdzEVNH8okhlapR9a-xA",
        name: "Rock Music",
        avatar: [
          Thumbnail(
            url: "https://yt3.ggpht.com/QIEcTVdBg9A2kE3un-IfjgTPiglDGMBbh9vMSXo2J5ZRICmunnVQkfpbMWNP8Kueac09DZrn=s68-c-k-c0x00ffffff-no-rj",
            width: 68,
            height: 68,
          ),
        ],
        verification: none,
        subscriber_count: None,
      )),
      publish_date: "[date]",
      publish_date_txt: None,
      view_count: Some(192),
      is_live: true,
      is_short: false,
      is_upcoming: false,
      short_description: Some("Top 100 Best Classic Rock Songs Of All Time 🔥 R.E.M, Queen, Metallica,Guns N’ Roses,Bon Jovi, U2,CCR\nTop 100 Best Classic Rock Songs Of All Time 🔥 R.E.M, Queen, Metallica,Guns N’..."),
    ),
    VideoItem(
      id: "ll4d5Lt-Ie8",
      name: "Relaxing Music Healing Stress, Anxiety and Depressive States Heal Mind, Body and Soul | Sleep music",
      duration: Some(42896),
      thumbnail: [
        Thumbnail(
          url: "https://i.ytimg.com/vi/ll4d5Lt-Ie8/hq720.jpg?sqp=-oaymwEcCOgCEMoBSFXyq4qpAw4IARUAAIhCGAFwAcABBg==&rs=AOn4CLAqdY2bQaQ3JHl5FYoTPuZFxXRKIQ",
          width: 360,
          height: 202,
        ),
        Thumbnail(
          url: "https://i.ytimg.com/vi/ll4d5Lt-Ie8/hq720.jpg?sqp=-oaymwEcCNAFEJQDSFXyq4qpAw4IARUAAIhCGAFwAcABBg==&rs=AOn4CLA6xc8r38_2ygARU0vOR4kI6ZNz5w",
          width: 720,
          height: 404,
        ),
      ],
      channel: Some(ChannelTag(
        id: "UCNS3dqFGBPhxHmOigehpBeg",
        name: "Love YourSelf",
        avatar: [
          Thumbnail(
            url: "https://yt3.ggpht.com/fkgfEL2OtY2mhhyCV3xSOc3OsVK5ylQJmBev7XlBGE548dM6dqS2Z66YF-pdnbQOQpCuvZOlAdk=s68-c-k-c0x00ffffff-no-rj",
            width: 68,
            height: 68,
          ),
        ],
        verification: verified,
        subscriber_count: None,
      )),
      publish_date: "[date]",
      publish_date_txt: Some("Streamed 5 months ago"),
      view_count: Some(5363904),
      is_live: false,
      is_short: false,
      is_upcoming: false,
      short_description: Some("The study found that listening to relaxing music of the patient\'s choice resulted in \"significant pain relief and increased mobility.\" Researchers believe that music relieves pain because listening..."),
    ),
    VideoItem(
      id: "Dx2wbKLokuQ",
      name: "W. Putin: Die Sehnsucht nach dem Imperium | Mit offenen Karten | ARTE",
      duration: Some(729),
      thumbnail: [
        Thumbnail(
          url: "https://i.ytimg.com/vi/Dx2wbKLokuQ/hq720.jpg?sqp=-oaymwEcCOgCEMoBSFXyq4qpAw4IARUAAIhCGAFwAcABBg==&rs=AOn4CLBHQXnaEYo6frjkJ3FFuAPkAyOCKQ",
          width: 360,
          height: 202,
        ),
        Thumbnail(
          url: "https://i.ytimg.com/vi/Dx2wbKLokuQ/hq720.jpg?sqp=-oaymwEcCNAFEJQDSFXyq4qpAw4IARUAAIhCGAFwAcABBg==&rs=AOn4CLDFtWV_wy25ohVyBthH8a5HwSj6Kw",
          width: 720,
          height: 404,
        ),
      ],
      channel: Some(ChannelTag(
        id: "UCLLibJTCy3sXjHLVaDimnpQ",
        name: "ARTEde",
        avatar: [
          Thumbnail(
            url: "https://yt3.ggpht.com/ytc/AMLnZu-1i2jxeXFISJhBbpWWv5vVX2xE5yQbjpaZZP3HPg=s68-c-k-c0x00ffffff-no-rj",
            width: 68,
            height: 68,
          ),
        ],
        verification: verified,
        subscriber_count: None,
      )),
      publish_date: "[date]",
      publish_date_txt: Some("2 weeks ago"),
      view_count: Some(539838),
      is_live: false,
      is_short: false,
      is_upcoming: false,
      short_description: Some("Jede Woche untersucht „Mit offenen Karten“ die politischen Kräfteverhältnisse in der ganzen Welt anhand detaillierter geografischer Karten \n\nIm Februar 2022 rechtfertigte Wladimir Putin..."),
    ),
    VideoItem(
      id: "jfKfPfyJRdk",
      name: "lofi hip hop radio - beats to relax/study to",
      duration: None,
      thumbnail: [
        Thumbnail(
          url: "https://i.ytimg.com/vi/jfKfPfyJRdk/hq720_live.jpg?sqp=COjxqZoG-oaymwEcCOgCEMoBSFXyq4qpAw4IARUAAIhCGAFwAcABBg==&rs=AOn4CLCR-bHqcvOP14sSUsNt9PTuf3ZI4Q",
          width: 360,
          height: 202,
        ),
        Thumbnail(
          url: "https://i.ytimg.com/vi/jfKfPfyJRdk/hq720_live.jpg?sqp=COjxqZoG-oaymwEcCNAFEJQDSFXyq4qpAw4IARUAAIhCGAFwAcABBg==&rs=AOn4CLBBVEQQnwSLJFllntNgv2JAAlvSMQ",
          width: 720,
          height: 404,
        ),
      ],
      channel: Some(ChannelTag(
        id: "UCSJ4gkVC6NrvII8umztf0Ow",
        name: "Lofi Girl",
        avatar: [
          Thumbnail(
            url: "https://yt3.ggpht.com/KNYElmLFGAOSZoBmxYGKKXhGHrT2e7Hmz3WsBerbam5uaDXFADAmT7htj3OcC-uK1O88lC9fQg=s68-c-k-c0x00ffffff-no-rj",
            width: 68,
            height: 68,
          ),
        ],
        verification: verified,
        subscriber_count: None,
      )),
      publish_date: "[date]",
      publish_date_txt: None,
      view_count: Some(21262),
      is_live: true,
      is_short: false,
      is_upcoming: false,
      short_description: Some("🤗 Thank you for listening, I hope you will have a good time here\n\n💽 | Get the latest vinyl (limited edition)\n→  https://vinyl-lofirecords.com/\n\n🎼 | Listen on Spotify, Apple music..."),
    ),
    VideoItem(
      id: "qmrzTUmZ4UU",
      name: "850€ für den Verrat am System - UCS AT-AT LEGO® Star Wars 75313",
      duration: Some(2043),
      thumbnail: [
        Thumbnail(
          url: "https://i.ytimg.com/vi/qmrzTUmZ4UU/hq720.jpg?sqp=-oaymwEcCOgCEMoBSFXyq4qpAw4IARUAAIhCGAFwAcABBg==&rs=AOn4CLAsI3VS-wxnt1s_zS4M_YbVrV1pAg",
          width: 360,
          height: 202,
        ),
        Thumbnail(
          url: "https://i.ytimg.com/vi/qmrzTUmZ4UU/hq720.jpg?sqp=-oaymwEcCNAFEJQDSFXyq4qpAw4IARUAAIhCGAFwAcABBg==&rs=AOn4CLBYk7w0qGeW4kZchFr-tbydELUChQ",
          width: 720,
          height: 404,
        ),
      ],
      channel: Some(ChannelTag(
        id: "UC_EZd3lsmxudu3IQzpTzOgw",
        name: "Held der Steine Inh. Thomas Panke",
        avatar: [
          Thumbnail(
            url: "https://yt3.ggpht.com/ytc/AMLnZu8g9hFxZ2HD4P9pDsUxoAvkHwbZoTVNr3yw12i8YA=s68-c-k-c0x00ffffff-no-rj",
            width: 68,
            height: 68,
          ),
        ],
        verification: verified,
        subscriber_count: None,
      )),
      publish_date: "[date]",
      publish_date_txt: Some("6 days ago"),
      view_count: Some(600150),
      is_live: false,
      is_short: false,
      is_upcoming: false,
      short_description: Some("Star Wars - erschienen 2021 - 6749 Teile\n\nDieses Set bei Amazon*:\nhttps://amzn.to/3yu9dHX\n\nErwähnt im Video*:\nTassen https://bit.ly/HdSBausteinecke\nBig Boy https://bit.ly/BBLokBigBoy\nBurg..."),
    ),
    VideoItem(
      id: "t0Q2otsqC4I",
      name: "Tom & Jerry | Tom & Jerry in Full Screen | Classic Cartoon Compilation | WB Kids",
      duration: Some(1298),
      thumbnail: [
        Thumbnail(
          url: "https://i.ytimg.com/vi/t0Q2otsqC4I/hq720.jpg?sqp=-oaymwEcCOgCEMoBSFXyq4qpAw4IARUAAIhCGAFwAcABBg==&rs=AOn4CLCFcrz2zM6mPUmJiCsC7c7suOzSug",
          width: 360,
          height: 202,
        ),
        Thumbnail(
          url: "https://i.ytimg.com/vi/t0Q2otsqC4I/hq720.jpg?sqp=-oaymwEcCNAFEJQDSFXyq4qpAw4IARUAAIhCGAFwAcABBg==&rs=AOn4CLCVANFKKXmrdehkf7aM9issiuph5A",
          width: 720,
          height: 404,
        ),
      ],
      channel: Some(ChannelTag(
        id: "UC9trsD1jCTXXtN3xIOIU8gg",
        name: "WB Kids",
        avatar: [
          Thumbnail(
            url: "https://yt3.ggpht.com/ytc/AMLnZu80jIF6oehgpUILTaUbqSM5xYHWbPoc_Bz7wddxzg=s68-c-k-c0x00ffffff-no-rj",
            width: 68,
            height: 68,
          ),
        ],
        verification: verified,
        subscriber_count: None,
      )),
      publish_date: "[date]",
      publish_date_txt: Some("10 months ago"),
      view_count: Some(252381571),
      is_live: false,
      is_short: false,
      is_upcoming: false,
      short_description: Some("Did you know that there are only 25 classic Tom & Jerry episodes that were displayed in a widescreen CinemaScope from the 1950s? Enjoy a compilation filled with some of the best moments from..."),
    ),
    VideoItem(
      id: "zE-a5eqvlv8",
      name: "Dua Lipa, Coldplay, Martin Garrix & Kygo, The Chainsmokers Style - Feeling Me",
      duration: None,
      thumbnail: [
        Thumbnail(
          url: "https://i.ytimg.com/vi/zE-a5eqvlv8/hq720_live.jpg?sqp=COjxqZoG-oaymwEcCOgCEMoBSFXyq4qpAw4IARUAAIhCGAFwAcABBg==&rs=AOn4CLCDyvujcpz62sEsL9Ke4ADBpXWqOA",
          width: 360,
          height: 202,
        ),
        Thumbnail(
          url: "https://i.ytimg.com/vi/zE-a5eqvlv8/hq720_live.jpg?sqp=COjxqZoG-oaymwEcCNAFEJQDSFXyq4qpAw4IARUAAIhCGAFwAcABBg==&rs=AOn4CLCyJ-QdgAD1F-DqcLKivIcalBJOEg",
          width: 720,
          height: 404,
        ),
      ],
      channel: Some(ChannelTag(
        id: "UCX-USfenzQlhrEJR1zD5IYw",
        name: "Deep Mood.",
        avatar: [
          Thumbnail(
            url: "https://yt3.ggpht.com/8WO05hff9bGjmlyPFo_PJRMIfHEoUvN_KbTcWRVX2yqeUO3fLgkz0K4MA6W95s3_NKdNUAwjow=s68-c-k-c0x00ffffff-no-rj",
            width: 68,
            height: 68,
          ),
        ],
        verification: none,
        subscriber_count: None,
      )),
      publish_date: "[date]",
      publish_date_txt: None,
      view_count: Some(955),
      is_live: true,
      is_short: false,
      is_upcoming: false,
      short_description: Some("#Summermix #DeepHouse #DeepHouseSummerMix\nDua Lipa, Coldplay, Martin Garrix & Kygo, The Chainsmokers Style - Feeling Me\n\n🎵 All songs in this spotify playlist: https://spoti.fi/2TJ4Dyj\nSubmit..."),
    ),
    VideoItem(
      id: "HxCcKzRAGWk",
      name: "(Music for Man ) Relaxing Whiskey Blues Music - Modern Electric Guitar Blues - JAZZ & BLUES",
      duration: Some(42899),
      thumbnail: [
        Thumbnail(
          url: "https://i.ytimg.com/vi/HxCcKzRAGWk/hq720.jpg?sqp=-oaymwEcCOgCEMoBSFXyq4qpAw4IARUAAIhCGAFwAcABBg==&rs=AOn4CLD5CNX5XaQAKrLpPq0nxmyUjP5yUw",
          width: 360,
          height: 202,
        ),
        Thumbnail(
          url: "https://i.ytimg.com/vi/HxCcKzRAGWk/hq720.jpg?sqp=-oaymwEcCNAFEJQDSFXyq4qpAw4IARUAAIhCGAFwAcABBg==&rs=AOn4CLANuDaGE9jI_-go6cS_nU3qCu6LRg",
          width: 720,
          height: 404,
        ),
      ],
      channel: Some(ChannelTag(
        id: "UCGr-rTYtP1m-r_-ncspdVQQ",
        name: "JAZZ & BLUES",
        avatar: [
          Thumbnail(
            url: "https://yt3.ggpht.com/zqAxVISjt1hyzRzZKxRTvJfgEc5k2Luf-aEE55ohjUvt0QvqIRvmFBNC6UKj2TxlZrzGo8QMNA=s68-c-k-c0x00ffffff-no-rj",
            width: 68,
            height: 68,
          ),
        ],
        verification: none,
        subscriber_count: None,
      )),
      publish_date: "[date]",
      publish_date_txt: Some("Streamed 3 months ago"),
      view_count: Some(3156236),
      is_live: false,
      is_short: false,
      is_upcoming: false,
      short_description: Some("-----------------------------------------------------------------------------------\n✔Thanks for watching! Have a nice day!\n✔Don\'t forget LIKE - SHARE - COMMENT\n#bluesmusic#slowblues#bluesrock..."),
    ),
    VideoItem(
      id: "HlHYOdZePSE",
      name: "Healing Music for Anxiety Disorders, Fears, Depression and Eliminate Negative Thoughts",
      duration: None,
      thumbnail: [
        Thumbnail(
          url: "https://i.ytimg.com/vi/HlHYOdZePSE/hq720_live.jpg?sqp=COjxqZoG-oaymwEcCOgCEMoBSFXyq4qpAw4IARUAAIhCGAFwAcABBg==&rs=AOn4CLBeqmmnli6rVdK1k7vcHlwE3kiNaw",
          width: 360,
          height: 202,
        ),
        Thumbnail(
          url: "https://i.ytimg.com/vi/HlHYOdZePSE/hq720_live.jpg?sqp=COjxqZoG-oaymwEcCNAFEJQDSFXyq4qpAw4IARUAAIhCGAFwAcABBg==&rs=AOn4CLAk9H5lapp7KBhJCER7uRCr0fDRgg",
          width: 720,
          height: 404,
        ),
      ],
      channel: Some(ChannelTag(
        id: "UCqNYK5QArQRZSIR8v6_FCfA",
        name: "Tranquil Music",
        avatar: [
          Thumbnail(
            url: "https://yt3.ggpht.com/YJUUVEayRZKNtFzWEiYgvxp9XOBw9-ioxiYErE0cNDTYNvkxHBCiuUXse4-a_yaYfSS-GfT-MQ=s68-c-k-c0x00ffffff-no-rj",
            width: 68,
            height: 68,
          ),
        ],
        verification: none,
        subscriber_count: None,
      )),
      publish_date: "[date]",
      publish_date_txt: None,
      view_count: Some(1585),
      is_live: true,
      is_short: false,
      is_upcoming: false,
      short_description: Some("Healing Music for Anxiety Disorders, Fears, Depression and Eliminate Negative Thoughts\n#HealingMusic #RelaxingMusic #TranquilMusic\n__________________________________\nMusic for:\nChakra healing...."),
    ),
    VideoItem(
      id: "CJ2AH3LJeic",
      name: "Coldplay Greatest Hits Full Album 2022   New Songs of Coldplay 2022",
      duration: Some(7781),
      thumbnail: [
        Thumbnail(
          url: "https://i.ytimg.com/vi/CJ2AH3LJeic/hq720.jpg?sqp=-oaymwEcCOgCEMoBSFXyq4qpAw4IARUAAIhCGAFwAcABBg==&rs=AOn4CLC3A9sBlWQZmFUI9BYe5KzvATqiqw",
          width: 360,
          height: 202,
        ),
        Thumbnail(
          url: "https://i.ytimg.com/vi/CJ2AH3LJeic/hq720.jpg?sqp=-oaymwEcCNAFEJQDSFXyq4qpAw4IARUAAIhCGAFwAcABBg==&rs=AOn4CLBaKSeSRdcDjEqQxrAfPaQmDJecvg",
          width: 720,
          height: 404,
        ),
      ],
      channel: Some(ChannelTag(
        id: "UCdK2lzwelugXGhR9SCWuEew",
        name: "PLAY MUSIC",
        avatar: [
          Thumbnail(
            url: "https://yt3.ggpht.com/ytc/AMLnZu8fIT4MTyobgM_deRkvcWBMIhKpAeIGfgqqob5p=s68-c-k-c0x00ffffff-no-rj",
            width: 68,
            height: 68,
          ),
        ],
        verification: none,
        subscriber_count: None,
      )),
      publish_date: "[date]",
      publish_date_txt: Some("7 months ago"),
      view_count: Some(5595965),
      is_live: false,
      is_short: false,
      is_upcoming: false,
      short_description: Some("▬▬▬▬▬▬▬▬▬▬▬▬▬▬▬▬▬▬▬▬▬▬▬▬▬▬▬\nSubscribe channel for more videos:\n🔔Subscribe: https://bit.ly/2UbIZFv\n⚡Facebook: https://bitly.com.vn/gXDsC..."),
    ),
    VideoItem(
      id: "KJwzKxQ81iA",
      name: "Handmade Candy Making Collection / 수제 사탕 만들기 모음 / Korean Candy Store",
      duration: Some(3152),
      thumbnail: [
        Thumbnail(
          url: "https://i.ytimg.com/vi/KJwzKxQ81iA/hq720.jpg?sqp=-oaymwEcCOgCEMoBSFXyq4qpAw4IARUAAIhCGAFwAcABBg==&rs=AOn4CLCtm3YNbp3mK6RjsACZuz7fs-TUYA",
          width: 360,
          height: 202,
        ),
        Thumbnail(
          url: "https://i.ytimg.com/vi/KJwzKxQ81iA/hq720.jpg?sqp=-oaymwEcCNAFEJQDSFXyq4qpAw4IARUAAIhCGAFwAcABBg==&rs=AOn4CLAVzCHCFbAyBRebsCKcSDxaWq0x6A",
          width: 720,
          height: 404,
        ),
      ],
      channel: Some(ChannelTag(
        id: "UCdGwDjTgbSwQDZ8dYOdrplg",
        name: "Soon Films 순필름",
        avatar: [
          Thumbnail(
            url: "https://yt3.ggpht.com/ytc/AMLnZu_eXMJm3sINr84rGTr3aiXD-OZ43aqx4yuNq9wjXw=s68-c-k-c0x00ffffff-no-rj",
            width: 68,
            height: 68,
          ),
        ],
        verification: none,
        subscriber_count: None,
      )),
      publish_date: "[date]",
      publish_date_txt: Some("1 month ago"),
      view_count: Some(3127238),
      is_live: false,
      is_short: false,
      is_upcoming: false,
      short_description: Some("00:00 Handmade Candy Making\n13:43 Delicate Handmade Candy Making\n28:33 Rainbow Lollipop Handmade Candy Making\n39:10 Cute Handmade Candy Making"),
    ),
  ],
  ctoken: Some("4qmFsgKbAxIPRkV3aGF0X3RvX3dhdGNoGuoCQ0JoNmlBSk5aMjlKYjB0NmVtOWlTR3hxVFRSdlYyMHdTMkYzYjFwbFdGSm1ZMGRHYmxwV09YcGliVVozWXpKb2RtUkdPWGxhVjJSd1lqSTFhR0pDU1daWFZFSXhUbFpuZDFSV09YSldNRlp0WkRCT1JWTlZPV3BsU0U1WFZHNWtiRXhWY0ZSa1ZrSlRXbmh2ZEVGQlFteGlaMEZDVmxaTlFVRlZVa1pCUVVWQlVtdFdNMkZIUmpCWU0xSjJXRE5rYUdSSFRtOUJRVVZCUVZGRlFVRkJSVUZCVVVGQlFWRkZRVmxyUlVsQlFrbFVZMGRHYmxwV09YcGliVVozWXpKb2RtUkdPVEJpTW5Sc1ltaHZWRU5MVDNJeFpuSjROR1p2UTBaU1YwSm1RVzlrVkZWSlN6RnBTVlJEUzA5eU1XWnllRFJtYjBOR1VsZENaa0Z2WkZSVlNVc3hkbkZqZURjd1NrRm5aMW8lM0SaAhpicm93c2UtZmVlZEZFd2hhdF90b193YXRjaA%3D%3D"),
  visitor_data: Some("CgtjTXNGWnhNcjdORSiq8qmaBg%3D%3D"),
  endpoint: browse,
)
