---
source: src/client/channel.rs
expression: map_res.c
---
Channel(
  id: "UCh8gHdtzO2tXd593_bjErWg",
  name: "Doobydobap",
  subscriber_count: Some(2930000),
  avatar: [
    Thumbnail(
      url: "https://yt3.ggpht.com/dm5Aq93xvVJz0NoVO88ieBkDXmuShCujGPlZ7qETMEPTrXvPUCFI3-BB6Xs_P-r6Uk3mnBy9zA=s48-c-k-c0x00ffffff-no-rj",
      width: 48,
      height: 48,
    ),
    Thumbnail(
      url: "https://yt3.ggpht.com/dm5Aq93xvVJz0NoVO88ieBkDXmuShCujGPlZ7qETMEPTrXvPUCFI3-BB6Xs_P-r6Uk3mnBy9zA=s88-c-k-c0x00ffffff-no-rj",
      width: 88,
      height: 88,
    ),
    Thumbnail(
      url: "https://yt3.ggpht.com/dm5Aq93xvVJz0NoVO88ieBkDXmuShCujGPlZ7qETMEPTrXvPUCFI3-BB6Xs_P-r6Uk3mnBy9zA=s176-c-k-c0x00ffffff-no-rj",
      width: 176,
      height: 176,
    ),
  ],
  description: "Hi, I’m Tina, aka Doobydobap!\n\nFood is the medium I use to tell stories and connect with people who share the same passion as I do. Whether it’s because you’re hungry at midnight or trying to learn how to cook, I hope you enjoy watching my content and recipes. Don\'t yuck my yum!\n\nwww.doobydobap.com\n",
  tags: [],
  vanity_url: Some("https://www.youtube.com/c/Doobydobap"),
  banner: [
    Thumbnail(
      url: "https://yt3.ggpht.com/BvnAqgiursrXpmS9AgDLtkOSTQfOG_Dqn0KzY5hcwO9XrHTEQTVgaflI913f9KRp7d0U2qBp=w1060-fcrop64=1,00005a57ffffa5a8-k-c0xffffffff-no-nd-rj",
      width: 1060,
      height: 175,
    ),
    Thumbnail(
      url: "https://yt3.ggpht.com/BvnAqgiursrXpmS9AgDLtkOSTQfOG_Dqn0KzY5hcwO9XrHTEQTVgaflI913f9KRp7d0U2qBp=w1138-fcrop64=1,00005a57ffffa5a8-k-c0xffffffff-no-nd-rj",
      width: 1138,
      height: 188,
    ),
    Thumbnail(
      url: "https://yt3.ggpht.com/BvnAqgiursrXpmS9AgDLtkOSTQfOG_Dqn0KzY5hcwO9XrHTEQTVgaflI913f9KRp7d0U2qBp=w1707-fcrop64=1,00005a57ffffa5a8-k-c0xffffffff-no-nd-rj",
      width: 1707,
      height: 283,
    ),
    Thumbnail(
      url: "https://yt3.ggpht.com/BvnAqgiursrXpmS9AgDLtkOSTQfOG_Dqn0KzY5hcwO9XrHTEQTVgaflI913f9KRp7d0U2qBp=w2120-fcrop64=1,00005a57ffffa5a8-k-c0xffffffff-no-nd-rj",
      width: 2120,
      height: 351,
    ),
    Thumbnail(
      url: "https://yt3.ggpht.com/BvnAqgiursrXpmS9AgDLtkOSTQfOG_Dqn0KzY5hcwO9XrHTEQTVgaflI913f9KRp7d0U2qBp=w2276-fcrop64=1,00005a57ffffa5a8-k-c0xffffffff-no-nd-rj",
      width: 2276,
      height: 377,
    ),
    Thumbnail(
      url: "https://yt3.ggpht.com/BvnAqgiursrXpmS9AgDLtkOSTQfOG_Dqn0KzY5hcwO9XrHTEQTVgaflI913f9KRp7d0U2qBp=w2560-fcrop64=1,00005a57ffffa5a8-k-c0xffffffff-no-nd-rj",
      width: 2560,
      height: 424,
    ),
  ],
  mobile_banner: [
    Thumbnail(
      url: "https://yt3.ggpht.com/BvnAqgiursrXpmS9AgDLtkOSTQfOG_Dqn0KzY5hcwO9XrHTEQTVgaflI913f9KRp7d0U2qBp=w320-fcrop64=1,32b75a57cd48a5a8-k-c0xffffffff-no-nd-rj",
      width: 320,
      height: 88,
    ),
    Thumbnail(
      url: "https://yt3.ggpht.com/BvnAqgiursrXpmS9AgDLtkOSTQfOG_Dqn0KzY5hcwO9XrHTEQTVgaflI913f9KRp7d0U2qBp=w640-fcrop64=1,32b75a57cd48a5a8-k-c0xffffffff-no-nd-rj",
      width: 640,
      height: 175,
    ),
    Thumbnail(
      url: "https://yt3.ggpht.com/BvnAqgiursrXpmS9AgDLtkOSTQfOG_Dqn0KzY5hcwO9XrHTEQTVgaflI913f9KRp7d0U2qBp=w960-fcrop64=1,32b75a57cd48a5a8-k-c0xffffffff-no-nd-rj",
      width: 960,
      height: 263,
    ),
    Thumbnail(
      url: "https://yt3.ggpht.com/BvnAqgiursrXpmS9AgDLtkOSTQfOG_Dqn0KzY5hcwO9XrHTEQTVgaflI913f9KRp7d0U2qBp=w1280-fcrop64=1,32b75a57cd48a5a8-k-c0xffffffff-no-nd-rj",
      width: 1280,
      height: 351,
    ),
    Thumbnail(
      url: "https://yt3.ggpht.com/BvnAqgiursrXpmS9AgDLtkOSTQfOG_Dqn0KzY5hcwO9XrHTEQTVgaflI913f9KRp7d0U2qBp=w1440-fcrop64=1,32b75a57cd48a5a8-k-c0xffffffff-no-nd-rj",
      width: 1440,
      height: 395,
    ),
  ],
  tv_banner: [
    Thumbnail(
      url: "https://yt3.ggpht.com/BvnAqgiursrXpmS9AgDLtkOSTQfOG_Dqn0KzY5hcwO9XrHTEQTVgaflI913f9KRp7d0U2qBp=w320-fcrop64=1,00000000ffffffff-k-c0xffffffff-no-nd-rj",
      width: 320,
      height: 180,
    ),
    Thumbnail(
      url: "https://yt3.ggpht.com/BvnAqgiursrXpmS9AgDLtkOSTQfOG_Dqn0KzY5hcwO9XrHTEQTVgaflI913f9KRp7d0U2qBp=w854-fcrop64=1,00000000ffffffff-k-c0xffffffff-no-nd-rj",
      width: 854,
      height: 480,
    ),
    Thumbnail(
      url: "https://yt3.ggpht.com/BvnAqgiursrXpmS9AgDLtkOSTQfOG_Dqn0KzY5hcwO9XrHTEQTVgaflI913f9KRp7d0U2qBp=w1280-fcrop64=1,00000000ffffffff-k-c0xffffffff-no-nd-rj",
      width: 1280,
      height: 720,
    ),
    Thumbnail(
      url: "https://yt3.ggpht.com/BvnAqgiursrXpmS9AgDLtkOSTQfOG_Dqn0KzY5hcwO9XrHTEQTVgaflI913f9KRp7d0U2qBp=w1920-fcrop64=1,00000000ffffffff-k-c0xffffffff-no-nd-rj",
      width: 1920,
      height: 1080,
    ),
    Thumbnail(
      url: "https://yt3.ggpht.com/BvnAqgiursrXpmS9AgDLtkOSTQfOG_Dqn0KzY5hcwO9XrHTEQTVgaflI913f9KRp7d0U2qBp=w2120-fcrop64=1,00000000ffffffff-k-c0xffffffff-no-nd-rj",
      width: 2120,
      height: 1192,
    ),
  ],
  content: Paginator(
    count: None,
    items: [
      ChannelVideo(
        id: "EIcmfSzeaKk",
        title: "our new normal",
        length: Some(1106),
        thumbnail: [
          Thumbnail(
            url: "https://i.ytimg.com/vi/EIcmfSzeaKk/hqdefault.jpg?sqp=-oaymwEbCKgBEF5IVfKriqkDDggBFQAAiEIYAXABwAEG&rs=AOn4CLAsYqYyFrXWHOkwiw0oqls2tGrKQg",
            width: 168,
            height: 94,
          ),
          Thumbnail(
            url: "https://i.ytimg.com/vi/EIcmfSzeaKk/hqdefault.jpg?sqp=-oaymwEbCMQBEG5IVfKriqkDDggBFQAAiEIYAXABwAEG&rs=AOn4CLAD0s0T0nOyhRVG8-yyq_z1xSzDjw",
            width: 196,
            height: 110,
          ),
          Thumbnail(
            url: "https://i.ytimg.com/vi/EIcmfSzeaKk/hqdefault.jpg?sqp=-oaymwEcCPYBEIoBSFXyq4qpAw4IARUAAIhCGAFwAcABBg==&rs=AOn4CLB2r9I9ILqvAERFU1nc_KPMHutmdw",
            width: 246,
            height: 138,
          ),
          Thumbnail(
            url: "https://i.ytimg.com/vi/EIcmfSzeaKk/hqdefault.jpg?sqp=-oaymwEcCNACELwBSFXyq4qpAw4IARUAAIhCGAFwAcABBg==&rs=AOn4CLDU4SrOhXyyn8DjKSXm3fAATQ_1qA",
            width: 336,
            height: 188,
          ),
        ],
        publish_date: "[date]",
        publish_date_txt: Some("9 hours ago"),
        view_count: 142423,
        is_live: false,
        is_short: false,
        is_upcoming: false,
      ),
      ChannelVideo(
        id: "9NuhKCv3crg",
        title: "the end.",
        length: Some(982),
        thumbnail: [
          Thumbnail(
            url: "https://i.ytimg.com/vi/9NuhKCv3crg/hqdefault.jpg?sqp=-oaymwEbCKgBEF5IVfKriqkDDggBFQAAiEIYAXABwAEG&rs=AOn4CLDB0KHjIok8E-gjwidP56UeDJy7Bg",
            width: 168,
            height: 94,
          ),
          Thumbnail(
            url: "https://i.ytimg.com/vi/9NuhKCv3crg/hqdefault.jpg?sqp=-oaymwEbCMQBEG5IVfKriqkDDggBFQAAiEIYAXABwAEG&rs=AOn4CLAzlhFug58tIYftCdjz96t8Zvfliw",
            width: 196,
            height: 110,
          ),
          Thumbnail(
            url: "https://i.ytimg.com/vi/9NuhKCv3crg/hqdefault.jpg?sqp=-oaymwEcCPYBEIoBSFXyq4qpAw4IARUAAIhCGAFwAcABBg==&rs=AOn4CLD-RnBUtzrz-Lb7XHWFHWoJkNOaqQ",
            width: 246,
            height: 138,
          ),
          Thumbnail(
            url: "https://i.ytimg.com/vi/9NuhKCv3crg/hqdefault.jpg?sqp=-oaymwEcCNACELwBSFXyq4qpAw4IARUAAIhCGAFwAcABBg==&rs=AOn4CLAR522cCZLcGMc6Uc03P13MQH927w",
            width: 336,
            height: 188,
          ),
        ],
        publish_date: "[date]",
        publish_date_txt: Some("7 days ago"),
        view_count: 989763,
        is_live: false,
        is_short: false,
        is_upcoming: false,
      ),
      ChannelVideo(
        id: "38Gd6TdmNVs",
        title: "KOREAN BARBECUE l doob gourmand ep.3",
        length: Some(525),
        thumbnail: [
          Thumbnail(
            url: "https://i.ytimg.com/vi/38Gd6TdmNVs/hqdefault.jpg?sqp=-oaymwEbCKgBEF5IVfKriqkDDggBFQAAiEIYAXABwAEG&rs=AOn4CLBRo5niO28TGS9JNluTU9wCLCGBQA",
            width: 168,
            height: 94,
          ),
          Thumbnail(
            url: "https://i.ytimg.com/vi/38Gd6TdmNVs/hqdefault.jpg?sqp=-oaymwEbCMQBEG5IVfKriqkDDggBFQAAiEIYAXABwAEG&rs=AOn4CLB-TMhYKdE1datiKTGyP8Vi0bsU4g",
            width: 196,
            height: 110,
          ),
          Thumbnail(
            url: "https://i.ytimg.com/vi/38Gd6TdmNVs/hqdefault.jpg?sqp=-oaymwEcCPYBEIoBSFXyq4qpAw4IARUAAIhCGAFwAcABBg==&rs=AOn4CLDfN3a-KbunhhpG6tr9qMjXRZSEWA",
            width: 246,
            height: 138,
          ),
          Thumbnail(
            url: "https://i.ytimg.com/vi/38Gd6TdmNVs/hqdefault.jpg?sqp=-oaymwEcCNACELwBSFXyq4qpAw4IARUAAIhCGAFwAcABBg==&rs=AOn4CLC_zwxWLLxlkZeXrIqX6mUSB9LErw",
            width: 336,
            height: 188,
          ),
        ],
        publish_date: "[date]",
        publish_date_txt: Some("2 weeks ago"),
        view_count: 355470,
        is_live: false,
        is_short: false,
        is_upcoming: false,
      ),
      ChannelVideo(
        id: "l9TiwunjzgA",
        title: "long distance",
        length: Some(1043),
        thumbnail: [
          Thumbnail(
            url: "https://i.ytimg.com/vi/l9TiwunjzgA/hqdefault.jpg?sqp=-oaymwEbCKgBEF5IVfKriqkDDggBFQAAiEIYAXABwAEG&rs=AOn4CLDjM6SZ7ScyfFRr13QdVmIvWEWWrQ",
            width: 168,
            height: 94,
          ),
          Thumbnail(
            url: "https://i.ytimg.com/vi/l9TiwunjzgA/hqdefault.jpg?sqp=-oaymwEbCMQBEG5IVfKriqkDDggBFQAAiEIYAXABwAEG&rs=AOn4CLDmjuvrAkYrdvhuU-Nl8jzx4so9oA",
            width: 196,
            height: 110,
          ),
          Thumbnail(
            url: "https://i.ytimg.com/vi/l9TiwunjzgA/hqdefault.jpg?sqp=-oaymwEcCPYBEIoBSFXyq4qpAw4IARUAAIhCGAFwAcABBg==&rs=AOn4CLBJ5ZEDrtK_1oM20uRPmzPjDpUhrQ",
            width: 246,
            height: 138,
          ),
          Thumbnail(
            url: "https://i.ytimg.com/vi/l9TiwunjzgA/hqdefault.jpg?sqp=-oaymwEcCNACELwBSFXyq4qpAw4IARUAAIhCGAFwAcABBg==&rs=AOn4CLCb6F-jiGZ5aYaq7HBh2if85d_t0A",
            width: 336,
            height: 188,
          ),
        ],
        publish_date: "[date]",
        publish_date_txt: Some("3 weeks ago"),
        view_count: 697188,
        is_live: false,
        is_short: false,
        is_upcoming: false,
      ),
      ChannelVideo(
        id: "pRVSdUxdsVw",
        title: "Repairing...",
        length: Some(965),
        thumbnail: [
          Thumbnail(
            url: "https://i.ytimg.com/vi/pRVSdUxdsVw/hqdefault.jpg?sqp=-oaymwEbCKgBEF5IVfKriqkDDggBFQAAiEIYAXABwAEG&rs=AOn4CLAQWneuYcJcccgooBfa3WI4LdYF3w",
            width: 168,
            height: 94,
          ),
          Thumbnail(
            url: "https://i.ytimg.com/vi/pRVSdUxdsVw/hqdefault.jpg?sqp=-oaymwEbCMQBEG5IVfKriqkDDggBFQAAiEIYAXABwAEG&rs=AOn4CLAO8o5qPYTUPF4yyBLSpYBeE6lMSA",
            width: 196,
            height: 110,
          ),
          Thumbnail(
            url: "https://i.ytimg.com/vi/pRVSdUxdsVw/hqdefault.jpg?sqp=-oaymwEcCPYBEIoBSFXyq4qpAw4IARUAAIhCGAFwAcABBg==&rs=AOn4CLClJOy_nxUK-ACJUduXzk-khvwmpQ",
            width: 246,
            height: 138,
          ),
          Thumbnail(
            url: "https://i.ytimg.com/vi/pRVSdUxdsVw/hqdefault.jpg?sqp=-oaymwEcCNACELwBSFXyq4qpAw4IARUAAIhCGAFwAcABBg==&rs=AOn4CLB6k0Egq5r3hNjamUiia-lh-n2EEA",
            width: 336,
            height: 188,
          ),
        ],
        publish_date: "[date]",
        publish_date_txt: Some("4 weeks ago"),
        view_count: 529586,
        is_live: false,
        is_short: false,
        is_upcoming: false,
      ),
      ChannelVideo(
        id: "2FJVhdOO0F0",
        title: "a health scare",
        length: Some(1238),
        thumbnail: [
          Thumbnail(
            url: "https://i.ytimg.com/vi/2FJVhdOO0F0/hqdefault.jpg?sqp=-oaymwEbCKgBEF5IVfKriqkDDggBFQAAiEIYAXABwAEG&rs=AOn4CLA5ambaz-euRsB9VG5ANaYFUUSEbg",
            width: 168,
            height: 94,
          ),
          Thumbnail(
            url: "https://i.ytimg.com/vi/2FJVhdOO0F0/hqdefault.jpg?sqp=-oaymwEbCMQBEG5IVfKriqkDDggBFQAAiEIYAXABwAEG&rs=AOn4CLBAbpE1_Iiqdmwbm_IbUFPxkyjmhg",
            width: 196,
            height: 110,
          ),
          Thumbnail(
            url: "https://i.ytimg.com/vi/2FJVhdOO0F0/hqdefault.jpg?sqp=-oaymwEcCPYBEIoBSFXyq4qpAw4IARUAAIhCGAFwAcABBg==&rs=AOn4CLCLrwdM2QBdnaFPEpsmMVaAQq3vug",
            width: 246,
            height: 138,
          ),
          Thumbnail(
            url: "https://i.ytimg.com/vi/2FJVhdOO0F0/hqdefault.jpg?sqp=-oaymwEcCNACELwBSFXyq4qpAw4IARUAAIhCGAFwAcABBg==&rs=AOn4CLAccJCJ5-5TLOBSooo4jeojbbfn9A",
            width: 336,
            height: 188,
          ),
        ],
        publish_date: "[date]",
        publish_date_txt: Some("1 month ago"),
        view_count: 1066729,
        is_live: false,
        is_short: false,
        is_upcoming: false,
      ),
      ChannelVideo(
        id: "CutR_1SDDzY",
        title: "feels good to be back",
        length: Some(1159),
        thumbnail: [
          Thumbnail(
            url: "https://i.ytimg.com/vi/CutR_1SDDzY/hqdefault.jpg?sqp=-oaymwEbCKgBEF5IVfKriqkDDggBFQAAiEIYAXABwAEG&rs=AOn4CLAt413Uk4xhHjYwpLI5-DXuOsFouA",
            width: 168,
            height: 94,
          ),
          Thumbnail(
            url: "https://i.ytimg.com/vi/CutR_1SDDzY/hqdefault.jpg?sqp=-oaymwEbCMQBEG5IVfKriqkDDggBFQAAiEIYAXABwAEG&rs=AOn4CLDd-m1YaVdVXcUh98FRzstRUn03Pw",
            width: 196,
            height: 110,
          ),
          Thumbnail(
            url: "https://i.ytimg.com/vi/CutR_1SDDzY/hqdefault.jpg?sqp=-oaymwEcCPYBEIoBSFXyq4qpAw4IARUAAIhCGAFwAcABBg==&rs=AOn4CLBHgcMGTg11_LzuQOHo4oAUBtsfKg",
            width: 246,
            height: 138,
          ),
          Thumbnail(
            url: "https://i.ytimg.com/vi/CutR_1SDDzY/hqdefault.jpg?sqp=-oaymwEcCNACELwBSFXyq4qpAw4IARUAAIhCGAFwAcABBg==&rs=AOn4CLDZtPA-3fS7BwVhuIHDbusLbw0Dqg",
            width: 336,
            height: 188,
          ),
        ],
        publish_date: "[date]",
        publish_date_txt: Some("1 month ago"),
        view_count: 525663,
        is_live: false,
        is_short: false,
        is_upcoming: false,
      ),
      ChannelVideo(
        id: "KUz7oArksR4",
        title: "running away",
        length: Some(1023),
        thumbnail: [
          Thumbnail(
            url: "https://i.ytimg.com/vi/KUz7oArksR4/hqdefault.jpg?sqp=-oaymwEbCKgBEF5IVfKriqkDDggBFQAAiEIYAXABwAEG&rs=AOn4CLD1NwuIgJuJy2oPAiHqMre6rbcuPA",
            width: 168,
            height: 94,
          ),
          Thumbnail(
            url: "https://i.ytimg.com/vi/KUz7oArksR4/hqdefault.jpg?sqp=-oaymwEbCMQBEG5IVfKriqkDDggBFQAAiEIYAXABwAEG&rs=AOn4CLBW8VcMIUoAKbd8tNzfO1KmmZp9eA",
            width: 196,
            height: 110,
          ),
          Thumbnail(
            url: "https://i.ytimg.com/vi/KUz7oArksR4/hqdefault.jpg?sqp=-oaymwEcCPYBEIoBSFXyq4qpAw4IARUAAIhCGAFwAcABBg==&rs=AOn4CLDr9DmdJzOC9_PIqkx2GO7xol_2vA",
            width: 246,
            height: 138,
          ),
          Thumbnail(
            url: "https://i.ytimg.com/vi/KUz7oArksR4/hqdefault.jpg?sqp=-oaymwEcCNACELwBSFXyq4qpAw4IARUAAIhCGAFwAcABBg==&rs=AOn4CLABH3-3faYHCYhoZUFbOey9w3HD2w",
            width: 336,
            height: 188,
          ),
        ],
        publish_date: "[date]",
        publish_date_txt: Some("2 months ago"),
        view_count: 717806,
        is_live: false,
        is_short: false,
        is_upcoming: false,
      ),
      ChannelVideo(
        id: "sPb2gyN-hnE",
        title: "worth fighting for",
        length: Some(1232),
        thumbnail: [
          Thumbnail(
            url: "https://i.ytimg.com/vi/sPb2gyN-hnE/hqdefault.jpg?sqp=-oaymwEbCKgBEF5IVfKriqkDDggBFQAAiEIYAXABwAEG&rs=AOn4CLBidXnS47SJMkvOlqt2DgzHxr6wKQ",
            width: 168,
            height: 94,
          ),
          Thumbnail(
            url: "https://i.ytimg.com/vi/sPb2gyN-hnE/hqdefault.jpg?sqp=-oaymwEbCMQBEG5IVfKriqkDDggBFQAAiEIYAXABwAEG&rs=AOn4CLCOxYF8A5DQVdZHh5O1vAdK-1qH1g",
            width: 196,
            height: 110,
          ),
          Thumbnail(
            url: "https://i.ytimg.com/vi/sPb2gyN-hnE/hqdefault.jpg?sqp=-oaymwEcCPYBEIoBSFXyq4qpAw4IARUAAIhCGAFwAcABBg==&rs=AOn4CLBhQ9ZJs0bgGqdGb8t26tbjtmIKWA",
            width: 246,
            height: 138,
          ),
          Thumbnail(
            url: "https://i.ytimg.com/vi/sPb2gyN-hnE/hqdefault.jpg?sqp=-oaymwEcCNACELwBSFXyq4qpAw4IARUAAIhCGAFwAcABBg==&rs=AOn4CLB35l1byuqA4pkl2SzE8Cr0vmPVGg",
            width: 336,
            height: 188,
          ),
        ],
        publish_date: "[date]",
        publish_date_txt: Some("2 months ago"),
        view_count: 624673,
        is_live: false,
        is_short: false,
        is_upcoming: false,
      ),
      ChannelVideo(
        id: "PXsK9-CFoH4",
        title: "waiting...",
        length: Some(1455),
        thumbnail: [
          Thumbnail(
            url: "https://i.ytimg.com/vi/PXsK9-CFoH4/hqdefault.jpg?sqp=-oaymwEbCKgBEF5IVfKriqkDDggBFQAAiEIYAXABwAEG&rs=AOn4CLBJ-57qZ-dOIsdFy5H8WT9UsS2W9w",
            width: 168,
            height: 94,
          ),
          Thumbnail(
            url: "https://i.ytimg.com/vi/PXsK9-CFoH4/hqdefault.jpg?sqp=-oaymwEbCMQBEG5IVfKriqkDDggBFQAAiEIYAXABwAEG&rs=AOn4CLCC9Na5MRZbNSdrnaRMTzFikavUQA",
            width: 196,
            height: 110,
          ),
          Thumbnail(
            url: "https://i.ytimg.com/vi/PXsK9-CFoH4/hqdefault.jpg?sqp=-oaymwEcCPYBEIoBSFXyq4qpAw4IARUAAIhCGAFwAcABBg==&rs=AOn4CLB7EI2oABpxbRXgmASKCQKCdtSrHg",
            width: 246,
            height: 138,
          ),
          Thumbnail(
            url: "https://i.ytimg.com/vi/PXsK9-CFoH4/hqdefault.jpg?sqp=-oaymwEcCNACELwBSFXyq4qpAw4IARUAAIhCGAFwAcABBg==&rs=AOn4CLCDIeb2RpxSowd283y3ZDb_9UN7IQ",
            width: 336,
            height: 188,
          ),
        ],
        publish_date: "[date]",
        publish_date_txt: Some("3 months ago"),
        view_count: 924135,
        is_live: false,
        is_short: false,
        is_upcoming: false,
      ),
      ChannelVideo(
        id: "r2ye6zW0nbM",
        title: "a wedding",
        length: Some(1207),
        thumbnail: [
          Thumbnail(
            url: "https://i.ytimg.com/vi/r2ye6zW0nbM/hqdefault.jpg?sqp=-oaymwEbCKgBEF5IVfKriqkDDggBFQAAiEIYAXABwAEG&rs=AOn4CLB3L2DVtMtxaPaFjVPcNnjDHE5Wvw",
            width: 168,
            height: 94,
          ),
          Thumbnail(
            url: "https://i.ytimg.com/vi/r2ye6zW0nbM/hqdefault.jpg?sqp=-oaymwEbCMQBEG5IVfKriqkDDggBFQAAiEIYAXABwAEG&rs=AOn4CLCYI4nI9HbLZfmGRMAicWr543xPPQ",
            width: 196,
            height: 110,
          ),
          Thumbnail(
            url: "https://i.ytimg.com/vi/r2ye6zW0nbM/hqdefault.jpg?sqp=-oaymwEcCPYBEIoBSFXyq4qpAw4IARUAAIhCGAFwAcABBg==&rs=AOn4CLDy6KSXearLhXRmy0tStrfTk3y3Hg",
            width: 246,
            height: 138,
          ),
          Thumbnail(
            url: "https://i.ytimg.com/vi/r2ye6zW0nbM/hqdefault.jpg?sqp=-oaymwEcCNACELwBSFXyq4qpAw4IARUAAIhCGAFwAcABBg==&rs=AOn4CLAEJ5nnUkhH9fedcp7HUFcjpWYnnw",
            width: 336,
            height: 188,
          ),
        ],
        publish_date: "[date]",
        publish_date_txt: Some("3 months ago"),
        view_count: 1053353,
        is_live: false,
        is_short: false,
        is_upcoming: false,
      ),
      ChannelVideo(
        id: "rriwHj8U664",
        title: "my seoul apartment tour",
        length: Some(721),
        thumbnail: [
          Thumbnail(
            url: "https://i.ytimg.com/vi/rriwHj8U664/hqdefault.jpg?sqp=-oaymwEbCKgBEF5IVfKriqkDDggBFQAAiEIYAXABwAEG&rs=AOn4CLCy6zauLaf2KLJ6R41q0CPM8298PA",
            width: 168,
            height: 94,
          ),
          Thumbnail(
            url: "https://i.ytimg.com/vi/rriwHj8U664/hqdefault.jpg?sqp=-oaymwEbCMQBEG5IVfKriqkDDggBFQAAiEIYAXABwAEG&rs=AOn4CLC1cRCyoZNrz92KOiX-My3T_SC3OQ",
            width: 196,
            height: 110,
          ),
          Thumbnail(
            url: "https://i.ytimg.com/vi/rriwHj8U664/hqdefault.jpg?sqp=-oaymwEcCPYBEIoBSFXyq4qpAw4IARUAAIhCGAFwAcABBg==&rs=AOn4CLCRnA-J1BThxCTmb2wJ3eGWJn_ZAQ",
            width: 246,
            height: 138,
          ),
          Thumbnail(
            url: "https://i.ytimg.com/vi/rriwHj8U664/hqdefault.jpg?sqp=-oaymwEcCNACELwBSFXyq4qpAw4IARUAAIhCGAFwAcABBg==&rs=AOn4CLD7Ax9gGIbMVFsyZX7S5CUsl92G9A",
            width: 336,
            height: 188,
          ),
        ],
        publish_date: "[date]",
        publish_date_txt: Some("3 months ago"),
        view_count: 697242,
        is_live: false,
        is_short: false,
        is_upcoming: false,
      ),
      ChannelVideo(
        id: "FKJtrUeol3o",
        title: "with quantity comes quality",
        length: Some(1140),
        thumbnail: [
          Thumbnail(
            url: "https://i.ytimg.com/vi/FKJtrUeol3o/hqdefault.jpg?sqp=-oaymwEbCKgBEF5IVfKriqkDDggBFQAAiEIYAXABwAEG&rs=AOn4CLD7U0hZPrEiHZcTVcicymOllR05qw",
            width: 168,
            height: 94,
          ),
          Thumbnail(
            url: "https://i.ytimg.com/vi/FKJtrUeol3o/hqdefault.jpg?sqp=-oaymwEbCMQBEG5IVfKriqkDDggBFQAAiEIYAXABwAEG&rs=AOn4CLC4ojRpVLELT-p_M1xBBlVsfEOhyA",
            width: 196,
            height: 110,
          ),
          Thumbnail(
            url: "https://i.ytimg.com/vi/FKJtrUeol3o/hqdefault.jpg?sqp=-oaymwEcCPYBEIoBSFXyq4qpAw4IARUAAIhCGAFwAcABBg==&rs=AOn4CLC-wB9cu61C9orppU_J9Yrhq9DUTA",
            width: 246,
            height: 138,
          ),
          Thumbnail(
            url: "https://i.ytimg.com/vi/FKJtrUeol3o/hqdefault.jpg?sqp=-oaymwEcCNACELwBSFXyq4qpAw4IARUAAIhCGAFwAcABBg==&rs=AOn4CLCs4psMQD0TtqyTJoLbKzaIXRTK0w",
            width: 336,
            height: 188,
          ),
        ],
        publish_date: "[date]",
        publish_date_txt: Some("4 months ago"),
        view_count: 1086097,
        is_live: false,
        is_short: false,
        is_upcoming: false,
      ),
      ChannelVideo(
        id: "zYHB38UlzE0",
        title: "Q&A l relationships, burnout, privilege, college advice, living alone, and life after youtube?",
        length: Some(775),
        thumbnail: [
          Thumbnail(
            url: "https://i.ytimg.com/vi/zYHB38UlzE0/hqdefault.jpg?sqp=-oaymwEbCKgBEF5IVfKriqkDDggBFQAAiEIYAXABwAEG&rs=AOn4CLDAO5etokCiF7cvyR-7kobN9RhTLA",
            width: 168,
            height: 94,
          ),
          Thumbnail(
            url: "https://i.ytimg.com/vi/zYHB38UlzE0/hqdefault.jpg?sqp=-oaymwEbCMQBEG5IVfKriqkDDggBFQAAiEIYAXABwAEG&rs=AOn4CLA0JJYHbsF-bUl0mw-WakPWo8MEMg",
            width: 196,
            height: 110,
          ),
          Thumbnail(
            url: "https://i.ytimg.com/vi/zYHB38UlzE0/hqdefault.jpg?sqp=-oaymwEcCPYBEIoBSFXyq4qpAw4IARUAAIhCGAFwAcABBg==&rs=AOn4CLAEUat_NT4W46PHgoZt4LRWmaJElw",
            width: 246,
            height: 138,
          ),
          Thumbnail(
            url: "https://i.ytimg.com/vi/zYHB38UlzE0/hqdefault.jpg?sqp=-oaymwEcCNACELwBSFXyq4qpAw4IARUAAIhCGAFwAcABBg==&rs=AOn4CLDHdBYKuZ7ZTo24r-ZziQ8wCHQorQ",
            width: 336,
            height: 188,
          ),
        ],
        publish_date: "[date]",
        publish_date_txt: Some("4 months ago"),
        view_count: 528979,
        is_live: false,
        is_short: false,
        is_upcoming: false,
      ),
      ChannelVideo(
        id: "hGbQ2WM9nOo",
        title: "Why does everything bad for you taste good ㅣ CHILI OIL RAMEN",
        length: Some(428),
        thumbnail: [
          Thumbnail(
            url: "https://i.ytimg.com/vi/hGbQ2WM9nOo/hqdefault.jpg?sqp=-oaymwEbCKgBEF5IVfKriqkDDggBFQAAiEIYAXABwAEG&rs=AOn4CLD_bMKoJhW-ifemEiqSBj-6dvEnUg",
            width: 168,
            height: 94,
          ),
          Thumbnail(
            url: "https://i.ytimg.com/vi/hGbQ2WM9nOo/hqdefault.jpg?sqp=-oaymwEbCMQBEG5IVfKriqkDDggBFQAAiEIYAXABwAEG&rs=AOn4CLDle6IK7XnDUHyejDryt7jvKmg7PQ",
            width: 196,
            height: 110,
          ),
          Thumbnail(
            url: "https://i.ytimg.com/vi/hGbQ2WM9nOo/hqdefault.jpg?sqp=-oaymwEcCPYBEIoBSFXyq4qpAw4IARUAAIhCGAFwAcABBg==&rs=AOn4CLAF7ElIlZjmBD6p3exFpEWGcTc4Ew",
            width: 246,
            height: 138,
          ),
          Thumbnail(
            url: "https://i.ytimg.com/vi/hGbQ2WM9nOo/hqdefault.jpg?sqp=-oaymwEcCNACELwBSFXyq4qpAw4IARUAAIhCGAFwAcABBg==&rs=AOn4CLAHQDsGa6PQHVEc2PloK2KHISMDmg",
            width: 336,
            height: 188,
          ),
        ],
        publish_date: "[date]",
        publish_date_txt: Some("4 months ago"),
        view_count: 1036890,
        is_live: false,
        is_short: false,
        is_upcoming: false,
      ),
      ChannelVideo(
        id: "PxGmP4v_A38",
        title: "Alone and Thriving l late night korean convenience store, muji kitchenware haul, spring cleaning!",
        length: Some(1437),
        thumbnail: [
          Thumbnail(
            url: "https://i.ytimg.com/vi/PxGmP4v_A38/hqdefault.jpg?sqp=-oaymwEbCKgBEF5IVfKriqkDDggBFQAAiEIYAXABwAEG&rs=AOn4CLArZRyFU5e71-vMdGZzuxCCroEkww",
            width: 168,
            height: 94,
          ),
          Thumbnail(
            url: "https://i.ytimg.com/vi/PxGmP4v_A38/hqdefault.jpg?sqp=-oaymwEbCMQBEG5IVfKriqkDDggBFQAAiEIYAXABwAEG&rs=AOn4CLDRL2B5DEg2SOm-I9F0EGVranGaBg",
            width: 196,
            height: 110,
          ),
          Thumbnail(
            url: "https://i.ytimg.com/vi/PxGmP4v_A38/hqdefault.jpg?sqp=-oaymwEcCPYBEIoBSFXyq4qpAw4IARUAAIhCGAFwAcABBg==&rs=AOn4CLDMzXoZXXUo1003nmaFe4RUnDoevA",
            width: 246,
            height: 138,
          ),
          Thumbnail(
            url: "https://i.ytimg.com/vi/PxGmP4v_A38/hqdefault.jpg?sqp=-oaymwEcCNACELwBSFXyq4qpAw4IARUAAIhCGAFwAcABBg==&rs=AOn4CLDJvAcxBPXFhDG9ZUqaM9XJo5ZoUQ",
            width: 336,
            height: 188,
          ),
        ],
        publish_date: "[date]",
        publish_date_txt: Some("4 months ago"),
        view_count: 832542,
        is_live: false,
        is_short: false,
        is_upcoming: false,
      ),
      ChannelVideo(
        id: "8t-WyYcpEDE",
        title: "What I hate most",
        length: Some(61),
        thumbnail: [
          Thumbnail(
            url: "https://i.ytimg.com/vi/8t-WyYcpEDE/hqdefault.jpg?sqp=-oaymwEbCKgBEF5IVfKriqkDDggBFQAAiEIYAXABwAEG&rs=AOn4CLDsJHHXMP4fUEFqn-LExXU5yPyZ-Q",
            width: 168,
            height: 94,
          ),
          Thumbnail(
            url: "https://i.ytimg.com/vi/8t-WyYcpEDE/hqdefault.jpg?sqp=-oaymwEbCMQBEG5IVfKriqkDDggBFQAAiEIYAXABwAEG&rs=AOn4CLDrE4DuVKslgMwKoqUG1lDvUV6tbw",
            width: 196,
            height: 110,
          ),
          Thumbnail(
            url: "https://i.ytimg.com/vi/8t-WyYcpEDE/hqdefault.jpg?sqp=-oaymwEcCPYBEIoBSFXyq4qpAw4IARUAAIhCGAFwAcABBg==&rs=AOn4CLCTbXLnM9JvT5zrd9sPU4fJsfJXKQ",
            width: 246,
            height: 138,
          ),
          Thumbnail(
            url: "https://i.ytimg.com/vi/8t-WyYcpEDE/hqdefault.jpg?sqp=-oaymwEcCNACELwBSFXyq4qpAw4IARUAAIhCGAFwAcABBg==&rs=AOn4CLD5_A3D9ZMZAUc5fD9hCD1QWWR0oQ",
            width: 336,
            height: 188,
          ),
        ],
        publish_date: "[date]",
        publish_date_txt: Some("4 months ago"),
        view_count: 1342882,
        is_live: false,
        is_short: false,
        is_upcoming: false,
      ),
      ChannelVideo(
        id: "RroYpLxxNjY",
        title: "I\'m Back. ㅣ cooking korean food, eating alone, working out, and 2M!",
        length: Some(1313),
        thumbnail: [
          Thumbnail(
            url: "https://i.ytimg.com/vi/RroYpLxxNjY/hqdefault.jpg?sqp=-oaymwEbCKgBEF5IVfKriqkDDggBFQAAiEIYAXABwAEG&rs=AOn4CLBYJ_dcqUt2kR-4jOAUu8O0Ja9SLA",
            width: 168,
            height: 94,
          ),
          Thumbnail(
            url: "https://i.ytimg.com/vi/RroYpLxxNjY/hqdefault.jpg?sqp=-oaymwEbCMQBEG5IVfKriqkDDggBFQAAiEIYAXABwAEG&rs=AOn4CLCmJHEDdOr6rA3XO1vE1X3AjVo-FQ",
            width: 196,
            height: 110,
          ),
          Thumbnail(
            url: "https://i.ytimg.com/vi/RroYpLxxNjY/hqdefault.jpg?sqp=-oaymwEcCPYBEIoBSFXyq4qpAw4IARUAAIhCGAFwAcABBg==&rs=AOn4CLDZcueeWf_9JhuWwHVs1dyhKgtEaQ",
            width: 246,
            height: 138,
          ),
          Thumbnail(
            url: "https://i.ytimg.com/vi/RroYpLxxNjY/hqdefault.jpg?sqp=-oaymwEcCNACELwBSFXyq4qpAw4IARUAAIhCGAFwAcABBg==&rs=AOn4CLDks-H73jDdsEm326pcIa-jvdbUUw",
            width: 336,
            height: 188,
          ),
        ],
        publish_date: "[date]",
        publish_date_txt: Some("4 months ago"),
        view_count: 1076848,
        is_live: false,
        is_short: false,
        is_upcoming: false,
      ),
      ChannelVideo(
        id: "l47QuudsZ34",
        title: "We ate our way through Florence (ft. mamadooby)",
        length: Some(1109),
        thumbnail: [
          Thumbnail(
            url: "https://i.ytimg.com/vi/l47QuudsZ34/hqdefault.jpg?sqp=-oaymwEbCKgBEF5IVfKriqkDDggBFQAAiEIYAXABwAEG&rs=AOn4CLB0Vwc7DhN_hFXSRuDAiivLnGGc2A",
            width: 168,
            height: 94,
          ),
          Thumbnail(
            url: "https://i.ytimg.com/vi/l47QuudsZ34/hqdefault.jpg?sqp=-oaymwEbCMQBEG5IVfKriqkDDggBFQAAiEIYAXABwAEG&rs=AOn4CLCJ_Me9qzvGNTlWONHKa8Vp-4DLSg",
            width: 196,
            height: 110,
          ),
          Thumbnail(
            url: "https://i.ytimg.com/vi/l47QuudsZ34/hqdefault.jpg?sqp=-oaymwEcCPYBEIoBSFXyq4qpAw4IARUAAIhCGAFwAcABBg==&rs=AOn4CLAUPCwUbv_09tf6x6uGuLCB9CVo8g",
            width: 246,
            height: 138,
          ),
          Thumbnail(
            url: "https://i.ytimg.com/vi/l47QuudsZ34/hqdefault.jpg?sqp=-oaymwEcCNACELwBSFXyq4qpAw4IARUAAIhCGAFwAcABBg==&rs=AOn4CLAdCBep-uCxtgeZTxVX4nrgi2-2Fg",
            width: 336,
            height: 188,
          ),
        ],
        publish_date: "[date]",
        publish_date_txt: Some("5 months ago"),
        view_count: 562349,
        is_live: false,
        is_short: false,
        is_upcoming: false,
      ),
      ChannelVideo(
        id: "1VW7iXRIrc8",
        title: "Alone, in the City of Love",
        length: Some(1875),
        thumbnail: [
          Thumbnail(
            url: "https://i.ytimg.com/vi/1VW7iXRIrc8/hqdefault.jpg?sqp=-oaymwEbCKgBEF5IVfKriqkDDggBFQAAiEIYAXABwAEG&rs=AOn4CLBbNxPLmGzJlvJ-3o5Dz9I5LOGu1A",
            width: 168,
            height: 94,
          ),
          Thumbnail(
            url: "https://i.ytimg.com/vi/1VW7iXRIrc8/hqdefault.jpg?sqp=-oaymwEbCMQBEG5IVfKriqkDDggBFQAAiEIYAXABwAEG&rs=AOn4CLDh5jDWNRJPujREUbr-h1vB0Wcgkw",
            width: 196,
            height: 110,
          ),
          Thumbnail(
            url: "https://i.ytimg.com/vi/1VW7iXRIrc8/hqdefault.jpg?sqp=-oaymwEcCPYBEIoBSFXyq4qpAw4IARUAAIhCGAFwAcABBg==&rs=AOn4CLBpILk7_9a-0FE4cALYg2F1xNp8Rg",
            width: 246,
            height: 138,
          ),
          Thumbnail(
            url: "https://i.ytimg.com/vi/1VW7iXRIrc8/hqdefault.jpg?sqp=-oaymwEcCNACELwBSFXyq4qpAw4IARUAAIhCGAFwAcABBg==&rs=AOn4CLBJKh9SeUQhkwi6dvT0ck5jvL4Bcg",
            width: 336,
            height: 188,
          ),
        ],
        publish_date: "[date]",
        publish_date_txt: Some("6 months ago"),
        view_count: 531938,
        is_live: false,
        is_short: false,
        is_upcoming: false,
      ),
      ChannelVideo(
        id: "6c58-749p6Y",
        title: "Old Friends & New",
        length: Some(774),
        thumbnail: [
          Thumbnail(
            url: "https://i.ytimg.com/vi/6c58-749p6Y/hqdefault.jpg?sqp=-oaymwEbCKgBEF5IVfKriqkDDggBFQAAiEIYAXABwAEG&rs=AOn4CLClRrTlOF_Q3feHLoM0T5_DFygbIw",
            width: 168,
            height: 94,
          ),
          Thumbnail(
            url: "https://i.ytimg.com/vi/6c58-749p6Y/hqdefault.jpg?sqp=-oaymwEbCMQBEG5IVfKriqkDDggBFQAAiEIYAXABwAEG&rs=AOn4CLDhlVfffw7YaYZv7DIFtw6BPd8HpA",
            width: 196,
            height: 110,
          ),
          Thumbnail(
            url: "https://i.ytimg.com/vi/6c58-749p6Y/hqdefault.jpg?sqp=-oaymwEcCPYBEIoBSFXyq4qpAw4IARUAAIhCGAFwAcABBg==&rs=AOn4CLAfbJZqU_4IZ7IIRlD-VrsQUNte2Q",
            width: 246,
            height: 138,
          ),
          Thumbnail(
            url: "https://i.ytimg.com/vi/6c58-749p6Y/hqdefault.jpg?sqp=-oaymwEcCNACELwBSFXyq4qpAw4IARUAAIhCGAFwAcABBg==&rs=AOn4CLAwGyzr39CpgkyfwPxXex7g4PiuFw",
            width: 336,
            height: 188,
          ),
        ],
        publish_date: "[date]",
        publish_date_txt: Some("6 months ago"),
        view_count: 426469,
        is_live: false,
        is_short: false,
        is_upcoming: false,
      ),
      ChannelVideo(
        id: "Q2G53LuEUaU",
        title: "Where we stand",
        length: Some(858),
        thumbnail: [
          Thumbnail(
            url: "https://i.ytimg.com/vi/Q2G53LuEUaU/hqdefault.jpg?sqp=-oaymwEbCKgBEF5IVfKriqkDDggBFQAAiEIYAXABwAEG&rs=AOn4CLC1ppNrqK-xlQ6Sxnn62dp8QXoJBQ",
            width: 168,
            height: 94,
          ),
          Thumbnail(
            url: "https://i.ytimg.com/vi/Q2G53LuEUaU/hqdefault.jpg?sqp=-oaymwEbCMQBEG5IVfKriqkDDggBFQAAiEIYAXABwAEG&rs=AOn4CLBXi9xFNxNEwtLG92RREzbcMrbynw",
            width: 196,
            height: 110,
          ),
          Thumbnail(
            url: "https://i.ytimg.com/vi/Q2G53LuEUaU/hqdefault.jpg?sqp=-oaymwEcCPYBEIoBSFXyq4qpAw4IARUAAIhCGAFwAcABBg==&rs=AOn4CLD7Whs8IGruIl0akctub0-tdPi3VQ",
            width: 246,
            height: 138,
          ),
          Thumbnail(
            url: "https://i.ytimg.com/vi/Q2G53LuEUaU/hqdefault.jpg?sqp=-oaymwEcCNACELwBSFXyq4qpAw4IARUAAIhCGAFwAcABBg==&rs=AOn4CLCHo4lP1oTLHtqrEtRmy2B85x__YA",
            width: 336,
            height: 188,
          ),
        ],
        publish_date: "[date]",
        publish_date_txt: Some("6 months ago"),
        view_count: 448915,
        is_live: false,
        is_short: false,
        is_upcoming: false,
      ),
      ChannelVideo(
        id: "8rAOeowNQrI",
        title: "That\'s so last year",
        length: Some(1286),
        thumbnail: [
          Thumbnail(
            url: "https://i.ytimg.com/vi/8rAOeowNQrI/hqdefault.jpg?sqp=-oaymwEbCKgBEF5IVfKriqkDDggBFQAAiEIYAXABwAEG&rs=AOn4CLCSBW_fD0pttfFh4Yc_Kx1UIZHzfg",
            width: 168,
            height: 94,
          ),
          Thumbnail(
            url: "https://i.ytimg.com/vi/8rAOeowNQrI/hqdefault.jpg?sqp=-oaymwEbCMQBEG5IVfKriqkDDggBFQAAiEIYAXABwAEG&rs=AOn4CLA6Rmm1FQgwRmVpv9HNFIgi_Q8zig",
            width: 196,
            height: 110,
          ),
          Thumbnail(
            url: "https://i.ytimg.com/vi/8rAOeowNQrI/hqdefault.jpg?sqp=-oaymwEcCPYBEIoBSFXyq4qpAw4IARUAAIhCGAFwAcABBg==&rs=AOn4CLDCc1FObzSnJM18OEMwpr32qMLf5A",
            width: 246,
            height: 138,
          ),
          Thumbnail(
            url: "https://i.ytimg.com/vi/8rAOeowNQrI/hqdefault.jpg?sqp=-oaymwEcCNACELwBSFXyq4qpAw4IARUAAIhCGAFwAcABBg==&rs=AOn4CLC5KdqxB3c7ZRvjCHt4jWZRzybAgQ",
            width: 336,
            height: 188,
          ),
        ],
        publish_date: "[date]",
        publish_date_txt: Some("6 months ago"),
        view_count: 675443,
        is_live: false,
        is_short: false,
        is_upcoming: false,
      ),
      ChannelVideo(
        id: "0RGIdIKkbSI",
        title: "The Muffin Man",
        length: Some(1052),
        thumbnail: [
          Thumbnail(
            url: "https://i.ytimg.com/vi/0RGIdIKkbSI/hqdefault.jpg?sqp=-oaymwEbCKgBEF5IVfKriqkDDggBFQAAiEIYAXABwAEG&rs=AOn4CLDo42DBFMfLKVHtXETG5yuU20FVMw",
            width: 168,
            height: 94,
          ),
          Thumbnail(
            url: "https://i.ytimg.com/vi/0RGIdIKkbSI/hqdefault.jpg?sqp=-oaymwEbCMQBEG5IVfKriqkDDggBFQAAiEIYAXABwAEG&rs=AOn4CLCNQrDbwySD5BRMD5ft1QUumuDUug",
            width: 196,
            height: 110,
          ),
          Thumbnail(
            url: "https://i.ytimg.com/vi/0RGIdIKkbSI/hqdefault.jpg?sqp=-oaymwEcCPYBEIoBSFXyq4qpAw4IARUAAIhCGAFwAcABBg==&rs=AOn4CLDZd4zYfvCp0_en2szG4Wz-TuL9EQ",
            width: 246,
            height: 138,
          ),
          Thumbnail(
            url: "https://i.ytimg.com/vi/0RGIdIKkbSI/hqdefault.jpg?sqp=-oaymwEcCNACELwBSFXyq4qpAw4IARUAAIhCGAFwAcABBg==&rs=AOn4CLAwlLODkB7qyD8ARDubWQMnRERTzw",
            width: 336,
            height: 188,
          ),
        ],
        publish_date: "[date]",
        publish_date_txt: Some("6 months ago"),
        view_count: 426465,
        is_live: false,
        is_short: false,
        is_upcoming: false,
      ),
      ChannelVideo(
        id: "NudTbo2CJMY",
        title: "Flying to London",
        length: Some(1078),
        thumbnail: [
          Thumbnail(
            url: "https://i.ytimg.com/vi/NudTbo2CJMY/hqdefault.jpg?sqp=-oaymwEbCKgBEF5IVfKriqkDDggBFQAAiEIYAXABwAEG&rs=AOn4CLDEdvWWmhSaDTTx7b2kJUauMFnQJQ",
            width: 168,
            height: 94,
          ),
          Thumbnail(
            url: "https://i.ytimg.com/vi/NudTbo2CJMY/hqdefault.jpg?sqp=-oaymwEbCMQBEG5IVfKriqkDDggBFQAAiEIYAXABwAEG&rs=AOn4CLDVVInfKzGnrkv-HCCnHRVS777zpg",
            width: 196,
            height: 110,
          ),
          Thumbnail(
            url: "https://i.ytimg.com/vi/NudTbo2CJMY/hqdefault.jpg?sqp=-oaymwEcCPYBEIoBSFXyq4qpAw4IARUAAIhCGAFwAcABBg==&rs=AOn4CLD_0PrOHnhbDACc7dWAc4GkvKZf-w",
            width: 246,
            height: 138,
          ),
          Thumbnail(
            url: "https://i.ytimg.com/vi/NudTbo2CJMY/hqdefault.jpg?sqp=-oaymwEcCNACELwBSFXyq4qpAw4IARUAAIhCGAFwAcABBg==&rs=AOn4CLC62IIZklnqAKzsqUAfU2RK4JgHzQ",
            width: 336,
            height: 188,
          ),
        ],
        publish_date: "[date]",
        publish_date_txt: Some("7 months ago"),
        view_count: 1137831,
        is_live: false,
        is_short: false,
        is_upcoming: false,
      ),
      ChannelVideo(
        id: "8mJk1ncGZig",
        title: "(not so) Teenage Angst",
        length: Some(1376),
        thumbnail: [
          Thumbnail(
            url: "https://i.ytimg.com/vi/8mJk1ncGZig/hqdefault.jpg?sqp=-oaymwEbCKgBEF5IVfKriqkDDggBFQAAiEIYAXABwAEG&rs=AOn4CLB1kTcJ6oRyNfaGJbvl6V5UxRhagg",
            width: 168,
            height: 94,
          ),
          Thumbnail(
            url: "https://i.ytimg.com/vi/8mJk1ncGZig/hqdefault.jpg?sqp=-oaymwEbCMQBEG5IVfKriqkDDggBFQAAiEIYAXABwAEG&rs=AOn4CLDgN7XKmDftw77UTW9OFnFx62phlg",
            width: 196,
            height: 110,
          ),
          Thumbnail(
            url: "https://i.ytimg.com/vi/8mJk1ncGZig/hqdefault.jpg?sqp=-oaymwEcCPYBEIoBSFXyq4qpAw4IARUAAIhCGAFwAcABBg==&rs=AOn4CLDRbg-TesTmooGLQW-l--v37ocbpg",
            width: 246,
            height: 138,
          ),
          Thumbnail(
            url: "https://i.ytimg.com/vi/8mJk1ncGZig/hqdefault.jpg?sqp=-oaymwEcCNACELwBSFXyq4qpAw4IARUAAIhCGAFwAcABBg==&rs=AOn4CLD5isjKBoHdkSOEbrcGtEC9OAwmQg",
            width: 336,
            height: 188,
          ),
        ],
        publish_date: "[date]",
        publish_date_txt: Some("7 months ago"),
        view_count: 612275,
        is_live: false,
        is_short: false,
        is_upcoming: false,
      ),
      ChannelVideo(
        id: "qvgCi2WpbfE",
        title: "can\'t smell :s",
        length: Some(875),
        thumbnail: [
          Thumbnail(
            url: "https://i.ytimg.com/vi/qvgCi2WpbfE/hqdefault.jpg?sqp=-oaymwEbCKgBEF5IVfKriqkDDggBFQAAiEIYAXABwAEG&rs=AOn4CLBdSLKkLlOTxprZAH9BajRpHiujrw",
            width: 168,
            height: 94,
          ),
          Thumbnail(
            url: "https://i.ytimg.com/vi/qvgCi2WpbfE/hqdefault.jpg?sqp=-oaymwEbCMQBEG5IVfKriqkDDggBFQAAiEIYAXABwAEG&rs=AOn4CLBfljVPiv2yscgQNRAGc8dCHN7juA",
            width: 196,
            height: 110,
          ),
          Thumbnail(
            url: "https://i.ytimg.com/vi/qvgCi2WpbfE/hqdefault.jpg?sqp=-oaymwEcCPYBEIoBSFXyq4qpAw4IARUAAIhCGAFwAcABBg==&rs=AOn4CLDzX-D3MlWbgMF-BDA5KY0XN393SQ",
            width: 246,
            height: 138,
          ),
          Thumbnail(
            url: "https://i.ytimg.com/vi/qvgCi2WpbfE/hqdefault.jpg?sqp=-oaymwEcCNACELwBSFXyq4qpAw4IARUAAIhCGAFwAcABBg==&rs=AOn4CLDNiaoJXnMVTNGSnhjC-q4Q2AMipQ",
            width: 336,
            height: 188,
          ),
        ],
        publish_date: "[date]",
        publish_date_txt: Some("7 months ago"),
        view_count: 396397,
        is_live: false,
        is_short: false,
        is_upcoming: false,
      ),
      ChannelVideo(
        id: "Sm4Yqtqr9f8",
        title: "I have covid",
        length: Some(814),
        thumbnail: [
          Thumbnail(
            url: "https://i.ytimg.com/vi/Sm4Yqtqr9f8/hqdefault.jpg?sqp=-oaymwEbCKgBEF5IVfKriqkDDggBFQAAiEIYAXABwAEG&rs=AOn4CLDAAWaXioP-Xz_cwkE3APR_5fpkqw",
            width: 168,
            height: 94,
          ),
          Thumbnail(
            url: "https://i.ytimg.com/vi/Sm4Yqtqr9f8/hqdefault.jpg?sqp=-oaymwEbCMQBEG5IVfKriqkDDggBFQAAiEIYAXABwAEG&rs=AOn4CLDY_C_V4g8nOst9DVsHFXu1OYMIFw",
            width: 196,
            height: 110,
          ),
          Thumbnail(
            url: "https://i.ytimg.com/vi/Sm4Yqtqr9f8/hqdefault.jpg?sqp=-oaymwEcCPYBEIoBSFXyq4qpAw4IARUAAIhCGAFwAcABBg==&rs=AOn4CLDHwHgMzzioIK08Xtpq2Q5MTh1rVw",
            width: 246,
            height: 138,
          ),
          Thumbnail(
            url: "https://i.ytimg.com/vi/Sm4Yqtqr9f8/hqdefault.jpg?sqp=-oaymwEcCNACELwBSFXyq4qpAw4IARUAAIhCGAFwAcABBg==&rs=AOn4CLB9zKPhXYx6Uk6oHG4pdai_79ceOA",
            width: 336,
            height: 188,
          ),
        ],
        publish_date: "[date]",
        publish_date_txt: Some("7 months ago"),
        view_count: 599030,
        is_live: false,
        is_short: false,
        is_upcoming: false,
      ),
      ChannelVideo(
        id: "ZRtf4ksF3qs",
        title: "Everything I ate in Busan & make up tutorial??",
        length: Some(1026),
        thumbnail: [
          Thumbnail(
            url: "https://i.ytimg.com/vi/ZRtf4ksF3qs/hqdefault.jpg?sqp=-oaymwEbCKgBEF5IVfKriqkDDggBFQAAiEIYAXABwAEG&rs=AOn4CLBnRStN9mU3cu7vDQIkUcO3WiyVZw",
            width: 168,
            height: 94,
          ),
          Thumbnail(
            url: "https://i.ytimg.com/vi/ZRtf4ksF3qs/hqdefault.jpg?sqp=-oaymwEbCMQBEG5IVfKriqkDDggBFQAAiEIYAXABwAEG&rs=AOn4CLABXwGGV4nFd_3JF_pVB26mQNhbnw",
            width: 196,
            height: 110,
          ),
          Thumbnail(
            url: "https://i.ytimg.com/vi/ZRtf4ksF3qs/hqdefault.jpg?sqp=-oaymwEcCPYBEIoBSFXyq4qpAw4IARUAAIhCGAFwAcABBg==&rs=AOn4CLBxCczseGYnLD3u6FGJi22-LySVnQ",
            width: 246,
            height: 138,
          ),
          Thumbnail(
            url: "https://i.ytimg.com/vi/ZRtf4ksF3qs/hqdefault.jpg?sqp=-oaymwEcCNACELwBSFXyq4qpAw4IARUAAIhCGAFwAcABBg==&rs=AOn4CLAO3ic0zgok-4x6JuvxGP_HjLhrfw",
            width: 336,
            height: 188,
          ),
        ],
        publish_date: "[date]",
        publish_date_txt: Some("7 months ago"),
        view_count: 530192,
        is_live: false,
        is_short: false,
        is_upcoming: false,
      ),
      ChannelVideo(
        id: "oG4Wth1oVBQ",
        title: "On the other side",
        length: Some(1592),
        thumbnail: [
          Thumbnail(
            url: "https://i.ytimg.com/vi/oG4Wth1oVBQ/hqdefault.jpg?sqp=-oaymwEbCKgBEF5IVfKriqkDDggBFQAAiEIYAXABwAEG&rs=AOn4CLDO45Wm2zkuD6ZukxaoxfgGkpuZHg",
            width: 168,
            height: 94,
          ),
          Thumbnail(
            url: "https://i.ytimg.com/vi/oG4Wth1oVBQ/hqdefault.jpg?sqp=-oaymwEbCMQBEG5IVfKriqkDDggBFQAAiEIYAXABwAEG&rs=AOn4CLCHtUV2qxIfiHBm2ZaU35s2TgOGcg",
            width: 196,
            height: 110,
          ),
          Thumbnail(
            url: "https://i.ytimg.com/vi/oG4Wth1oVBQ/hqdefault.jpg?sqp=-oaymwEcCPYBEIoBSFXyq4qpAw4IARUAAIhCGAFwAcABBg==&rs=AOn4CLBNZ-Vf5U67kB66QyXX6p5ypuUZlA",
            width: 246,
            height: 138,
          ),
          Thumbnail(
            url: "https://i.ytimg.com/vi/oG4Wth1oVBQ/hqdefault.jpg?sqp=-oaymwEcCNACELwBSFXyq4qpAw4IARUAAIhCGAFwAcABBg==&rs=AOn4CLBVaseKWTV23bDW8aSkH3xYoO6DRQ",
            width: 336,
            height: 188,
          ),
        ],
        publish_date: "[date]",
        publish_date_txt: Some("8 months ago"),
        view_count: 567604,
        is_live: false,
        is_short: false,
        is_upcoming: false,
      ),
    ],
    ctoken: Some("4qmFsgKhARIYVUNoOGdIZHR6TzJ0WGQ1OTNfYmpFcldnGoQBOGdaZ0dsNTZYQXBZQ2pCRlozTkpiRXRwYURZdFNGZG9ZbVZuUVZObmVVMUJSVFJJYTBsTVExQlFVbXR3YjBkRlMwUnBkVmRhU1VGV1FVRVNKRFl6TkRnd056Wm1MVEF3TURBdE1tRXhaUzA0TnpRNUxXUTBaalUwTjJZNE16a3pZeGdC"),
  ),
)
