---
source: src/client/channel.rs
expression: map_res.c
---
Channel(
  id: "UCh8gHdtzO2tXd593_bjErWg",
  name: "Doobydobap",
  subscriber_count: Some(2980000),
  avatar: [
    Thumbnail(
      url: "https://yt3.ggpht.com/dm5Aq93xvVJz0NoVO88ieBkDXmuShCujGPlZ7qETMEPTrXvPUCFI3-BB6Xs_P-r6Uk3mnBy9zA=s48-c-k-c0x00ffffff-no-rj",
      width: 48,
      height: 48,
    ),
    Thumbnail(
      url: "https://yt3.ggpht.com/dm5Aq93xvVJz0NoVO88ieBkDXmuShCujGPlZ7qETMEPTrXvPUCFI3-BB6Xs_P-r6Uk3mnBy9zA=s88-c-k-c0x00ffffff-no-rj",
      width: 88,
      height: 88,
    ),
    Thumbnail(
      url: "https://yt3.ggpht.com/dm5Aq93xvVJz0NoVO88ieBkDXmuShCujGPlZ7qETMEPTrXvPUCFI3-BB6Xs_P-r6Uk3mnBy9zA=s176-c-k-c0x00ffffff-no-rj",
      width: 176,
      height: 176,
    ),
  ],
  verification: Verified,
  description: "Hi, I’m Tina, aka Doobydobap!\n\nFood is the medium I use to tell stories and connect with people who share the same passion as I do. Whether it’s because you’re hungry at midnight or trying to learn how to cook, I hope you enjoy watching my content and recipes. Don\'t yuck my yum!\n\nwww.doobydobap.com\n",
  tags: [],
  vanity_url: Some("https://www.youtube.com/c/Doobydobap"),
  banner: [
    Thumbnail(
      url: "https://yt3.ggpht.com/BvnAqgiursrXpmS9AgDLtkOSTQfOG_Dqn0KzY5hcwO9XrHTEQTVgaflI913f9KRp7d0U2qBp=w1060-fcrop64=1,00005a57ffffa5a8-k-c0xffffffff-no-nd-rj",
      width: 1060,
      height: 175,
    ),
    Thumbnail(
      url: "https://yt3.ggpht.com/BvnAqgiursrXpmS9AgDLtkOSTQfOG_Dqn0KzY5hcwO9XrHTEQTVgaflI913f9KRp7d0U2qBp=w1138-fcrop64=1,00005a57ffffa5a8-k-c0xffffffff-no-nd-rj",
      width: 1138,
      height: 188,
    ),
    Thumbnail(
      url: "https://yt3.ggpht.com/BvnAqgiursrXpmS9AgDLtkOSTQfOG_Dqn0KzY5hcwO9XrHTEQTVgaflI913f9KRp7d0U2qBp=w1707-fcrop64=1,00005a57ffffa5a8-k-c0xffffffff-no-nd-rj",
      width: 1707,
      height: 283,
    ),
    Thumbnail(
      url: "https://yt3.ggpht.com/BvnAqgiursrXpmS9AgDLtkOSTQfOG_Dqn0KzY5hcwO9XrHTEQTVgaflI913f9KRp7d0U2qBp=w2120-fcrop64=1,00005a57ffffa5a8-k-c0xffffffff-no-nd-rj",
      width: 2120,
      height: 351,
    ),
    Thumbnail(
      url: "https://yt3.ggpht.com/BvnAqgiursrXpmS9AgDLtkOSTQfOG_Dqn0KzY5hcwO9XrHTEQTVgaflI913f9KRp7d0U2qBp=w2276-fcrop64=1,00005a57ffffa5a8-k-c0xffffffff-no-nd-rj",
      width: 2276,
      height: 377,
    ),
    Thumbnail(
      url: "https://yt3.ggpht.com/BvnAqgiursrXpmS9AgDLtkOSTQfOG_Dqn0KzY5hcwO9XrHTEQTVgaflI913f9KRp7d0U2qBp=w2560-fcrop64=1,00005a57ffffa5a8-k-c0xffffffff-no-nd-rj",
      width: 2560,
      height: 424,
    ),
  ],
  mobile_banner: [
    Thumbnail(
      url: "https://yt3.ggpht.com/BvnAqgiursrXpmS9AgDLtkOSTQfOG_Dqn0KzY5hcwO9XrHTEQTVgaflI913f9KRp7d0U2qBp=w320-fcrop64=1,32b75a57cd48a5a8-k-c0xffffffff-no-nd-rj",
      width: 320,
      height: 88,
    ),
    Thumbnail(
      url: "https://yt3.ggpht.com/BvnAqgiursrXpmS9AgDLtkOSTQfOG_Dqn0KzY5hcwO9XrHTEQTVgaflI913f9KRp7d0U2qBp=w640-fcrop64=1,32b75a57cd48a5a8-k-c0xffffffff-no-nd-rj",
      width: 640,
      height: 175,
    ),
    Thumbnail(
      url: "https://yt3.ggpht.com/BvnAqgiursrXpmS9AgDLtkOSTQfOG_Dqn0KzY5hcwO9XrHTEQTVgaflI913f9KRp7d0U2qBp=w960-fcrop64=1,32b75a57cd48a5a8-k-c0xffffffff-no-nd-rj",
      width: 960,
      height: 263,
    ),
    Thumbnail(
      url: "https://yt3.ggpht.com/BvnAqgiursrXpmS9AgDLtkOSTQfOG_Dqn0KzY5hcwO9XrHTEQTVgaflI913f9KRp7d0U2qBp=w1280-fcrop64=1,32b75a57cd48a5a8-k-c0xffffffff-no-nd-rj",
      width: 1280,
      height: 351,
    ),
    Thumbnail(
      url: "https://yt3.ggpht.com/BvnAqgiursrXpmS9AgDLtkOSTQfOG_Dqn0KzY5hcwO9XrHTEQTVgaflI913f9KRp7d0U2qBp=w1440-fcrop64=1,32b75a57cd48a5a8-k-c0xffffffff-no-nd-rj",
      width: 1440,
      height: 395,
    ),
  ],
  tv_banner: [
    Thumbnail(
      url: "https://yt3.ggpht.com/BvnAqgiursrXpmS9AgDLtkOSTQfOG_Dqn0KzY5hcwO9XrHTEQTVgaflI913f9KRp7d0U2qBp=w320-fcrop64=1,00000000ffffffff-k-c0xffffffff-no-nd-rj",
      width: 320,
      height: 180,
    ),
    Thumbnail(
      url: "https://yt3.ggpht.com/BvnAqgiursrXpmS9AgDLtkOSTQfOG_Dqn0KzY5hcwO9XrHTEQTVgaflI913f9KRp7d0U2qBp=w854-fcrop64=1,00000000ffffffff-k-c0xffffffff-no-nd-rj",
      width: 854,
      height: 480,
    ),
    Thumbnail(
      url: "https://yt3.ggpht.com/BvnAqgiursrXpmS9AgDLtkOSTQfOG_Dqn0KzY5hcwO9XrHTEQTVgaflI913f9KRp7d0U2qBp=w1280-fcrop64=1,00000000ffffffff-k-c0xffffffff-no-nd-rj",
      width: 1280,
      height: 720,
    ),
    Thumbnail(
      url: "https://yt3.ggpht.com/BvnAqgiursrXpmS9AgDLtkOSTQfOG_Dqn0KzY5hcwO9XrHTEQTVgaflI913f9KRp7d0U2qBp=w1920-fcrop64=1,00000000ffffffff-k-c0xffffffff-no-nd-rj",
      width: 1920,
      height: 1080,
    ),
    Thumbnail(
      url: "https://yt3.ggpht.com/BvnAqgiursrXpmS9AgDLtkOSTQfOG_Dqn0KzY5hcwO9XrHTEQTVgaflI913f9KRp7d0U2qBp=w2120-fcrop64=1,00000000ffffffff-k-c0xffffffff-no-nd-rj",
      width: 2120,
      height: 1192,
    ),
  ],
  has_shorts: true,
  has_live: false,
  visitor_data: Some("Cgt3cDF3NkYwWWlENCiI8_CaBg%3D%3D"),
  content: Paginator(
    count: None,
    items: [
      VideoItem(
        id: "glyJWxp7a5g",
        name: "being smart was my personality trait",
        length: Some(56),
        thumbnail: [
          Thumbnail(
            url: "https://i.ytimg.com/vi/glyJWxp7a5g/hq720_2.jpg?sqp=-oaymwEdCJUDENAFSFXyq4qpAw8IARUAAIhCcAHAAQbQAQE=&rs=AOn4CLCUzo9AlrNh4n4cZfTOB8_Gf5aAkw",
            width: 405,
            height: 720,
          ),
        ],
        channel: Some(ChannelTag(
          id: "UCh8gHdtzO2tXd593_bjErWg",
          name: "Doobydobap",
          avatar: [],
          verification: Verified,
          subscriber_count: Some(2980000),
        )),
        publish_date: "[date]",
        publish_date_txt: Some("2 days ago"),
        view_count: Some(593000),
        is_live: false,
        is_short: true,
        is_upcoming: false,
        short_description: None,
      ),
      VideoItem(
        id: "dd1EZIkANYs",
        name: "the horror maze",
        length: Some(44),
        thumbnail: [
          Thumbnail(
            url: "https://i.ytimg.com/vi/dd1EZIkANYs/hq720_2.jpg?sqp=-oaymwEdCJUDENAFSFXyq4qpAw8IARUAAIhCcAHAAQbQAQE=&rs=AOn4CLCiKoq3x5k_Dawwila2ujILW4z_kw",
            width: 405,
            height: 720,
          ),
        ],
        channel: Some(ChannelTag(
          id: "UCh8gHdtzO2tXd593_bjErWg",
          name: "Doobydobap",
          avatar: [],
          verification: Verified,
          subscriber_count: Some(2980000),
        )),
        publish_date: "[date]",
        publish_date_txt: Some("4 days ago"),
        view_count: Some(141000),
        is_live: false,
        is_short: true,
        is_upcoming: false,
        short_description: None,
      ),
      VideoItem(
        id: "enioc_stRww",
        name: "furikake bagels with wasabi cream cheese",
        length: Some(60),
        thumbnail: [
          Thumbnail(
            url: "https://i.ytimg.com/vi/enioc_stRww/hq720_2.jpg?sqp=-oaymwEdCJUDENAFSFXyq4qpAw8IARUAAIhCcAHAAQbQAQE=&rs=AOn4CLAvuuzWWkheTWlxekXlfRQaLyCkgw",
            width: 405,
            height: 720,
          ),
        ],
        channel: Some(ChannelTag(
          id: "UCh8gHdtzO2tXd593_bjErWg",
          name: "Doobydobap",
          avatar: [],
          verification: Verified,
          subscriber_count: Some(2980000),
        )),
        publish_date: "[date]",
        publish_date_txt: Some("6 days ago"),
        view_count: Some(652000),
        is_live: false,
        is_short: true,
        is_upcoming: false,
        short_description: None,
      ),
      VideoItem(
        id: "NUM8kCPas5w",
        name: "simple is best",
        length: Some(49),
        thumbnail: [
          Thumbnail(
            url: "https://i.ytimg.com/vi/NUM8kCPas5w/hq720_2.jpg?sqp=-oaymwEdCJUDENAFSFXyq4qpAw8IARUAAIhCcAHAAQbQAQE=&rs=AOn4CLCwxLgEGi6qFutTKFhNN8_Q9goERQ",
            width: 405,
            height: 720,
          ),
        ],
        channel: Some(ChannelTag(
          id: "UCh8gHdtzO2tXd593_bjErWg",
          name: "Doobydobap",
          avatar: [],
          verification: Verified,
          subscriber_count: Some(2980000),
        )),
        publish_date: "[date]",
        publish_date_txt: Some("8 days ago"),
        view_count: Some(795000),
        is_live: false,
        is_short: true,
        is_upcoming: false,
        short_description: None,
      ),
      VideoItem(
        id: "1djkcsFnlYE",
        name: "edible history lesson!",
        length: Some(60),
        thumbnail: [
          Thumbnail(
            url: "https://i.ytimg.com/vi/1djkcsFnlYE/hq720_2.jpg?sqp=-oaymwEdCJUDENAFSFXyq4qpAw8IARUAAIhCcAHAAQbQAQE=&rs=AOn4CLBYEzfWIeQYuVX2SuCD3acfBV_GmQ",
            width: 405,
            height: 720,
          ),
        ],
        channel: Some(ChannelTag(
          id: "UCh8gHdtzO2tXd593_bjErWg",
          name: "Doobydobap",
          avatar: [],
          verification: Verified,
          subscriber_count: Some(2980000),
        )),
        publish_date: "[date]",
        publish_date_txt: Some("9 days ago"),
        view_count: Some(1700000),
        is_live: false,
        is_short: true,
        is_upcoming: false,
        short_description: None,
      ),
      VideoItem(
        id: "cIYrJtAoftI",
        name: "and I\'m feeling good",
        length: Some(53),
        thumbnail: [
          Thumbnail(
            url: "https://i.ytimg.com/vi/cIYrJtAoftI/hq720_2.jpg?sqp=-oaymwEdCJUDENAFSFXyq4qpAw8IARUAAIhCcAHAAQbQAQE=&rs=AOn4CLAdfxT0JXCZDz1oKnxugvbLHUmQwQ",
            width: 405,
            height: 720,
          ),
        ],
        channel: Some(ChannelTag(
          id: "UCh8gHdtzO2tXd593_bjErWg",
          name: "Doobydobap",
          avatar: [],
          verification: Verified,
          subscriber_count: Some(2980000),
        )),
        publish_date: "[date]",
        publish_date_txt: Some("11 days ago"),
        view_count: Some(1000000),
        is_live: false,
        is_short: true,
        is_upcoming: false,
        short_description: None,
      ),
      VideoItem(
        id: "cCrH8Er5tf4",
        name: "Rating Korean Convenience Store Milk Flavors 🥛🍼",
        length: Some(60),
        thumbnail: [
          Thumbnail(
            url: "https://i.ytimg.com/vi/cCrH8Er5tf4/hq720_2.jpg?sqp=-oaymwEdCJUDENAFSFXyq4qpAw8IARUAAIhCcAHAAQbQAQE=&rs=AOn4CLCvue8EiM4qnSi1P_iDY8_D0KpTjw",
            width: 405,
            height: 720,
          ),
        ],
        channel: Some(ChannelTag(
          id: "UCh8gHdtzO2tXd593_bjErWg",
          name: "Doobydobap",
          avatar: [],
          verification: Verified,
          subscriber_count: Some(2980000),
        )),
        publish_date: "[date]",
        publish_date_txt: Some("13 days ago"),
        view_count: Some(1500000),
        is_live: false,
        is_short: true,
        is_upcoming: false,
        short_description: None,
      ),
      VideoItem(
        id: "tav5wsH7pzU",
        name: "online dating?",
        length: Some(58),
        thumbnail: [
          Thumbnail(
            url: "https://i.ytimg.com/vi/tav5wsH7pzU/hq720_2.jpg?sqp=-oaymwEdCJUDENAFSFXyq4qpAw8IARUAAIhCcAHAAQbQAQE=&rs=AOn4CLBpJzDAx--VRCMVizHbmhX0BrzwSA",
            width: 405,
            height: 720,
          ),
        ],
        channel: Some(ChannelTag(
          id: "UCh8gHdtzO2tXd593_bjErWg",
          name: "Doobydobap",
          avatar: [],
          verification: Verified,
          subscriber_count: Some(2980000),
        )),
        publish_date: "[date]",
        publish_date_txt: Some("2 weeks ago"),
        view_count: Some(2600000),
        is_live: false,
        is_short: true,
        is_upcoming: false,
        short_description: None,
      ),
      VideoItem(
        id: "5Vd4_GXjF7o",
        name: "Creating thumbnails has never been easier with Adobe Express",
        length: Some(26),
        thumbnail: [
          Thumbnail(
            url: "https://i.ytimg.com/vi/5Vd4_GXjF7o/hq720_2.jpg?sqp=-oaymwEdCJUDENAFSFXyq4qpAw8IARUAAIhCcAHAAQbQAQE=&rs=AOn4CLDbNMXqLd367aghh9ubwacq_SX52g",
            width: 405,
            height: 720,
          ),
        ],
        channel: Some(ChannelTag(
          id: "UCh8gHdtzO2tXd593_bjErWg",
          name: "Doobydobap",
          avatar: [],
          verification: Verified,
          subscriber_count: Some(2980000),
        )),
        publish_date: "[date]",
        publish_date_txt: Some("2 weeks ago"),
        view_count: Some(864000),
        is_live: false,
        is_short: true,
        is_upcoming: false,
        short_description: None,
      ),
      VideoItem(
        id: "-FN1sEI8HkU",
        name: "my favorite color is green",
        length: Some(45),
        thumbnail: [
          Thumbnail(
            url: "https://i.ytimg.com/vi/-FN1sEI8HkU/hq720_2.jpg?sqp=-oaymwEdCJUDENAFSFXyq4qpAw8IARUAAIhCcAHAAQbQAQE=&rs=AOn4CLBbbzDPwPhx8N56W2silnyY2vvx7w",
            width: 405,
            height: 720,
          ),
        ],
        channel: Some(ChannelTag(
          id: "UCh8gHdtzO2tXd593_bjErWg",
          name: "Doobydobap",
          avatar: [],
          verification: Verified,
          subscriber_count: Some(2980000),
        )),
        publish_date: "[date]",
        publish_date_txt: Some("2 weeks ago"),
        view_count: Some(2100000),
        is_live: false,
        is_short: true,
        is_upcoming: false,
        short_description: None,
      ),
      VideoItem(
        id: "viT-dcl2DGE",
        name: "frodo baggins?",
        length: Some(60),
        thumbnail: [
          Thumbnail(
            url: "https://i.ytimg.com/vi/viT-dcl2DGE/hq720_2.jpg?sqp=-oaymwEdCJUDENAFSFXyq4qpAw8IARUAAIhCcAHAAQbQAQE=&rs=AOn4CLDAWEV3DBXl4a53EgheximMMoY_QA",
            width: 405,
            height: 720,
          ),
        ],
        channel: Some(ChannelTag(
          id: "UCh8gHdtzO2tXd593_bjErWg",
          name: "Doobydobap",
          avatar: [],
          verification: Verified,
          subscriber_count: Some(2980000),
        )),
        publish_date: "[date]",
        publish_date_txt: Some("2 weeks ago"),
        view_count: Some(1000000),
        is_live: false,
        is_short: true,
        is_upcoming: false,
        short_description: None,
      ),
      VideoItem(
        id: "N5AKQflK1TU",
        name: "When you impulse buy...",
        length: Some(60),
        thumbnail: [
          Thumbnail(
            url: "https://i.ytimg.com/vi/N5AKQflK1TU/hq720_2.jpg?sqp=-oaymwEdCJUDENAFSFXyq4qpAw8IARUAAIhCcAHAAQbQAQE=&rs=AOn4CLAsKUEXxvFyA6J9cUPJlYYtRBjxmg",
            width: 405,
            height: 720,
          ),
        ],
        channel: Some(ChannelTag(
          id: "UCh8gHdtzO2tXd593_bjErWg",
          name: "Doobydobap",
          avatar: [],
          verification: Verified,
          subscriber_count: Some(2980000),
        )),
        publish_date: "[date]",
        publish_date_txt: Some("2 weeks ago"),
        view_count: Some(4500000),
        is_live: false,
        is_short: true,
        is_upcoming: false,
        short_description: None,
      ),
      VideoItem(
        id: "OzIFALQ_YtA",
        name: "taste testing gam!",
        length: Some(60),
        thumbnail: [
          Thumbnail(
            url: "https://i.ytimg.com/vi/OzIFALQ_YtA/hq720_2.jpg?sqp=-oaymwEdCJUDENAFSFXyq4qpAw8IARUAAIhCcAHAAQbQAQE=&rs=AOn4CLD1E-eWjZrzHcfzh-DBWeZ6ewxNNg",
            width: 405,
            height: 720,
          ),
        ],
        channel: Some(ChannelTag(
          id: "UCh8gHdtzO2tXd593_bjErWg",
          name: "Doobydobap",
          avatar: [],
          verification: Verified,
          subscriber_count: Some(2980000),
        )),
        publish_date: "[date]",
        publish_date_txt: Some("3 weeks ago"),
        view_count: Some(1800000),
        is_live: false,
        is_short: true,
        is_upcoming: false,
        short_description: None,
      ),
      VideoItem(
        id: "dAcJILbc_0Q",
        name: "How to: Korean rice wine 🍶 (makgeolli)",
        length: Some(59),
        thumbnail: [
          Thumbnail(
            url: "https://i.ytimg.com/vi/dAcJILbc_0Q/hq720_2.jpg?sqp=-oaymwEdCJUDENAFSFXyq4qpAw8IARUAAIhCcAHAAQbQAQE=&rs=AOn4CLCi9qIkFstiJzKf9YdwdLEKzsZfZA",
            width: 405,
            height: 720,
          ),
        ],
        channel: Some(ChannelTag(
          id: "UCh8gHdtzO2tXd593_bjErWg",
          name: "Doobydobap",
          avatar: [],
          verification: Verified,
          subscriber_count: Some(2980000),
        )),
        publish_date: "[date]",
        publish_date_txt: Some("3 weeks ago"),
        view_count: Some(1600000),
        is_live: false,
        is_short: true,
        is_upcoming: false,
        short_description: None,
      ),
      VideoItem(
        id: "GvutfmW26JQ",
        name: "👹stay sour 🍋",
        length: Some(52),
        thumbnail: [
          Thumbnail(
            url: "https://i.ytimg.com/vi/GvutfmW26JQ/hq720_2.jpg?sqp=-oaymwEdCJUDENAFSFXyq4qpAw8IARUAAIhCcAHAAQbQAQE=&rs=AOn4CLATzHy4VrMbKmNT14yfqCUBvElmpQ",
            width: 405,
            height: 720,
          ),
        ],
        channel: Some(ChannelTag(
          id: "UCh8gHdtzO2tXd593_bjErWg",
          name: "Doobydobap",
          avatar: [],
          verification: Verified,
          subscriber_count: Some(2980000),
        )),
        publish_date: "[date]",
        publish_date_txt: Some("3 weeks ago"),
        view_count: Some(1300000),
        is_live: false,
        is_short: true,
        is_upcoming: false,
        short_description: None,
      ),
      VideoItem(
        id: "MwWdlNamxN0",
        name: "what I do with leftovers",
        length: Some(60),
        thumbnail: [
          Thumbnail(
            url: "https://i.ytimg.com/vi/MwWdlNamxN0/hq720_2.jpg?sqp=-oaymwEdCJUDENAFSFXyq4qpAw8IARUAAIhCcAHAAQbQAQE=&rs=AOn4CLDQFiOrRxYkYaYaJleuwExGzK0A8Q",
            width: 405,
            height: 720,
          ),
        ],
        channel: Some(ChannelTag(
          id: "UCh8gHdtzO2tXd593_bjErWg",
          name: "Doobydobap",
          avatar: [],
          verification: Verified,
          subscriber_count: Some(2980000),
        )),
        publish_date: "[date]",
        publish_date_txt: Some("1 month ago"),
        view_count: Some(3400000),
        is_live: false,
        is_short: true,
        is_upcoming: false,
        short_description: None,
      ),
      VideoItem(
        id: "FsYaHsohjBc",
        name: "osechi ft. slim shady",
        length: Some(52),
        thumbnail: [
          Thumbnail(
            url: "https://i.ytimg.com/vi/FsYaHsohjBc/hq720_2.jpg?sqp=-oaymwEdCJUDENAFSFXyq4qpAw8IARUAAIhCcAHAAQbQAQE=&rs=AOn4CLBuuMnmUl-er211GWmxJoIacRMWPQ",
            width: 405,
            height: 720,
          ),
        ],
        channel: Some(ChannelTag(
          id: "UCh8gHdtzO2tXd593_bjErWg",
          name: "Doobydobap",
          avatar: [],
          verification: Verified,
          subscriber_count: Some(2980000),
        )),
        publish_date: "[date]",
        publish_date_txt: Some("1 month ago"),
        view_count: Some(1300000),
        is_live: false,
        is_short: true,
        is_upcoming: false,
        short_description: None,
      ),
      VideoItem(
        id: "o04Yo2qxqcc",
        name: "trailer l doob gourmand ep.3 k bbq",
        length: Some(53),
        thumbnail: [
          Thumbnail(
            url: "https://i.ytimg.com/vi/o04Yo2qxqcc/hq720_2.jpg?sqp=-oaymwEdCJUDENAFSFXyq4qpAw8IARUAAIhCcAHAAQbQAQE=&rs=AOn4CLAAqXMMzlzLMIFNEAMwgDbQ1NkuSw",
            width: 405,
            height: 720,
          ),
        ],
        channel: Some(ChannelTag(
          id: "UCh8gHdtzO2tXd593_bjErWg",
          name: "Doobydobap",
          avatar: [],
          verification: Verified,
          subscriber_count: Some(2980000),
        )),
        publish_date: "[date]",
        publish_date_txt: Some("1 month ago"),
        view_count: Some(756000),
        is_live: false,
        is_short: true,
        is_upcoming: false,
        short_description: None,
      ),
      VideoItem(
        id: "JBUZE0mIlg8",
        name: "small but sure joy",
        length: Some(29),
        thumbnail: [
          Thumbnail(
            url: "https://i.ytimg.com/vi/JBUZE0mIlg8/hq720_2.jpg?sqp=-oaymwEdCJUDENAFSFXyq4qpAw8IARUAAIhCcAHAAQbQAQE=&rs=AOn4CLCRBlyIUBUm_aypWz4tGkrDNJxIZw",
            width: 405,
            height: 720,
          ),
        ],
        channel: Some(ChannelTag(
          id: "UCh8gHdtzO2tXd593_bjErWg",
          name: "Doobydobap",
          avatar: [],
          verification: Verified,
          subscriber_count: Some(2980000),
        )),
        publish_date: "[date]",
        publish_date_txt: Some("1 month ago"),
        view_count: Some(1300000),
        is_live: false,
        is_short: true,
        is_upcoming: false,
        short_description: None,
      ),
      VideoItem(
        id: "SRrvxFc2b2c",
        name: "i don\'t believe in long distance relationships",
        length: Some(60),
        thumbnail: [
          Thumbnail(
            url: "https://i.ytimg.com/vi/SRrvxFc2b2c/hq720_2.jpg?sqp=-oaymwEdCJUDENAFSFXyq4qpAw8IARUAAIhCcAHAAQbQAQE=&rs=AOn4CLA0hJdOfUp-zMI-vW43sYnKgufocA",
            width: 405,
            height: 720,
          ),
        ],
        channel: Some(ChannelTag(
          id: "UCh8gHdtzO2tXd593_bjErWg",
          name: "Doobydobap",
          avatar: [],
          verification: Verified,
          subscriber_count: Some(2980000),
        )),
        publish_date: "[date]",
        publish_date_txt: Some("1 month ago"),
        view_count: Some(3900000),
        is_live: false,
        is_short: true,
        is_upcoming: false,
        short_description: None,
      ),
      VideoItem(
        id: "cNx0ql9gnf4",
        name: "come over :)",
        length: Some(44),
        thumbnail: [
          Thumbnail(
            url: "https://i.ytimg.com/vi/cNx0ql9gnf4/hq720_2.jpg?sqp=-oaymwEdCJUDENAFSFXyq4qpAw8IARUAAIhCcAHAAQbQAQE=&rs=AOn4CLBvAKRZE2LyKIo6_6prX9pzfiWoVw",
            width: 405,
            height: 720,
          ),
        ],
        channel: Some(ChannelTag(
          id: "UCh8gHdtzO2tXd593_bjErWg",
          name: "Doobydobap",
          avatar: [],
          verification: Verified,
          subscriber_count: Some(2980000),
        )),
        publish_date: "[date]",
        publish_date_txt: Some("1 month ago"),
        view_count: Some(1800000),
        is_live: false,
        is_short: true,
        is_upcoming: false,
        short_description: None,
      ),
      VideoItem(
        id: "fGQUWI4o__A",
        name: "Baskin Robbins in South Korea",
        length: Some(53),
        thumbnail: [
          Thumbnail(
            url: "https://i.ytimg.com/vi/fGQUWI4o__A/hq720_2.jpg?sqp=-oaymwEdCJUDENAFSFXyq4qpAw8IARUAAIhCcAHAAQbQAQE=&rs=AOn4CLDyPuI762qzLAZM0QikxjFKVpoF9w",
            width: 405,
            height: 720,
          ),
        ],
        channel: Some(ChannelTag(
          id: "UCh8gHdtzO2tXd593_bjErWg",
          name: "Doobydobap",
          avatar: [],
          verification: Verified,
          subscriber_count: Some(2980000),
        )),
        publish_date: "[date]",
        publish_date_txt: Some("1 month ago"),
        view_count: Some(3100000),
        is_live: false,
        is_short: true,
        is_upcoming: false,
        short_description: None,
      ),
      VideoItem(
        id: "Q73VTjdqVA8",
        name: "dry hot pot",
        length: Some(51),
        thumbnail: [
          Thumbnail(
            url: "https://i.ytimg.com/vi/Q73VTjdqVA8/hq720_2.jpg?sqp=-oaymwEdCJUDENAFSFXyq4qpAw8IARUAAIhCcAHAAQbQAQE=&rs=AOn4CLBfJXtFWfAnyMOvaJfvpYJ5WrhbSA",
            width: 405,
            height: 720,
          ),
        ],
        channel: Some(ChannelTag(
          id: "UCh8gHdtzO2tXd593_bjErWg",
          name: "Doobydobap",
          avatar: [],
          verification: Verified,
          subscriber_count: Some(2980000),
        )),
        publish_date: "[date]",
        publish_date_txt: Some("1 month ago"),
        view_count: Some(1700000),
        is_live: false,
        is_short: true,
        is_upcoming: false,
        short_description: None,
      ),
      VideoItem(
        id: "gTG2WDbiYGo",
        name: "time machine",
        length: Some(49),
        thumbnail: [
          Thumbnail(
            url: "https://i.ytimg.com/vi/gTG2WDbiYGo/hq720_2.jpg?sqp=-oaymwEdCJUDENAFSFXyq4qpAw8IARUAAIhCcAHAAQbQAQE=&rs=AOn4CLDw5Lw19mNLJnoIF3aCGkMbxvgILQ",
            width: 405,
            height: 720,
          ),
        ],
        channel: Some(ChannelTag(
          id: "UCh8gHdtzO2tXd593_bjErWg",
          name: "Doobydobap",
          avatar: [],
          verification: Verified,
          subscriber_count: Some(2980000),
        )),
        publish_date: "[date]",
        publish_date_txt: Some("1 month ago"),
        view_count: Some(1800000),
        is_live: false,
        is_short: true,
        is_upcoming: false,
        short_description: None,
      ),
      VideoItem(
        id: "y5JK5YFp92g",
        name: "tiramissu",
        length: Some(58),
        thumbnail: [
          Thumbnail(
            url: "https://i.ytimg.com/vi/y5JK5YFp92g/hq720_2.jpg?sqp=-oaymwEdCJUDENAFSFXyq4qpAw8IARUAAIhCcAHAAQbQAQE=&rs=AOn4CLCR66ytQIBWWw_ajvgyaUdUawHVIg",
            width: 405,
            height: 720,
          ),
        ],
        channel: Some(ChannelTag(
          id: "UCh8gHdtzO2tXd593_bjErWg",
          name: "Doobydobap",
          avatar: [],
          verification: Verified,
          subscriber_count: Some(2980000),
        )),
        publish_date: "[date]",
        publish_date_txt: Some("1 month ago"),
        view_count: Some(1800000),
        is_live: false,
        is_short: true,
        is_upcoming: false,
        short_description: None,
      ),
      VideoItem(
        id: "pvSWHm4wlxY",
        name: "having kids",
        length: Some(60),
        thumbnail: [
          Thumbnail(
            url: "https://i.ytimg.com/vi/pvSWHm4wlxY/hq720_2.jpg?sqp=-oaymwEdCJUDENAFSFXyq4qpAw8IARUAAIhCcAHAAQbQAQE=&rs=AOn4CLDt7ZAwQoObfa5A7gC_hJnU1WH4Ug",
            width: 405,
            height: 720,
          ),
        ],
        channel: Some(ChannelTag(
          id: "UCh8gHdtzO2tXd593_bjErWg",
          name: "Doobydobap",
          avatar: [],
          verification: Verified,
          subscriber_count: Some(2980000),
        )),
        publish_date: "[date]",
        publish_date_txt: Some("1 month ago"),
        view_count: Some(11000000),
        is_live: false,
        is_short: true,
        is_upcoming: false,
        short_description: None,
      ),
      VideoItem(
        id: "CqFGACRrWJE",
        name: "just do it",
        length: Some(60),
        thumbnail: [
          Thumbnail(
            url: "https://i.ytimg.com/vi/CqFGACRrWJE/hq720_2.jpg?sqp=-oaymwEdCJUDENAFSFXyq4qpAw8IARUAAIhCcAHAAQbQAQE=&rs=AOn4CLDyAIF4S_foRXsyvq16YCPJWNKewQ",
            width: 405,
            height: 720,
          ),
        ],
        channel: Some(ChannelTag(
          id: "UCh8gHdtzO2tXd593_bjErWg",
          name: "Doobydobap",
          avatar: [],
          verification: Verified,
          subscriber_count: Some(2980000),
        )),
        publish_date: "[date]",
        publish_date_txt: Some("1 month ago"),
        view_count: Some(3100000),
        is_live: false,
        is_short: true,
        is_upcoming: false,
        short_description: None,
      ),
      VideoItem(
        id: "DdGr6t2NqKc",
        name: "coming soon",
        length: Some(58),
        thumbnail: [
          Thumbnail(
            url: "https://i.ytimg.com/vi/DdGr6t2NqKc/hq720_2.jpg?sqp=-oaymwEdCJUDENAFSFXyq4qpAw8IARUAAIhCcAHAAQbQAQE=&rs=AOn4CLDRYfxh25EjK3zuOJORNNahxeBanA",
            width: 405,
            height: 720,
          ),
        ],
        channel: Some(ChannelTag(
          id: "UCh8gHdtzO2tXd593_bjErWg",
          name: "Doobydobap",
          avatar: [],
          verification: Verified,
          subscriber_count: Some(2980000),
        )),
        publish_date: "[date]",
        publish_date_txt: Some("1 month ago"),
        view_count: Some(688000),
        is_live: false,
        is_short: true,
        is_upcoming: false,
        short_description: None,
      ),
      VideoItem(
        id: "jKS44NMWuXw",
        name: "adult money",
        length: Some(60),
        thumbnail: [
          Thumbnail(
            url: "https://i.ytimg.com/vi/jKS44NMWuXw/hq720_2.jpg?sqp=-oaymwEdCJUDENAFSFXyq4qpAw8IARUAAIhCcAHAAQbQAQE=&rs=AOn4CLAIexckdN7FXJUgkeJvITHyzXw1TQ",
            width: 405,
            height: 720,
          ),
        ],
        channel: Some(ChannelTag(
          id: "UCh8gHdtzO2tXd593_bjErWg",
          name: "Doobydobap",
          avatar: [],
          verification: Verified,
          subscriber_count: Some(2980000),
        )),
        publish_date: "[date]",
        publish_date_txt: Some("2 months ago"),
        view_count: Some(1900000),
        is_live: false,
        is_short: true,
        is_upcoming: false,
        short_description: None,
      ),
      VideoItem(
        id: "kx1YtJM_vbI",
        name: "a fig\'s journey",
        length: Some(57),
        thumbnail: [
          Thumbnail(
            url: "https://i.ytimg.com/vi/kx1YtJM_vbI/hq720_2.jpg?sqp=-oaymwEdCJUDENAFSFXyq4qpAw8IARUAAIhCcAHAAQbQAQE=&rs=AOn4CLAi03nhSbt84LL7PFD2ij8GmaDlLQ",
            width: 405,
            height: 720,
          ),
        ],
        channel: Some(ChannelTag(
          id: "UCh8gHdtzO2tXd593_bjErWg",
          name: "Doobydobap",
          avatar: [],
          verification: Verified,
          subscriber_count: Some(2980000),
        )),
        publish_date: "[date]",
        publish_date_txt: Some("2 months ago"),
        view_count: Some(1000000),
        is_live: false,
        is_short: true,
        is_upcoming: false,
        short_description: None,
      ),
      VideoItem(
        id: "Sdbzs-1WWH0",
        name: "How to.. Mozzarella 🧀",
        length: Some(54),
        thumbnail: [
          Thumbnail(
            url: "https://i.ytimg.com/vi/Sdbzs-1WWH0/hq720_2.jpg?sqp=-oaymwEdCJUDENAFSFXyq4qpAw8IARUAAIhCcAHAAQbQAQE=&rs=AOn4CLC8IkwAif4wXhBGxHiosiILbPCSBw",
            width: 405,
            height: 720,
          ),
        ],
        channel: Some(ChannelTag(
          id: "UCh8gHdtzO2tXd593_bjErWg",
          name: "Doobydobap",
          avatar: [],
          verification: Verified,
          subscriber_count: Some(2980000),
        )),
        publish_date: "[date]",
        publish_date_txt: Some("2 months ago"),
        view_count: Some(6400000),
        is_live: false,
        is_short: true,
        is_upcoming: false,
        short_description: None,
      ),
      VideoItem(
        id: "9qBHyJIDous",
        name: "how to drink like a real korean",
        length: Some(57),
        thumbnail: [
          Thumbnail(
            url: "https://i.ytimg.com/vi/9qBHyJIDous/hq720_2.jpg?sqp=-oaymwEdCJUDENAFSFXyq4qpAw8IARUAAIhCcAHAAQbQAQE=&rs=AOn4CLB9Ib_E0siDiRMZ_GVHVxBfMd0Dkw",
            width: 405,
            height: 720,
          ),
        ],
        channel: Some(ChannelTag(
          id: "UCh8gHdtzO2tXd593_bjErWg",
          name: "Doobydobap",
          avatar: [],
          verification: Verified,
          subscriber_count: Some(2980000),
        )),
        publish_date: "[date]",
        publish_date_txt: Some("2 months ago"),
        view_count: Some(16000000),
        is_live: false,
        is_short: true,
        is_upcoming: false,
        short_description: None,
      ),
      VideoItem(
        id: "mBeFDb4gp8s",
        name: "mr. krabs soup",
        length: Some(59),
        thumbnail: [
          Thumbnail(
            url: "https://i.ytimg.com/vi/mBeFDb4gp8s/hq720_2.jpg?sqp=-oaymwEdCJUDENAFSFXyq4qpAw8IARUAAIhCcAHAAQbQAQE=&rs=AOn4CLCzAPzv16WTJLr4ma-sAz6fNkFL0g",
            width: 405,
            height: 720,
          ),
        ],
        channel: Some(ChannelTag(
          id: "UCh8gHdtzO2tXd593_bjErWg",
          name: "Doobydobap",
          avatar: [],
          verification: Verified,
          subscriber_count: Some(2980000),
        )),
        publish_date: "[date]",
        publish_date_txt: Some("2 months ago"),
        view_count: Some(2700000),
        is_live: false,
        is_short: true,
        is_upcoming: false,
        short_description: None,
      ),
      VideoItem(
        id: "b38r1UYqoBQ",
        name: "in five years",
        length: Some(57),
        thumbnail: [
          Thumbnail(
            url: "https://i.ytimg.com/vi/b38r1UYqoBQ/hq720_2.jpg?sqp=-oaymwEdCJUDENAFSFXyq4qpAw8IARUAAIhCcAHAAQbQAQE=&rs=AOn4CLCGB9IpC2Enx5iZ-YCl0vEpMGpo9A",
            width: 405,
            height: 720,
          ),
        ],
        channel: Some(ChannelTag(
          id: "UCh8gHdtzO2tXd593_bjErWg",
          name: "Doobydobap",
          avatar: [],
          verification: Verified,
          subscriber_count: Some(2980000),
        )),
        publish_date: "[date]",
        publish_date_txt: Some("2 months ago"),
        view_count: Some(2500000),
        is_live: false,
        is_short: true,
        is_upcoming: false,
        short_description: None,
      ),
      VideoItem(
        id: "RdFk4WaifEo",
        name: "a weeknight dinner",
        length: Some(59),
        thumbnail: [
          Thumbnail(
            url: "https://i.ytimg.com/vi/RdFk4WaifEo/hq720_2.jpg?sqp=-oaymwEdCJUDENAFSFXyq4qpAw8IARUAAIhCcAHAAQbQAQE=&rs=AOn4CLBlKLBjBagaTQj24nYb-HkCQQcWHA",
            width: 405,
            height: 720,
          ),
        ],
        channel: Some(ChannelTag(
          id: "UCh8gHdtzO2tXd593_bjErWg",
          name: "Doobydobap",
          avatar: [],
          verification: Verified,
          subscriber_count: Some(2980000),
        )),
        publish_date: "[date]",
        publish_date_txt: Some("2 months ago"),
        view_count: Some(2000000),
        is_live: false,
        is_short: true,
        is_upcoming: false,
        short_description: None,
      ),
      VideoItem(
        id: "GuyGyzZcumI",
        name: "McDonald\'s Michelin Burger",
        length: Some(59),
        thumbnail: [
          Thumbnail(
            url: "https://i.ytimg.com/vi/GuyGyzZcumI/hq720_2.jpg?sqp=-oaymwEdCJUDENAFSFXyq4qpAw8IARUAAIhCcAHAAQbQAQE=&rs=AOn4CLDtmyilZAgMw8VWNy518etIKi4phA",
            width: 405,
            height: 720,
          ),
        ],
        channel: Some(ChannelTag(
          id: "UCh8gHdtzO2tXd593_bjErWg",
          name: "Doobydobap",
          avatar: [],
          verification: Verified,
          subscriber_count: Some(2980000),
        )),
        publish_date: "[date]",
        publish_date_txt: Some("2 months ago"),
        view_count: Some(5300000),
        is_live: false,
        is_short: true,
        is_upcoming: false,
        short_description: None,
      ),
      VideoItem(
        id: "07Zipsb3-qU",
        name: "cwispy potato pancake",
        length: Some(59),
        thumbnail: [
          Thumbnail(
            url: "https://i.ytimg.com/vi/07Zipsb3-qU/hq720_2.jpg?sqp=-oaymwEdCJYDENAFSFXyq4qpAw8IARUAAIhCcAHAAQbQAQE=&rs=AOn4CLARXBTZlNStCVemXSkHfAWksRogng",
            width: 406,
            height: 720,
          ),
        ],
        channel: Some(ChannelTag(
          id: "UCh8gHdtzO2tXd593_bjErWg",
          name: "Doobydobap",
          avatar: [],
          verification: Verified,
          subscriber_count: Some(2980000),
        )),
        publish_date: "[date]",
        publish_date_txt: Some("3 months ago"),
        view_count: Some(2000000),
        is_live: false,
        is_short: true,
        is_upcoming: false,
        short_description: None,
      ),
      VideoItem(
        id: "3kaePnU6Clo",
        name: "authenticity is overrated",
        length: Some(58),
        thumbnail: [
          Thumbnail(
            url: "https://i.ytimg.com/vi/3kaePnU6Clo/hq720_2.jpg?sqp=-oaymwEdCJYDENAFSFXyq4qpAw8IARUAAIhCcAHAAQbQAQE=&rs=AOn4CLDq0MY9dsMvr9Y6yaJ7069fgtdpGA",
            width: 406,
            height: 720,
          ),
        ],
        channel: Some(ChannelTag(
          id: "UCh8gHdtzO2tXd593_bjErWg",
          name: "Doobydobap",
          avatar: [],
          verification: Verified,
          subscriber_count: Some(2980000),
        )),
        publish_date: "[date]",
        publish_date_txt: Some("3 months ago"),
        view_count: Some(9100000),
        is_live: false,
        is_short: true,
        is_upcoming: false,
        short_description: None,
      ),
      VideoItem(
        id: "rt4rXMftnpg",
        name: "you can kimchi anything (T&C applies)",
        length: Some(60),
        thumbnail: [
          Thumbnail(
            url: "https://i.ytimg.com/vi/rt4rXMftnpg/hq720_2.jpg?sqp=-oaymwEdCJUDENAFSFXyq4qpAw8IARUAAIhCcAHAAQbQAQE=&rs=AOn4CLC7WfSTGHkH2FEmn9gQ5E4AqpRtug",
            width: 405,
            height: 720,
          ),
        ],
        channel: Some(ChannelTag(
          id: "UCh8gHdtzO2tXd593_bjErWg",
          name: "Doobydobap",
          avatar: [],
          verification: Verified,
          subscriber_count: Some(2980000),
        )),
        publish_date: "[date]",
        publish_date_txt: Some("3 months ago"),
        view_count: Some(2600000),
        is_live: false,
        is_short: true,
        is_upcoming: false,
        short_description: None,
      ),
      VideoItem(
        id: "DTyLUvbf128",
        name: "egg, soy, and perfect pot rice",
        length: Some(60),
        thumbnail: [
          Thumbnail(
            url: "https://i.ytimg.com/vi/DTyLUvbf128/hq720_2.jpg?sqp=-oaymwEdCJYDENAFSFXyq4qpAw8IARUAAIhCcAHAAQbQAQE=&rs=AOn4CLAN1AtPya1D1NyiO0XYKOjIZIyhhQ",
            width: 406,
            height: 720,
          ),
        ],
        channel: Some(ChannelTag(
          id: "UCh8gHdtzO2tXd593_bjErWg",
          name: "Doobydobap",
          avatar: [],
          verification: Verified,
          subscriber_count: Some(2980000),
        )),
        publish_date: "[date]",
        publish_date_txt: Some("3 months ago"),
        view_count: Some(6500000),
        is_live: false,
        is_short: true,
        is_upcoming: false,
        short_description: None,
      ),
      VideoItem(
        id: "DzjLBgIe_aI",
        name: "love language",
        length: Some(60),
        thumbnail: [
          Thumbnail(
            url: "https://i.ytimg.com/vi/DzjLBgIe_aI/hq720_2.jpg?sqp=-oaymwEdCJYDENAFSFXyq4qpAw8IARUAAIhCcAHAAQbQAQE=&rs=AOn4CLDWVkrYrt64LvvxrMRfs29g_lGrNw",
            width: 406,
            height: 720,
          ),
        ],
        channel: Some(ChannelTag(
          id: "UCh8gHdtzO2tXd593_bjErWg",
          name: "Doobydobap",
          avatar: [],
          verification: Verified,
          subscriber_count: Some(2980000),
        )),
        publish_date: "[date]",
        publish_date_txt: Some("3 months ago"),
        view_count: Some(2200000),
        is_live: false,
        is_short: true,
        is_upcoming: false,
        short_description: None,
      ),
      VideoItem(
        id: "9JboRKeJ2m4",
        name: "Rating Italian McDonald\'s",
        length: Some(60),
        thumbnail: [
          Thumbnail(
            url: "https://i.ytimg.com/vi/9JboRKeJ2m4/hq720_2.jpg?sqp=-oaymwEdCJYDENAFSFXyq4qpAw8IARUAAIhCcAHAAQbQAQE=&rs=AOn4CLC7xktrbnAqJq2nHH9aDggULsb3Cg",
            width: 406,
            height: 720,
          ),
        ],
        channel: Some(ChannelTag(
          id: "UCh8gHdtzO2tXd593_bjErWg",
          name: "Doobydobap",
          avatar: [],
          verification: Verified,
          subscriber_count: Some(2980000),
        )),
        publish_date: "[date]",
        publish_date_txt: Some("3 months ago"),
        view_count: Some(6600000),
        is_live: false,
        is_short: true,
        is_upcoming: false,
        short_description: None,
      ),
      VideoItem(
        id: "_Tl6h81EIn8",
        name: "Dining at a 3 Michelin Star Restaurant in Korea",
        length: Some(55),
        thumbnail: [
          Thumbnail(
            url: "https://i.ytimg.com/vi/_Tl6h81EIn8/hq720_2.jpg?sqp=-oaymwEdCJYDENAFSFXyq4qpAw8IARUAAIhCcAHAAQbQAQE=&rs=AOn4CLCG7qH60f_af0h_9wMPyTyH7TCtRA",
            width: 406,
            height: 720,
          ),
        ],
        channel: Some(ChannelTag(
          id: "UCh8gHdtzO2tXd593_bjErWg",
          name: "Doobydobap",
          avatar: [],
          verification: Verified,
          subscriber_count: Some(2980000),
        )),
        publish_date: "[date]",
        publish_date_txt: Some("3 months ago"),
        view_count: Some(3900000),
        is_live: false,
        is_short: true,
        is_upcoming: false,
        short_description: None,
      ),
      VideoItem(
        id: "Oap2LXS22AE",
        name: "a teaser",
        length: Some(40),
        thumbnail: [
          Thumbnail(
            url: "https://i.ytimg.com/vi/Oap2LXS22AE/hq720_2.jpg?sqp=-oaymwEdCJYDENAFSFXyq4qpAw8IARUAAIhCcAHAAQbQAQE=&rs=AOn4CLB7E04Mcqkkp_-5gAIV_mZgRnNI1g",
            width: 406,
            height: 720,
          ),
        ],
        channel: Some(ChannelTag(
          id: "UCh8gHdtzO2tXd593_bjErWg",
          name: "Doobydobap",
          avatar: [],
          verification: Verified,
          subscriber_count: Some(2980000),
        )),
        publish_date: "[date]",
        publish_date_txt: Some("3 months ago"),
        view_count: Some(978000),
        is_live: false,
        is_short: true,
        is_upcoming: false,
        short_description: None,
      ),
      VideoItem(
        id: "kCHjQE27i5w",
        name: "my favorite instant ramen recipe pt.3",
        length: Some(47),
        thumbnail: [
          Thumbnail(
            url: "https://i.ytimg.com/vi/kCHjQE27i5w/hq720_2.jpg?sqp=-oaymwEdCJYDENAFSFXyq4qpAw8IARUAAIhCcAHAAQbQAQE=&rs=AOn4CLCwGvkTsfIXVeeZYmxdkDOFoH9xZw",
            width: 406,
            height: 720,
          ),
        ],
        channel: Some(ChannelTag(
          id: "UCh8gHdtzO2tXd593_bjErWg",
          name: "Doobydobap",
          avatar: [],
          verification: Verified,
          subscriber_count: Some(2980000),
        )),
        publish_date: "[date]",
        publish_date_txt: Some("4 months ago"),
        view_count: Some(4500000),
        is_live: false,
        is_short: true,
        is_upcoming: false,
        short_description: None,
      ),
      VideoItem(
        id: "W9P0FdBh-LU",
        name: "cat food onigiri 🍙 (neko manma onigiri)",
        length: Some(50),
        thumbnail: [
          Thumbnail(
            url: "https://i.ytimg.com/vi/W9P0FdBh-LU/hq720_2.jpg?sqp=-oaymwEdCJYDENAFSFXyq4qpAw8IARUAAIhCcAHAAQbQAQE=&rs=AOn4CLDAs3p7zfbP2hGqREQOp4wnquvIjg",
            width: 406,
            height: 720,
          ),
        ],
        channel: Some(ChannelTag(
          id: "UCh8gHdtzO2tXd593_bjErWg",
          name: "Doobydobap",
          avatar: [],
          verification: Verified,
          subscriber_count: Some(2980000),
        )),
        publish_date: "[date]",
        publish_date_txt: Some("4 months ago"),
        view_count: Some(2100000),
        is_live: false,
        is_short: true,
        is_upcoming: false,
        short_description: None,
      ),
      VideoItem(
        id: "MmxysCGNaMk",
        name: "Why I would never date a YouTuber",
        length: Some(55),
        thumbnail: [
          Thumbnail(
            url: "https://i.ytimg.com/vi/MmxysCGNaMk/hq720_2.jpg?sqp=-oaymwEdCJYDENAFSFXyq4qpAw8IARUAAIhCcAHAAQbQAQE=&rs=AOn4CLB2EeJzBkkr82bxYs5cRJrMnofF2A",
            width: 406,
            height: 720,
          ),
        ],
        channel: Some(ChannelTag(
          id: "UCh8gHdtzO2tXd593_bjErWg",
          name: "Doobydobap",
          avatar: [],
          verification: Verified,
          subscriber_count: Some(2980000),
        )),
        publish_date: "[date]",
        publish_date_txt: Some("4 months ago"),
        view_count: Some(4000000),
        is_live: false,
        is_short: true,
        is_upcoming: false,
        short_description: None,
      ),
      VideoItem(
        id: "IrR3tT_IqZg",
        name: "arguing with family",
        length: Some(59),
        thumbnail: [
          Thumbnail(
            url: "https://i.ytimg.com/vi/IrR3tT_IqZg/hq720_2.jpg?sqp=-oaymwEdCJYDENAFSFXyq4qpAw8IARUAAIhCcAHAAQbQAQE=&rs=AOn4CLDyLFRwphvJjLfb_8ClsANWPfTx7g",
            width: 406,
            height: 720,
          ),
        ],
        channel: Some(ChannelTag(
          id: "UCh8gHdtzO2tXd593_bjErWg",
          name: "Doobydobap",
          avatar: [],
          verification: Verified,
          subscriber_count: Some(2980000),
        )),
        publish_date: "[date]",
        publish_date_txt: Some("4 months ago"),
        view_count: Some(6300000),
        is_live: false,
        is_short: true,
        is_upcoming: false,
        short_description: None,
      ),
    ],
    ctoken: Some("4qmFsgLlARIYVUNoOGdIZHR6TzJ0WGQ1OTNfYmpFcldnGsgBOGdhU0FScVBBVktNQVFxSEFRcGZRME00VVVGU2IyWnZaMWxqUTJob1ZsRXlaelJhTUdoclpFaHdVRTF1VWxsYVJGVTFUVEU1YVdGclZubFdNbU5SUVZOSlVrTm5PSGhQYWtVeVRtcFpOVTlFWnpCTmFsRjVUbFJyY1VSUmIweFRXRXBUVFROU1ZWZ3diSGhYYldNU0pEWXpOakl6WkdRd0xUQXdNREF0TW1GaFlpMWlZalF6TFRVNE1qUXlPV00yTmpFell4Z0I%3D"),
    visitor_data: Some("Cgt3cDF3NkYwWWlENCiI8_CaBg%3D%3D"),
    endpoint: browse,
  ),
)
