---
source: tests/youtube.rs
expression: album
---
MusicAlbum(
  id: "MPREb_u1I69lSAe5v",
  playlist_id: Some("OLAK5uy_lGP_zv0vJDUlecQDzugUJmjcF7pvyVNyY"),
  name: "Waldbrand",
  cover: "[cover]",
  artists: [
    ArtistId(
      id: Some("UCpJyCbFbdTrx0M90HCNBHFQ"),
      name: "Madeline Juno",
    ),
  ],
  album_type: Ep,
  year: Some(2016),
  by_va: false,
  tracks: [
    TrackItem(
      id: "aGd3VKSOTxY",
      title: "Ich wache auf",
      duration: Some(221),
      cover: [],
      artists: [
        ArtistId(
          id: Some("UCpJyCbFbdTrx0M90HCNBHFQ"),
          name: "Madeline Juno",
        ),
      ],
      album: Some(AlbumId(
        id: "MPREb_u1I69lSAe5v",
        name: "Waldbrand",
      )),
      view_count: None,
      is_video: false,
      track_nr: Some(1),
    ),
    TrackItem(
      id: "lhPOMUjV4rE",
      title: "Waldbrand",
      duration: Some(208),
      cover: [],
      artists: [
        ArtistId(
          id: Some("UCpJyCbFbdTrx0M90HCNBHFQ"),
          name: "Madeline Juno",
        ),
      ],
      album: Some(AlbumId(
        id: "MPREb_u1I69lSAe5v",
        name: "Waldbrand",
      )),
      view_count: None,
      is_video: false,
      track_nr: Some(2),
    ),
    TrackItem(
      id: "Bu26uFtpt58",
      title: "Verlernt",
      duration: Some(223),
      cover: [],
      artists: [
        ArtistId(
          id: Some("UCpJyCbFbdTrx0M90HCNBHFQ"),
          name: "Madeline Juno",
        ),
      ],
      album: Some(AlbumId(
        id: "MPREb_u1I69lSAe5v",
        name: "Waldbrand",
      )),
      view_count: None,
      is_video: false,
      track_nr: Some(3),
    ),
    TrackItem(
      id: "RgwNqqiVqdY",
      title: "In Farbe",
      duration: Some(221),
      cover: [],
      artists: [
        ArtistId(
          id: Some("UCpJyCbFbdTrx0M90HCNBHFQ"),
          name: "Madeline Juno",
        ),
      ],
      album: Some(AlbumId(
        id: "MPREb_u1I69lSAe5v",
        name: "Waldbrand",
      )),
      view_count: None,
      is_video: false,
      track_nr: Some(4),
    ),
    TrackItem(
      id: "2TuOh30XbCI",
      title: "Stadt im Hinterland",
      duration: Some(197),
      cover: [],
      artists: [
        ArtistId(
          id: Some("UCpJyCbFbdTrx0M90HCNBHFQ"),
          name: "Madeline Juno",
        ),
      ],
      album: Some(AlbumId(
        id: "MPREb_u1I69lSAe5v",
        name: "Waldbrand",
      )),
      view_count: None,
      is_video: false,
      track_nr: Some(5),
    ),
  ],
  variants: [],
)
