---
source: tests/youtube.rs
expression: artist
---
MusicArtist(
  id: "UCNezSmfQ8VIgvHUNj1Gzx6A",
  name: "[name]",
  header_image: "[header_image]",
  description: "[description]",
  wikipedia_url: "[wikipedia_url]",
  subscriber_count: "[subscriber_count]",
  tracks: "[tracks]",
  albums: [
    AlbumItem(
      id: "MPREb_1YdfqtEhzJk",
      name: "[name]",
      cover: "[cover]",
      artists: [
        ArtistId(
          id: Some("UCNezSmfQ8VIgvHUNj1Gzx6A"),
          name: "[name]",
        ),
      ],
      artist_id: Some("UCNezSmfQ8VIgvHUNj1Gzx6A"),
      album_type: Album,
      year: Some(2014),
      by_va: false,
    ),
    AlbumItem(
      id: "MPREb_1xPKoZWoeIu",
      name: "[name]",
      cover: "[cover]",
      artists: [
        ArtistId(
          id: Some("UCNezSmfQ8VIgvHUNj1Gzx6A"),
          name: "[name]",
        ),
      ],
      artist_id: Some("UCNezSmfQ8VIgvHUNj1Gzx6A"),
      album_type: Single,
      year: Some(2022),
      by_va: false,
    ),
    AlbumItem(
      id: "MPREb_2V2kxN1gA8H",
      name: "[name]",
      cover: "[cover]",
      artists: [
        ArtistId(
          id: Some("UCNezSmfQ8VIgvHUNj1Gzx6A"),
          name: "[name]",
        ),
      ],
      artist_id: Some("UCNezSmfQ8VIgvHUNj1Gzx6A"),
      album_type: Album,
      year: Some(2008),
      by_va: false,
    ),
    AlbumItem(
      id: "MPREb_3pEEsTT78cq",
      name: "[name]",
      cover: "[cover]",
      artists: [
        ArtistId(
          id: Some("UCNezSmfQ8VIgvHUNj1Gzx6A"),
          name: "[name]",
        ),
      ],
      artist_id: Some("UCNezSmfQ8VIgvHUNj1Gzx6A"),
      album_type: Album,
      year: Some(2016),
      by_va: false,
    ),
    AlbumItem(
      id: "MPREb_4XJAm8XR4zo",
      name: "[name]",
      cover: "[cover]",
      artists: [
        ArtistId(
          id: Some("UCNezSmfQ8VIgvHUNj1Gzx6A"),
          name: "[name]",
        ),
      ],
      artist_id: Some("UCNezSmfQ8VIgvHUNj1Gzx6A"),
      album_type: Album,
      year: Some(2016),
      by_va: false,
    ),
    AlbumItem(
      id: "MPREb_4zrbBUagjzR",
      name: "[name]",
      cover: "[cover]",
      artists: [
        ArtistId(
          id: Some("UCNezSmfQ8VIgvHUNj1Gzx6A"),
          name: "[name]",
        ),
      ],
      artist_id: Some("UCNezSmfQ8VIgvHUNj1Gzx6A"),
      album_type: Album,
      year: Some(2006),
      by_va: false,
    ),
    AlbumItem(
      id: "MPREb_6HW4Nw73smP",
      name: "[name]",
      cover: "[cover]",
      artists: [
        ArtistId(
          id: Some("UCNezSmfQ8VIgvHUNj1Gzx6A"),
          name: "[name]",
        ),
      ],
      artist_id: Some("UCNezSmfQ8VIgvHUNj1Gzx6A"),
      album_type: Album,
      year: Some(1997),
      by_va: false,
    ),
    AlbumItem(
      id: "MPREb_6dGGnA5dw09",
      name: "[name]",
      cover: "[cover]",
      artists: [
        ArtistId(
          id: Some("UCNezSmfQ8VIgvHUNj1Gzx6A"),
          name: "[name]",
        ),
      ],
      artist_id: Some("UCNezSmfQ8VIgvHUNj1Gzx6A"),
      album_type: Album,
      year: Some(1984),
      by_va: false,
    ),
    AlbumItem(
      id: "MPREb_7jUKDBJBWiv",
      name: "[name]",
      cover: "[cover]",
      artists: [
        ArtistId(
          id: Some("UCNezSmfQ8VIgvHUNj1Gzx6A"),
          name: "[name]",
        ),
      ],
      artist_id: Some("UCNezSmfQ8VIgvHUNj1Gzx6A"),
      album_type: Album,
      year: Some(1977),
      by_va: false,
    ),
    AlbumItem(
      id: "MPREb_82lKeM7Vwfc",
      name: "[name]",
      cover: "[cover]",
      artists: [
        ArtistId(
          id: Some("UCNezSmfQ8VIgvHUNj1Gzx6A"),
          name: "[name]",
        ),
      ],
      artist_id: Some("UCNezSmfQ8VIgvHUNj1Gzx6A"),
      album_type: Album,
      year: Some(2013),
      by_va: false,
    ),
    AlbumItem(
      id: "MPREb_830EY0Vwdpl",
      name: "[name]",
      cover: "[cover]",
      artists: [
        ArtistId(
          id: Some("UCNezSmfQ8VIgvHUNj1Gzx6A"),
          name: "[name]",
        ),
      ],
      artist_id: Some("UCNezSmfQ8VIgvHUNj1Gzx6A"),
      album_type: Album,
      year: Some(2016),
      by_va: false,
    ),
    AlbumItem(
      id: "MPREb_87Dpc5SQkSb",
      name: "[name]",
      cover: "[cover]",
      artists: [
        ArtistId(
          id: Some("UCNezSmfQ8VIgvHUNj1Gzx6A"),
          name: "[name]",
        ),
      ],
      artist_id: Some("UCNezSmfQ8VIgvHUNj1Gzx6A"),
      album_type: Album,
      year: Some(2019),
      by_va: false,
    ),
    AlbumItem(
      id: "MPREb_8qm8QuqVot1",
      name: "[name]",
      cover: "[cover]",
      artists: [
        ArtistId(
          id: Some("UCNezSmfQ8VIgvHUNj1Gzx6A"),
          name: "[name]",
        ),
      ],
      artist_id: Some("UCNezSmfQ8VIgvHUNj1Gzx6A"),
      album_type: Album,
      year: Some(1981),
      by_va: false,
    ),
    AlbumItem(
      id: "MPREb_9ZHX8sqcAyL",
      name: "[name]",
      cover: "[cover]",
      artists: [
        ArtistId(
          id: Some("UCNezSmfQ8VIgvHUNj1Gzx6A"),
          name: "[name]",
        ),
      ],
      artist_id: Some("UCNezSmfQ8VIgvHUNj1Gzx6A"),
      album_type: Album,
      year: Some(1994),
      by_va: false,
    ),
    AlbumItem(
      id: "MPREb_9l7jGsdk6HJ",
      name: "[name]",
      cover: "[cover]",
      artists: [
        ArtistId(
          id: Some("UCNezSmfQ8VIgvHUNj1Gzx6A"),
          name: "[name]",
        ),
      ],
      artist_id: Some("UCNezSmfQ8VIgvHUNj1Gzx6A"),
      album_type: Ep,
      year: Some(1997),
      by_va: false,
    ),
    AlbumItem(
      id: "MPREb_AHY6X6M1F6w",
      name: "[name]",
      cover: "[cover]",
      artists: [
        ArtistId(
          id: Some("UCNezSmfQ8VIgvHUNj1Gzx6A"),
          name: "[name]",
        ),
      ],
      artist_id: Some("UCNezSmfQ8VIgvHUNj1Gzx6A"),
      album_type: Album,
      year: Some(2016),
      by_va: false,
    ),
    AlbumItem(
      id: "MPREb_B7tr0ihsrZl",
      name: "[name]",
      cover: "[cover]",
      artists: [
        ArtistId(
          id: Some("UCNezSmfQ8VIgvHUNj1Gzx6A"),
          name: "[name]",
        ),
      ],
      artist_id: Some("UCNezSmfQ8VIgvHUNj1Gzx6A"),
      album_type: Album,
      year: Some(2013),
      by_va: false,
    ),
    AlbumItem(
      id: "MPREb_BFX2NuxokTt",
      name: "[name]",
      cover: "[cover]",
      artists: [
        ArtistId(
          id: Some("UCNezSmfQ8VIgvHUNj1Gzx6A"),
          name: "[name]",
        ),
      ],
      artist_id: Some("UCNezSmfQ8VIgvHUNj1Gzx6A"),
      album_type: Album,
      year: Some(2020),
      by_va: false,
    ),
    AlbumItem(
      id: "MPREb_Bi9U4F52NTe",
      name: "[name]",
      cover: "[cover]",
      artists: [
        ArtistId(
          id: Some("UCNezSmfQ8VIgvHUNj1Gzx6A"),
          name: "[name]",
        ),
      ],
      artist_id: Some("UCNezSmfQ8VIgvHUNj1Gzx6A"),
      album_type: Album,
      year: Some(1995),
      by_va: false,
    ),
    AlbumItem(
      id: "MPREb_C87JgTOwTID",
      name: "[name]",
      cover: "[cover]",
      artists: [
        ArtistId(
          id: Some("UCNezSmfQ8VIgvHUNj1Gzx6A"),
          name: "[name]",
        ),
      ],
      artist_id: Some("UCNezSmfQ8VIgvHUNj1Gzx6A"),
      album_type: Album,
      year: Some(2016),
      by_va: false,
    ),
    AlbumItem(
      id: "MPREb_CazIrat9i5X",
      name: "[name]",
      cover: "[cover]",
      artists: [
        ArtistId(
          id: Some("UCNezSmfQ8VIgvHUNj1Gzx6A"),
          name: "[name]",
        ),
      ],
      artist_id: Some("UCNezSmfQ8VIgvHUNj1Gzx6A"),
      album_type: Album,
      year: Some(2017),
      by_va: false,
    ),
    AlbumItem(
      id: "MPREb_FCbBh2FzaAN",
      name: "[name]",
      cover: "[cover]",
      artists: [
        ArtistId(
          id: Some("UCNezSmfQ8VIgvHUNj1Gzx6A"),
          name: "[name]",
        ),
      ],
      artist_id: Some("UCNezSmfQ8VIgvHUNj1Gzx6A"),
      album_type: Album,
      year: Some(2020),
      by_va: false,
    ),
    AlbumItem(
      id: "MPREb_FudXQ3u3MMJ",
      name: "[name]",
      cover: "[cover]",
      artists: [
        ArtistId(
          id: Some("UCNezSmfQ8VIgvHUNj1Gzx6A"),
          name: "[name]",
        ),
      ],
      artist_id: Some("UCNezSmfQ8VIgvHUNj1Gzx6A"),
      album_type: Album,
      year: Some(1990),
      by_va: false,
    ),
    AlbumItem(
      id: "MPREb_GMIt8Nj9DPk",
      name: "[name]",
      cover: "[cover]",
      artists: [
        ArtistId(
          id: Some("UCNezSmfQ8VIgvHUNj1Gzx6A"),
          name: "[name]",
        ),
      ],
      artist_id: Some("UCNezSmfQ8VIgvHUNj1Gzx6A"),
      album_type: Album,
      year: Some(2016),
      by_va: false,
    ),
    AlbumItem(
      id: "MPREb_H6he4DCvQWh",
      name: "[name]",
      cover: "[cover]",
      artists: [
        ArtistId(
          id: Some("UCNezSmfQ8VIgvHUNj1Gzx6A"),
          name: "[name]",
        ),
      ],
      artist_id: Some("UCNezSmfQ8VIgvHUNj1Gzx6A"),
      album_type: Album,
      year: Some(1980),
      by_va: false,
    ),
    AlbumItem(
      id: "MPREb_HguJDkhr7Jp",
      name: "[name]",
      cover: "[cover]",
      artists: [
        ArtistId(
          id: Some("UCNezSmfQ8VIgvHUNj1Gzx6A"),
          name: "[name]",
        ),
      ],
      artist_id: Some("UCNezSmfQ8VIgvHUNj1Gzx6A"),
      album_type: Album,
      year: Some(2001),
      by_va: false,
    ),
    AlbumItem(
      id: "MPREb_HmJ5Ll5To3Q",
      name: "[name]",
      cover: "[cover]",
      artists: [
        ArtistId(
          id: Some("UCNezSmfQ8VIgvHUNj1Gzx6A"),
          name: "[name]",
        ),
      ],
      artist_id: Some("UCNezSmfQ8VIgvHUNj1Gzx6A"),
      album_type: Album,
      year: Some(1975),
      by_va: false,
    ),
    AlbumItem(
      id: "MPREb_IRWbo2OJEfj",
      name: "[name]",
      cover: "[cover]",
      artists: [
        ArtistId(
          id: Some("UCNezSmfQ8VIgvHUNj1Gzx6A"),
          name: "[name]",
        ),
      ],
      artist_id: Some("UCNezSmfQ8VIgvHUNj1Gzx6A"),
      album_type: Album,
      year: Some(1987),
      by_va: false,
    ),
    AlbumItem(
      id: "MPREb_IgMbxq76UxR",
      name: "[name]",
      cover: "[cover]",
      artists: [
        ArtistId(
          id: Some("UCNezSmfQ8VIgvHUNj1Gzx6A"),
          name: "[name]",
        ),
      ],
      artist_id: Some("UCNezSmfQ8VIgvHUNj1Gzx6A"),
      album_type: Album,
      year: Some(1980),
      by_va: false,
    ),
    AlbumItem(
      id: "MPREb_J6RzeMkseSc",
      name: "[name]",
      cover: "[cover]",
      artists: [
        ArtistId(
          id: Some("UCNezSmfQ8VIgvHUNj1Gzx6A"),
          name: "[name]",
        ),
      ],
      artist_id: Some("UCNezSmfQ8VIgvHUNj1Gzx6A"),
      album_type: Album,
      year: Some(1991),
      by_va: false,
    ),
    AlbumItem(
      id: "MPREb_JR8Hbd21BcW",
      name: "[name]",
      cover: "[cover]",
      artists: [
        ArtistId(
          id: Some("UCNezSmfQ8VIgvHUNj1Gzx6A"),
          name: "[name]",
        ),
      ],
      artist_id: Some("UCNezSmfQ8VIgvHUNj1Gzx6A"),
      album_type: Album,
      year: Some(2013),
      by_va: false,
    ),
    AlbumItem(
      id: "MPREb_JVvppBjeDJE",
      name: "[name]",
      cover: "[cover]",
      artists: [
        ArtistId(
          id: Some("UCNezSmfQ8VIgvHUNj1Gzx6A"),
          name: "[name]",
        ),
      ],
      artist_id: Some("UCNezSmfQ8VIgvHUNj1Gzx6A"),
      album_type: Album,
      year: Some(2008),
      by_va: false,
    ),
    AlbumItem(
      id: "MPREb_JcMSoRcvEok",
      name: "[name]",
      cover: "[cover]",
      artists: [
        ArtistId(
          id: Some("UCNezSmfQ8VIgvHUNj1Gzx6A"),
          name: "[name]",
        ),
      ],
      artist_id: Some("UCNezSmfQ8VIgvHUNj1Gzx6A"),
      album_type: Album,
      year: Some(2016),
      by_va: false,
    ),
    AlbumItem(
      id: "MPREb_JdbmYSbZK77",
      name: "[name]",
      cover: "[cover]",
      artists: [
        ArtistId(
          id: Some("UCNezSmfQ8VIgvHUNj1Gzx6A"),
          name: "[name]",
        ),
      ],
      artist_id: Some("UCNezSmfQ8VIgvHUNj1Gzx6A"),
      album_type: Album,
      year: Some(2014),
      by_va: false,
    ),
    AlbumItem(
      id: "MPREb_Jhgpzn29Nnu",
      name: "[name]",
      cover: "[cover]",
      artists: [
        ArtistId(
          id: Some("UCNezSmfQ8VIgvHUNj1Gzx6A"),
          name: "[name]",
        ),
      ],
      artist_id: Some("UCNezSmfQ8VIgvHUNj1Gzx6A"),
      album_type: Album,
      year: Some(1983),
      by_va: false,
    ),
    AlbumItem(
      id: "MPREb_KbjBmrLHlpc",
      name: "[name]",
      cover: "[cover]",
      artists: [
        ArtistId(
          id: Some("UCNezSmfQ8VIgvHUNj1Gzx6A"),
          name: "[name]",
        ),
      ],
      artist_id: Some("UCNezSmfQ8VIgvHUNj1Gzx6A"),
      album_type: Single,
      year: Some(2016),
      by_va: false,
    ),
    AlbumItem(
      id: "MPREb_Kf9cJhi7sbP",
      name: "[name]",
      cover: "[cover]",
      artists: [
        ArtistId(
          id: Some("UCNezSmfQ8VIgvHUNj1Gzx6A"),
          name: "[name]",
        ),
      ],
      artist_id: Some("UCNezSmfQ8VIgvHUNj1Gzx6A"),
      album_type: Album,
      year: Some(2007),
      by_va: false,
    ),
    AlbumItem(
      id: "MPREb_MiWibgl6kLh",
      name: "[name]",
      cover: "[cover]",
      artists: [
        ArtistId(
          id: Some("UCNezSmfQ8VIgvHUNj1Gzx6A"),
          name: "[name]",
        ),
      ],
      artist_id: Some("UCNezSmfQ8VIgvHUNj1Gzx6A"),
      album_type: Album,
      year: Some(2017),
      by_va: false,
    ),
    AlbumItem(
      id: "MPREb_N4JsVV4Ufjg",
      name: "[name]",
      cover: "[cover]",
      artists: [
        ArtistId(
          id: Some("UCNezSmfQ8VIgvHUNj1Gzx6A"),
          name: "[name]",
        ),
      ],
      artist_id: Some("UCNezSmfQ8VIgvHUNj1Gzx6A"),
      album_type: Album,
      year: Some(2016),
      by_va: false,
    ),
    AlbumItem(
      id: "MPREb_NMW4JmSXAlo",
      name: "[name]",
      cover: "[cover]",
      artists: [
        ArtistId(
          id: Some("UCNezSmfQ8VIgvHUNj1Gzx6A"),
          name: "[name]",
        ),
      ],
      artist_id: Some("UCNezSmfQ8VIgvHUNj1Gzx6A"),
      album_type: Album,
      year: Some(1977),
      by_va: false,
    ),
    AlbumItem(
      id: "MPREb_NSN8eVYHel1",
      name: "[name]",
      cover: "[cover]",
      artists: [
        ArtistId(
          id: Some("UCNezSmfQ8VIgvHUNj1Gzx6A"),
          name: "[name]",
        ),
      ],
      artist_id: Some("UCNezSmfQ8VIgvHUNj1Gzx6A"),
      album_type: Album,
      year: Some(2017),
      by_va: false,
    ),
    AlbumItem(
      id: "MPREb_PWICjCH8Sqt",
      name: "[name]",
      cover: "[cover]",
      artists: [
        ArtistId(
          id: Some("UCNezSmfQ8VIgvHUNj1Gzx6A"),
          name: "[name]",
        ),
      ],
      artist_id: Some("UCNezSmfQ8VIgvHUNj1Gzx6A"),
      album_type: Album,
      year: Some(2018),
      by_va: false,
    ),
    AlbumItem(
      id: "MPREb_QidqbACaJRt",
      name: "[name]",
      cover: "[cover]",
      artists: [
        ArtistId(
          id: Some("UCNezSmfQ8VIgvHUNj1Gzx6A"),
          name: "[name]",
        ),
      ],
      artist_id: Some("UCNezSmfQ8VIgvHUNj1Gzx6A"),
      album_type: Album,
      year: Some(1981),
      by_va: false,
    ),
    AlbumItem(
      id: "MPREb_RJ8KP2FUrkc",
      name: "[name]",
      cover: "[cover]",
      artists: [
        ArtistId(
          id: Some("UCNezSmfQ8VIgvHUNj1Gzx6A"),
          name: "[name]",
        ),
      ],
      artist_id: Some("UCNezSmfQ8VIgvHUNj1Gzx6A"),
      album_type: Album,
      year: Some(1996),
      by_va: false,
    ),
    AlbumItem(
      id: "MPREb_SUwSYEk8Mtu",
      name: "[name]",
      cover: "[cover]",
      artists: [
        ArtistId(
          id: Some("UCNezSmfQ8VIgvHUNj1Gzx6A"),
          name: "[name]",
        ),
      ],
      artist_id: Some("UCNezSmfQ8VIgvHUNj1Gzx6A"),
      album_type: Album,
      year: Some(2009),
      by_va: false,
    ),
    AlbumItem(
      id: "MPREb_SYwccaCyCRW",
      name: "[name]",
      cover: "[cover]",
      artists: [
        ArtistId(
          id: Some("UCNezSmfQ8VIgvHUNj1Gzx6A"),
          name: "[name]",
        ),
      ],
      artist_id: Some("UCNezSmfQ8VIgvHUNj1Gzx6A"),
      album_type: Album,
      year: Some(2012),
      by_va: false,
    ),
    AlbumItem(
      id: "MPREb_ScWLtTsEBa4",
      name: "[name]",
      cover: "[cover]",
      artists: [
        ArtistId(
          id: Some("UCNezSmfQ8VIgvHUNj1Gzx6A"),
          name: "[name]",
        ),
      ],
      artist_id: Some("UCNezSmfQ8VIgvHUNj1Gzx6A"),
      album_type: Album,
      year: Some(2016),
      by_va: false,
    ),
    AlbumItem(
      id: "MPREb_TxOC4PzSj00",
      name: "[name]",
      cover: "[cover]",
      artists: [
        ArtistId(
          id: Some("UCNezSmfQ8VIgvHUNj1Gzx6A"),
          name: "[name]",
        ),
      ],
      artist_id: Some("UCNezSmfQ8VIgvHUNj1Gzx6A"),
      album_type: Album,
      year: Some(2010),
      by_va: false,
    ),
    AlbumItem(
      id: "MPREb_U9JPzI3TF6c",
      name: "[name]",
      cover: "[cover]",
      artists: [
        ArtistId(
          id: Some("UCNezSmfQ8VIgvHUNj1Gzx6A"),
          name: "[name]",
        ),
      ],
      artist_id: Some("UCNezSmfQ8VIgvHUNj1Gzx6A"),
      album_type: Album,
      year: Some(2019),
      by_va: false,
    ),
    AlbumItem(
      id: "MPREb_VA5uabZd2Vc",
      name: "[name]",
      cover: "[cover]",
      artists: [
        ArtistId(
          id: Some("UCNezSmfQ8VIgvHUNj1Gzx6A"),
          name: "[name]",
        ),
      ],
      artist_id: Some("UCNezSmfQ8VIgvHUNj1Gzx6A"),
      album_type: Album,
      year: Some(1994),
      by_va: false,
    ),
    AlbumItem(
      id: "MPREb_VbMmY6baf5V",
      name: "[name]",
      cover: "[cover]",
      artists: [
        ArtistId(
          id: Some("UCNezSmfQ8VIgvHUNj1Gzx6A"),
          name: "[name]",
        ),
      ],
      artist_id: Some("UCNezSmfQ8VIgvHUNj1Gzx6A"),
      album_type: Album,
      year: Some(1979),
      by_va: false,
    ),
    AlbumItem(
      id: "MPREb_WTI8Z2nOKkS",
      name: "[name]",
      cover: "[cover]",
      artists: [
        ArtistId(
          id: Some("UCNezSmfQ8VIgvHUNj1Gzx6A"),
          name: "[name]",
        ),
      ],
      artist_id: Some("UCNezSmfQ8VIgvHUNj1Gzx6A"),
      album_type: Album,
      year: Some(2006),
      by_va: false,
    ),
    AlbumItem(
      id: "MPREb_WZ6MhN62Mfe",
      name: "[name]",
      cover: "[cover]",
      artists: [
        ArtistId(
          id: Some("UCNezSmfQ8VIgvHUNj1Gzx6A"),
          name: "[name]",
        ),
      ],
      artist_id: Some("UCNezSmfQ8VIgvHUNj1Gzx6A"),
      album_type: Album,
      year: Some(2016),
      by_va: false,
    ),
    AlbumItem(
      id: "MPREb_Y2WXQCxCzvJ",
      name: "[name]",
      cover: "[cover]",
      artists: [
        ArtistId(
          id: Some("UCNezSmfQ8VIgvHUNj1Gzx6A"),
          name: "[name]",
        ),
      ],
      artist_id: Some("UCNezSmfQ8VIgvHUNj1Gzx6A"),
      album_type: Single,
      year: Some(1987),
      by_va: false,
    ),
    AlbumItem(
      id: "MPREb_YcAeUKiFaZz",
      name: "[name]",
      cover: "[cover]",
      artists: [
        ArtistId(
          id: Some("UCNezSmfQ8VIgvHUNj1Gzx6A"),
          name: "[name]",
        ),
      ],
      artist_id: Some("UCNezSmfQ8VIgvHUNj1Gzx6A"),
      album_type: Album,
      year: Some(1985),
      by_va: false,
    ),
    AlbumItem(
      id: "MPREb_Z0GuFKGhYXN",
      name: "[name]",
      cover: "[cover]",
      artists: [
        ArtistId(
          id: Some("UCNezSmfQ8VIgvHUNj1Gzx6A"),
          name: "[name]",
        ),
      ],
      artist_id: Some("UCNezSmfQ8VIgvHUNj1Gzx6A"),
      album_type: Album,
      year: Some(2019),
      by_va: false,
    ),
    AlbumItem(
      id: "MPREb_ZuyA9VHU1sH",
      name: "[name]",
      cover: "[cover]",
      artists: [
        ArtistId(
          id: Some("UCNezSmfQ8VIgvHUNj1Gzx6A"),
          name: "[name]",
        ),
      ],
      artist_id: Some("UCNezSmfQ8VIgvHUNj1Gzx6A"),
      album_type: Album,
      year: Some(2016),
      by_va: false,
    ),
    AlbumItem(
      id: "MPREb_arpxDESu8HE",
      name: "[name]",
      cover: "[cover]",
      artists: [
        ArtistId(
          id: Some("UCNezSmfQ8VIgvHUNj1Gzx6A"),
          name: "[name]",
        ),
      ],
      artist_id: Some("UCNezSmfQ8VIgvHUNj1Gzx6A"),
      album_type: Album,
      year: Some(1997),
      by_va: false,
    ),
    AlbumItem(
      id: "MPREb_bYhOsGCAXHi",
      name: "[name]",
      cover: "[cover]",
      artists: [
        ArtistId(
          id: Some("UCNezSmfQ8VIgvHUNj1Gzx6A"),
          name: "[name]",
        ),
      ],
      artist_id: Some("UCNezSmfQ8VIgvHUNj1Gzx6A"),
      album_type: Album,
      year: Some(1982),
      by_va: false,
    ),
    AlbumItem(
      id: "MPREb_bvYhGUA7ifF",
      name: "[name]",
      cover: "[cover]",
      artists: [
        ArtistId(
          id: Some("UCNezSmfQ8VIgvHUNj1Gzx6A"),
          name: "[name]",
        ),
      ],
      artist_id: Some("UCNezSmfQ8VIgvHUNj1Gzx6A"),
      album_type: Album,
      year: Some(1978),
      by_va: false,
    ),
    AlbumItem(
      id: "MPREb_cqgWddwQqRU",
      name: "[name]",
      cover: "[cover]",
      artists: [
        ArtistId(
          id: Some("UCNezSmfQ8VIgvHUNj1Gzx6A"),
          name: "[name]",
        ),
      ],
      artist_id: Some("UCNezSmfQ8VIgvHUNj1Gzx6A"),
      album_type: Ep,
      year: Some(2018),
      by_va: false,
    ),
    AlbumItem(
      id: "MPREb_dMEKEJfZn94",
      name: "[name]",
      cover: "[cover]",
      artists: [
        ArtistId(
          id: Some("UCNezSmfQ8VIgvHUNj1Gzx6A"),
          name: "[name]",
        ),
      ],
      artist_id: Some("UCNezSmfQ8VIgvHUNj1Gzx6A"),
      album_type: Album,
      year: Some(2016),
      by_va: false,
    ),
    AlbumItem(
      id: "MPREb_e9V2xnBBtfV",
      name: "[name]",
      cover: "[cover]",
      artists: [
        ArtistId(
          id: Some("UCNezSmfQ8VIgvHUNj1Gzx6A"),
          name: "[name]",
        ),
      ],
      artist_id: Some("UCNezSmfQ8VIgvHUNj1Gzx6A"),
      album_type: Album,
      year: Some(2016),
      by_va: false,
    ),
    AlbumItem(
      id: "MPREb_eWqX5U7yhLX",
      name: "[name]",
      cover: "[cover]",
      artists: [
        ArtistId(
          id: Some("UCNezSmfQ8VIgvHUNj1Gzx6A"),
          name: "[name]",
        ),
      ],
      artist_id: Some("UCNezSmfQ8VIgvHUNj1Gzx6A"),
      album_type: Album,
      year: Some(1974),
      by_va: false,
    ),
    AlbumItem(
      id: "MPREb_g9pV31y1er7",
      name: "[name]",
      cover: "[cover]",
      artists: [
        ArtistId(
          id: Some("UCNezSmfQ8VIgvHUNj1Gzx6A"),
          name: "[name]",
        ),
      ],
      artist_id: Some("UCNezSmfQ8VIgvHUNj1Gzx6A"),
      album_type: Album,
      year: Some(1992),
      by_va: false,
    ),
    AlbumItem(
      id: "MPREb_goR1k65Lg21",
      name: "[name]",
      cover: "[cover]",
      artists: [
        ArtistId(
          id: Some("UCNezSmfQ8VIgvHUNj1Gzx6A"),
          name: "[name]",
        ),
      ],
      artist_id: Some("UCNezSmfQ8VIgvHUNj1Gzx6A"),
      album_type: Album,
      year: Some(1983),
      by_va: false,
    ),
    AlbumItem(
      id: "MPREb_i4EQt7Y73Xl",
      name: "[name]",
      cover: "[cover]",
      artists: [
        ArtistId(
          id: Some("UCNezSmfQ8VIgvHUNj1Gzx6A"),
          name: "[name]",
        ),
      ],
      artist_id: Some("UCNezSmfQ8VIgvHUNj1Gzx6A"),
      album_type: Album,
      year: Some(1992),
      by_va: false,
    ),
    AlbumItem(
      id: "MPREb_jG7RroeYqjr",
      name: "[name]",
      cover: "[cover]",
      artists: [
        ArtistId(
          id: Some("UCNezSmfQ8VIgvHUNj1Gzx6A"),
          name: "[name]",
        ),
      ],
      artist_id: Some("UCNezSmfQ8VIgvHUNj1Gzx6A"),
      album_type: Album,
      year: Some(2015),
      by_va: false,
    ),
    AlbumItem(
      id: "MPREb_jKEWIgvzxYX",
      name: "[name]",
      cover: "[cover]",
      artists: [
        ArtistId(
          id: Some("UCNezSmfQ8VIgvHUNj1Gzx6A"),
          name: "[name]",
        ),
      ],
      artist_id: Some("UCNezSmfQ8VIgvHUNj1Gzx6A"),
      album_type: Album,
      year: Some(1973),
      by_va: false,
    ),
    AlbumItem(
      id: "MPREb_jq0xEpkBzz8",
      name: "[name]",
      cover: "[cover]",
      artists: [
        ArtistId(
          id: Some("UCNezSmfQ8VIgvHUNj1Gzx6A"),
          name: "[name]",
        ),
      ],
      artist_id: Some("UCNezSmfQ8VIgvHUNj1Gzx6A"),
      album_type: Album,
      year: Some(1972),
      by_va: false,
    ),
    AlbumItem(
      id: "MPREb_keOALsvXDNY",
      name: "[name]",
      cover: "[cover]",
      artists: [
        ArtistId(
          id: Some("UCNezSmfQ8VIgvHUNj1Gzx6A"),
          name: "[name]",
        ),
      ],
      artist_id: Some("UCNezSmfQ8VIgvHUNj1Gzx6A"),
      album_type: Album,
      year: Some(2022),
      by_va: false,
    ),
    AlbumItem(
      id: "MPREb_keYMDo0Fjmn",
      name: "[name]",
      cover: "[cover]",
      artists: [
        ArtistId(
          id: Some("UCNezSmfQ8VIgvHUNj1Gzx6A"),
          name: "[name]",
        ),
      ],
      artist_id: Some("UCNezSmfQ8VIgvHUNj1Gzx6A"),
      album_type: Album,
      year: Some(2017),
      by_va: false,
    ),
    AlbumItem(
      id: "MPREb_lt6Zhp7WHOQ",
      name: "[name]",
      cover: "[cover]",
      artists: [
        ArtistId(
          id: Some("UCNezSmfQ8VIgvHUNj1Gzx6A"),
          name: "[name]",
        ),
      ],
      artist_id: Some("UCNezSmfQ8VIgvHUNj1Gzx6A"),
      album_type: Album,
      year: Some(2014),
      by_va: false,
    ),
    AlbumItem(
      id: "MPREb_lv4Dftlsg4q",
      name: "[name]",
      cover: "[cover]",
      artists: [
        ArtistId(
          id: Some("UCNezSmfQ8VIgvHUNj1Gzx6A"),
          name: "[name]",
        ),
      ],
      artist_id: Some("UCNezSmfQ8VIgvHUNj1Gzx6A"),
      album_type: Album,
      year: Some(1976),
      by_va: false,
    ),
    AlbumItem(
      id: "MPREb_lwj5eVCmkNN",
      name: "[name]",
      cover: "[cover]",
      artists: [
        ArtistId(
          id: Some("UCNezSmfQ8VIgvHUNj1Gzx6A"),
          name: "[name]",
        ),
      ],
      artist_id: Some("UCNezSmfQ8VIgvHUNj1Gzx6A"),
      album_type: Album,
      year: Some(2000),
      by_va: false,
    ),
    AlbumItem(
      id: "MPREb_m5ZjSslpz7b",
      name: "[name]",
      cover: "[cover]",
      artists: [
        ArtistId(
          id: Some("UCNezSmfQ8VIgvHUNj1Gzx6A"),
          name: "[name]",
        ),
      ],
      artist_id: Some("UCNezSmfQ8VIgvHUNj1Gzx6A"),
      album_type: Album,
      year: Some(2020),
      by_va: false,
    ),
    AlbumItem(
      id: "MPREb_m9o4mYTUGcv",
      name: "[name]",
      cover: "[cover]",
      artists: [
        ArtistId(
          id: Some("UCNezSmfQ8VIgvHUNj1Gzx6A"),
          name: "[name]",
        ),
      ],
      artist_id: Some("UCNezSmfQ8VIgvHUNj1Gzx6A"),
      album_type: Album,
      year: Some(1983),
      by_va: false,
    ),
    AlbumItem(
      id: "MPREb_n6FSu1OoHak",
      name: "[name]",
      cover: "[cover]",
      artists: [
        ArtistId(
          id: Some("UCNezSmfQ8VIgvHUNj1Gzx6A"),
          name: "[name]",
        ),
      ],
      artist_id: Some("UCNezSmfQ8VIgvHUNj1Gzx6A"),
      album_type: Album,
      year: Some(2013),
      by_va: false,
    ),
    AlbumItem(
      id: "MPREb_niyagUM087H",
      name: "[name]",
      cover: "[cover]",
      artists: [
        ArtistId(
          id: Some("UCNezSmfQ8VIgvHUNj1Gzx6A"),
          name: "[name]",
        ),
      ],
      artist_id: Some("UCNezSmfQ8VIgvHUNj1Gzx6A"),
      album_type: Album,
      year: Some(2019),
      by_va: false,
    ),
    AlbumItem(
      id: "MPREb_nuQPYyvUzOz",
      name: "[name]",
      cover: "[cover]",
      artists: [
        ArtistId(
          id: Some("UCNezSmfQ8VIgvHUNj1Gzx6A"),
          name: "[name]",
        ),
      ],
      artist_id: Some("UCNezSmfQ8VIgvHUNj1Gzx6A"),
      album_type: Album,
      year: Some(2008),
      by_va: false,
    ),
    AlbumItem(
      id: "MPREb_oWx2G2riYJ9",
      name: "[name]",
      cover: "[cover]",
      artists: [
        ArtistId(
          id: Some("UCNezSmfQ8VIgvHUNj1Gzx6A"),
          name: "[name]",
        ),
      ],
      artist_id: Some("UCNezSmfQ8VIgvHUNj1Gzx6A"),
      album_type: Ep,
      year: Some(2013),
      by_va: false,
    ),
    AlbumItem(
      id: "MPREb_ostsiuMgUIl",
      name: "[name]",
      cover: "[cover]",
      artists: [
        ArtistId(
          id: Some("UCNezSmfQ8VIgvHUNj1Gzx6A"),
          name: "[name]",
        ),
      ],
      artist_id: Some("UCNezSmfQ8VIgvHUNj1Gzx6A"),
      album_type: Album,
      year: Some(1987),
      by_va: false,
    ),
    AlbumItem(
      id: "MPREb_qJzvNDhs6bQ",
      name: "[name]",
      cover: "[cover]",
      artists: [
        ArtistId(
          id: Some("UCNezSmfQ8VIgvHUNj1Gzx6A"),
          name: "[name]",
        ),
      ],
      artist_id: Some("UCNezSmfQ8VIgvHUNj1Gzx6A"),
      album_type: Album,
      year: Some(2013),
      by_va: false,
    ),
    AlbumItem(
      id: "MPREb_rd5idUDDFCB",
      name: "[name]",
      cover: "[cover]",
      artists: [
        ArtistId(
          id: Some("UCNezSmfQ8VIgvHUNj1Gzx6A"),
          name: "[name]",
        ),
      ],
      artist_id: Some("UCNezSmfQ8VIgvHUNj1Gzx6A"),
      album_type: Album,
      year: Some(1986),
      by_va: false,
    ),
    AlbumItem(
      id: "MPREb_rffvZ1luE5Z",
      name: "[name]",
      cover: "[cover]",
      artists: [
        ArtistId(
          id: Some("UCNezSmfQ8VIgvHUNj1Gzx6A"),
          name: "[name]",
        ),
      ],
      artist_id: Some("UCNezSmfQ8VIgvHUNj1Gzx6A"),
      album_type: Album,
      year: Some(2013),
      by_va: false,
    ),
    AlbumItem(
      id: "MPREb_rrIWOKARaET",
      name: "[name]",
      cover: "[cover]",
      artists: [
        ArtistId(
          id: Some("UCNezSmfQ8VIgvHUNj1Gzx6A"),
          name: "[name]",
        ),
      ],
      artist_id: Some("UCNezSmfQ8VIgvHUNj1Gzx6A"),
      album_type: Single,
      year: Some(2022),
      by_va: false,
    ),
    AlbumItem(
      id: "MPREb_s0prtfMVIrV",
      name: "[name]",
      cover: "[cover]",
      artists: [
        ArtistId(
          id: Some("UCNezSmfQ8VIgvHUNj1Gzx6A"),
          name: "[name]",
        ),
      ],
      artist_id: Some("UCNezSmfQ8VIgvHUNj1Gzx6A"),
      album_type: Album,
      year: Some(1986),
      by_va: false,
    ),
    AlbumItem(
      id: "MPREb_uPZpfuSlwHZ",
      name: "[name]",
      cover: "[cover]",
      artists: [
        ArtistId(
          id: Some("UCNezSmfQ8VIgvHUNj1Gzx6A"),
          name: "[name]",
        ),
      ],
      artist_id: Some("UCNezSmfQ8VIgvHUNj1Gzx6A"),
      album_type: Album,
      year: Some(1977),
      by_va: false,
    ),
    AlbumItem(
      id: "MPREb_vLa1zis7A7T",
      name: "[name]",
      cover: "[cover]",
      artists: [
        ArtistId(
          id: Some("UCNezSmfQ8VIgvHUNj1Gzx6A"),
          name: "[name]",
        ),
      ],
      artist_id: Some("UCNezSmfQ8VIgvHUNj1Gzx6A"),
      album_type: Album,
      year: Some(2013),
      by_va: false,
    ),
    AlbumItem(
      id: "MPREb_ve7V58PgC6P",
      name: "[name]",
      cover: "[cover]",
      artists: [
        ArtistId(
          id: Some("UCNezSmfQ8VIgvHUNj1Gzx6A"),
          name: "[name]",
        ),
      ],
      artist_id: Some("UCNezSmfQ8VIgvHUNj1Gzx6A"),
      album_type: Album,
      year: Some(1977),
      by_va: false,
    ),
    AlbumItem(
      id: "MPREb_vrXLgYkjFJF",
      name: "[name]",
      cover: "[cover]",
      artists: [
        ArtistId(
          id: Some("UCNezSmfQ8VIgvHUNj1Gzx6A"),
          name: "[name]",
        ),
      ],
      artist_id: Some("UCNezSmfQ8VIgvHUNj1Gzx6A"),
      album_type: Album,
      year: Some(2022),
      by_va: false,
    ),
    AlbumItem(
      id: "MPREb_vvl4q5fGyAT",
      name: "[name]",
      cover: "[cover]",
      artists: [
        ArtistId(
          id: Some("UCNezSmfQ8VIgvHUNj1Gzx6A"),
          name: "[name]",
        ),
      ],
      artist_id: Some("UCNezSmfQ8VIgvHUNj1Gzx6A"),
      album_type: Album,
      year: Some(2013),
      by_va: false,
    ),
    AlbumItem(
      id: "MPREb_wBTls1XLsdh",
      name: "[name]",
      cover: "[cover]",
      artists: [
        ArtistId(
          id: Some("UCNezSmfQ8VIgvHUNj1Gzx6A"),
          name: "[name]",
        ),
      ],
      artist_id: Some("UCNezSmfQ8VIgvHUNj1Gzx6A"),
      album_type: Album,
      year: Some(1993),
      by_va: false,
    ),
    AlbumItem(
      id: "MPREb_wc4BcZCJ4ta",
      name: "[name]",
      cover: "[cover]",
      artists: [
        ArtistId(
          id: Some("UCNezSmfQ8VIgvHUNj1Gzx6A"),
          name: "[name]",
        ),
      ],
      artist_id: Some("UCNezSmfQ8VIgvHUNj1Gzx6A"),
      album_type: Album,
      year: Some(1975),
      by_va: false,
    ),
    AlbumItem(
      id: "MPREb_wzXAlg8conF",
      name: "[name]",
      cover: "[cover]",
      artists: [
        ArtistId(
          id: Some("UCNezSmfQ8VIgvHUNj1Gzx6A"),
          name: "[name]",
        ),
      ],
      artist_id: Some("UCNezSmfQ8VIgvHUNj1Gzx6A"),
      album_type: Album,
      year: Some(2009),
      by_va: false,
    ),
    AlbumItem(
      id: "MPREb_xfF1uj0XEMs",
      name: "[name]",
      cover: "[cover]",
      artists: [
        ArtistId(
          id: Some("UCNezSmfQ8VIgvHUNj1Gzx6A"),
          name: "[name]",
        ),
      ],
      artist_id: Some("UCNezSmfQ8VIgvHUNj1Gzx6A"),
      album_type: Album,
      year: Some(2017),
      by_va: false,
    ),
    AlbumItem(
      id: "MPREb_yksMnGxPisK",
      name: "[name]",
      cover: "[cover]",
      artists: [
        ArtistId(
          id: Some("UCNezSmfQ8VIgvHUNj1Gzx6A"),
          name: "[name]",
        ),
      ],
      artist_id: Some("UCNezSmfQ8VIgvHUNj1Gzx6A"),
      album_type: Single,
      year: Some(2017),
      by_va: false,
    ),
    AlbumItem(
      id: "MPREb_z97CXHPQRpE",
      name: "[name]",
      cover: "[cover]",
      artists: [
        ArtistId(
          id: Some("UCNezSmfQ8VIgvHUNj1Gzx6A"),
          name: "[name]",
        ),
      ],
      artist_id: Some("UCNezSmfQ8VIgvHUNj1Gzx6A"),
      album_type: Album,
      year: Some(1992),
      by_va: false,
    ),
    AlbumItem(
      id: "MPREb_zjqNBTHAaKD",
      name: "[name]",
      cover: "[cover]",
      artists: [
        ArtistId(
          id: Some("UCNezSmfQ8VIgvHUNj1Gzx6A"),
          name: "[name]",
        ),
      ],
      artist_id: Some("UCNezSmfQ8VIgvHUNj1Gzx6A"),
      album_type: Album,
      year: Some(2016),
      by_va: false,
    ),
  ],
  playlists: "[playlists]",
  similar_artists: "[artists]",
  tracks_playlist_id: Some("OLAK5uy_mn_ooNJyFCj3PwCvEXpF9cSleYqpHnIvc"),
  videos_playlist_id: Some("OLAK5uy_ndKn992CN9EMlvbLRh7w-QJN6wn_cEfgw"),
  radio_id: None,
)
