---
source: tests/youtube.rs
expression: album
---
MusicAlbum(
  id: "MPREb_u1I69lSAe5v",
  playlist_id: Some("OLAK5uy_lGP_zv0vJDUlecQDzugUJmjcF7pvyVNyY"),
  name: "Waldbrand",
  cover: "[cover]",
  artists: [
    ArtistId(
      id: Some("UCpJyCbFbdTrx0M90HCNBHFQ"),
      name: "Madeline Juno",
    ),
  ],
  artist_id: Some("UCpJyCbFbdTrx0M90HCNBHFQ"),
  description: None,
  album_type: ep,
  year: Some(2016),
  by_va: false,
  track_count: 5,
  tracks: [
    TrackItem(
      id: "aGd3VKSOTxY",
      name: "Ich wache auf",
      duration: Some(222),
      cover: [],
      artists: [
        ArtistId(
          id: Some("UCpJyCbFbdTrx0M90HCNBHFQ"),
          name: "Madeline Juno",
        ),
      ],
      artist_id: Some("UCpJyCbFbdTrx0M90HCNBHFQ"),
      album: Some(AlbumId(
        id: "MPREb_u1I69lSAe5v",
        name: "Waldbrand",
      )),
      view_count: "[view_count]",
      track_type: track,
      track_nr: Some(1),
      by_va: false,
      unavailable: false,
    ),
    TrackItem(
      id: "Jz-26iiDuYs",
      name: "Waldbrand",
      duration: Some(209),
      cover: [],
      artists: [
        ArtistId(
          id: Some("UCpJyCbFbdTrx0M90HCNBHFQ"),
          name: "Madeline Juno",
        ),
      ],
      artist_id: Some("UCpJyCbFbdTrx0M90HCNBHFQ"),
      album: Some(AlbumId(
        id: "MPREb_u1I69lSAe5v",
        name: "Waldbrand",
      )),
      view_count: "[view_count]",
      track_type: track,
      track_nr: Some(2),
      by_va: false,
      unavailable: false,
    ),
    TrackItem(
      id: "Bu26uFtpt58",
      name: "Verlernt",
      duration: Some(224),
      cover: [],
      artists: [
        ArtistId(
          id: Some("UCpJyCbFbdTrx0M90HCNBHFQ"),
          name: "Madeline Juno",
        ),
      ],
      artist_id: Some("UCpJyCbFbdTrx0M90HCNBHFQ"),
      album: Some(AlbumId(
        id: "MPREb_u1I69lSAe5v",
        name: "Waldbrand",
      )),
      view_count: "[view_count]",
      track_type: track,
      track_nr: Some(3),
      by_va: false,
      unavailable: false,
    ),
    TrackItem(
      id: "RgwNqqiVqdY",
      name: "In Farbe",
      duration: Some(222),
      cover: [],
      artists: [
        ArtistId(
          id: Some("UCpJyCbFbdTrx0M90HCNBHFQ"),
          name: "Madeline Juno",
        ),
      ],
      artist_id: Some("UCpJyCbFbdTrx0M90HCNBHFQ"),
      album: Some(AlbumId(
        id: "MPREb_u1I69lSAe5v",
        name: "Waldbrand",
      )),
      view_count: "[view_count]",
      track_type: track,
      track_nr: Some(4),
      by_va: false,
      unavailable: false,
    ),
    TrackItem(
      id: "2TuOh30XbCI",
      name: "Stadt im Hinterland",
      duration: Some(198),
      cover: [],
      artists: [
        ArtistId(
          id: Some("UCpJyCbFbdTrx0M90HCNBHFQ"),
          name: "Madeline Juno",
        ),
      ],
      artist_id: Some("UCpJyCbFbdTrx0M90HCNBHFQ"),
      album: Some(AlbumId(
        id: "MPREb_u1I69lSAe5v",
        name: "Waldbrand",
      )),
      view_count: "[view_count]",
      track_type: track,
      track_nr: Some(5),
      by_va: false,
      unavailable: false,
    ),
  ],
  variants: [],
)
