---
source: tests/youtube.rs
expression: album
---
MusicAlbum(
  id: "MPREb_mXdQvyCqLnx",
  playlist_id: Some("OLAK5uy_mAg4o-PpgUtVY97PDxaY3DRTZt37WUDaQ"),
  name: "[name]",
  cover: "[cover]",
  artists: [
    ArtistId(
      id: Some("UCwem2sj-QUJCiWiPAo9JuAw"),
      name: "[name]",
    ),
  ],
  artist_id: Some("UCwem2sj-QUJCiWiPAo9JuAw"),
  description: "[description]",
  album_type: Album,
  year: Some(2013),
  by_va: false,
  tracks: [
    TrackItem(
      id: "8DmPZaCLMcE",
      name: "[name]",
      duration: Some(211),
      cover: [],
      artists: [
        ArtistId(
          id: Some("UCwem2sj-QUJCiWiPAo9JuAw"),
          name: "[name]",
        ),
      ],
      artist_id: Some("UCwem2sj-QUJCiWiPAo9JuAw"),
      album: Some(AlbumId(
        id: "MPREb_mXdQvyCqLnx",
        name: "[name]",
      )),
      view_count: "[view_count]",
      is_video: false,
      track_nr: Some(1),
      by_va: false,
    ),
    TrackItem(
      id: "RRE0hz60t8I",
      name: "[name]",
      duration: Some(197),
      cover: [],
      artists: [
        ArtistId(
          id: Some("UCwem2sj-QUJCiWiPAo9JuAw"),
          name: "[name]",
        ),
      ],
      artist_id: Some("UCwem2sj-QUJCiWiPAo9JuAw"),
      album: Some(AlbumId(
        id: "MPREb_mXdQvyCqLnx",
        name: "[name]",
      )),
      view_count: "[view_count]",
      is_video: false,
      track_nr: Some(2),
      by_va: false,
    ),
    TrackItem(
      id: "O38fBJpWqGM",
      name: "[name]",
      duration: Some(236),
      cover: [],
      artists: [
        ArtistId(
          id: Some("UCwem2sj-QUJCiWiPAo9JuAw"),
          name: "[name]",
        ),
      ],
      artist_id: Some("UCwem2sj-QUJCiWiPAo9JuAw"),
      album: Some(AlbumId(
        id: "MPREb_mXdQvyCqLnx",
        name: "[name]",
      )),
      view_count: "[view_count]",
      is_video: false,
      track_nr: Some(3),
      by_va: false,
    ),
    TrackItem(
      id: "BB1Q5XjCOho",
      name: "[name]",
      duration: Some(234),
      cover: [],
      artists: [
        ArtistId(
          id: Some("UCwem2sj-QUJCiWiPAo9JuAw"),
          name: "[name]",
        ),
      ],
      artist_id: Some("UCwem2sj-QUJCiWiPAo9JuAw"),
      album: Some(AlbumId(
        id: "MPREb_mXdQvyCqLnx",
        name: "[name]",
      )),
      view_count: "[view_count]",
      is_video: false,
      track_nr: Some(4),
      by_va: false,
    ),
    TrackItem(
      id: "0VOm-MoZ3Xg",
      name: "[name]",
      duration: Some(266),
      cover: [],
      artists: [
        ArtistId(
          id: Some("UCwem2sj-QUJCiWiPAo9JuAw"),
          name: "[name]",
        ),
      ],
      artist_id: Some("UCwem2sj-QUJCiWiPAo9JuAw"),
      album: Some(AlbumId(
        id: "MPREb_mXdQvyCqLnx",
        name: "[name]",
      )),
      view_count: "[view_count]",
      is_video: false,
      track_nr: Some(5),
      by_va: false,
    ),
    TrackItem(
      id: "vvm-XtXQ7wI",
      name: "[name]",
      duration: Some(217),
      cover: [],
      artists: [
        ArtistId(
          id: Some("UCwem2sj-QUJCiWiPAo9JuAw"),
          name: "[name]",
        ),
      ],
      artist_id: Some("UCwem2sj-QUJCiWiPAo9JuAw"),
      album: Some(AlbumId(
        id: "MPREb_mXdQvyCqLnx",
        name: "[name]",
      )),
      view_count: "[view_count]",
      is_video: false,
      track_nr: Some(6),
      by_va: false,
    ),
    TrackItem(
      id: "CJYhllodSAc",
      name: "[name]",
      duration: Some(215),
      cover: [],
      artists: [
        ArtistId(
          id: Some("UCwem2sj-QUJCiWiPAo9JuAw"),
          name: "[name]",
        ),
      ],
      artist_id: Some("UCwem2sj-QUJCiWiPAo9JuAw"),
      album: Some(AlbumId(
        id: "MPREb_mXdQvyCqLnx",
        name: "[name]",
      )),
      view_count: "[view_count]",
      is_video: false,
      track_nr: Some(7),
      by_va: false,
    ),
    TrackItem(
      id: "tTmJoiCIebg",
      name: "[name]",
      duration: Some(202),
      cover: [],
      artists: [
        ArtistId(
          id: Some("UCwem2sj-QUJCiWiPAo9JuAw"),
          name: "[name]",
        ),
      ],
      artist_id: Some("UCwem2sj-QUJCiWiPAo9JuAw"),
      album: Some(AlbumId(
        id: "MPREb_mXdQvyCqLnx",
        name: "[name]",
      )),
      view_count: "[view_count]",
      is_video: false,
      track_nr: Some(8),
      by_va: false,
    ),
    TrackItem(
      id: "qmGtn0TQ8Fk",
      name: "[name]",
      duration: Some(205),
      cover: [],
      artists: [
        ArtistId(
          id: Some("UCwem2sj-QUJCiWiPAo9JuAw"),
          name: "[name]",
        ),
      ],
      artist_id: Some("UCwem2sj-QUJCiWiPAo9JuAw"),
      album: Some(AlbumId(
        id: "MPREb_mXdQvyCqLnx",
        name: "[name]",
      )),
      view_count: "[view_count]",
      is_video: false,
      track_nr: Some(9),
      by_va: false,
    ),
    TrackItem(
      id: "Bb_j4TTlEZA",
      name: "[name]",
      duration: Some(198),
      cover: [],
      artists: [
        ArtistId(
          id: Some("UCwem2sj-QUJCiWiPAo9JuAw"),
          name: "[name]",
        ),
      ],
      artist_id: Some("UCwem2sj-QUJCiWiPAo9JuAw"),
      album: Some(AlbumId(
        id: "MPREb_mXdQvyCqLnx",
        name: "[name]",
      )),
      view_count: "[view_count]",
      is_video: false,
      track_nr: Some(10),
      by_va: false,
    ),
    TrackItem(
      id: "rVey1Qgn1vc",
      name: "[name]",
      duration: Some(237),
      cover: [],
      artists: [
        ArtistId(
          id: Some("UCwem2sj-QUJCiWiPAo9JuAw"),
          name: "[name]",
        ),
      ],
      artist_id: Some("UCwem2sj-QUJCiWiPAo9JuAw"),
      album: Some(AlbumId(
        id: "MPREb_mXdQvyCqLnx",
        name: "[name]",
      )),
      view_count: "[view_count]",
      is_video: false,
      track_nr: Some(11),
      by_va: false,
    ),
    TrackItem(
      id: "mdXNWcYYZ10",
      name: "[name]",
      duration: Some(230),
      cover: [],
      artists: [
        ArtistId(
          id: Some("UCwem2sj-QUJCiWiPAo9JuAw"),
          name: "[name]",
        ),
      ],
      artist_id: Some("UCwem2sj-QUJCiWiPAo9JuAw"),
      album: Some(AlbumId(
        id: "MPREb_mXdQvyCqLnx",
        name: "[name]",
      )),
      view_count: "[view_count]",
      is_video: false,
      track_nr: Some(12),
      by_va: false,
    ),
    TrackItem(
      id: "yX40-XWjWe0",
      name: "[name]",
      duration: Some(232),
      cover: [],
      artists: [
        ArtistId(
          id: Some("UCwem2sj-QUJCiWiPAo9JuAw"),
          name: "[name]",
        ),
      ],
      artist_id: Some("UCwem2sj-QUJCiWiPAo9JuAw"),
      album: Some(AlbumId(
        id: "MPREb_mXdQvyCqLnx",
        name: "[name]",
      )),
      view_count: "[view_count]",
      is_video: false,
      track_nr: Some(13),
      by_va: false,
    ),
  ],
  variants: [
    AlbumItem(
      id: "MPREb_bURBKIaURqK",
      name: "Demi (Deluxe)",
      cover: [
        Thumbnail(
          url: "https://lh3.googleusercontent.com/p6Fy9_hfUY-Y6BXzdsIfOKpSZBhjGkDrpPcbA8DNrR1zvCFUL7p3cCeUywx8PxQ6FX7eb30MsWq3fpn2=w226-h226-l90-rj",
          width: 226,
          height: 226,
        ),
        Thumbnail(
          url: "https://lh3.googleusercontent.com/p6Fy9_hfUY-Y6BXzdsIfOKpSZBhjGkDrpPcbA8DNrR1zvCFUL7p3cCeUywx8PxQ6FX7eb30MsWq3fpn2=w544-h544-l90-rj",
          width: 544,
          height: 544,
        ),
      ],
      artists: [
        ArtistId(
          id: Some("UCwem2sj-QUJCiWiPAo9JuAw"),
          name: "[name]",
        ),
      ],
      artist_id: Some("UCwem2sj-QUJCiWiPAo9JuAw"),
      album_type: Album,
      year: None,
      by_va: false,
    ),
  ],
)
