---
source: tests/youtube.rs
expression: album
---
MusicAlbum(
  id: "MPREb_cwzk8EUwypZ",
  playlist_id: Some("OLAK5uy_kODvYZ5CEpYdtd4VPsmg0eRTlpazG0dvA"),
  name: "Folge 2: Eiszeit (Das Original-Hörspiel zur TV-Serie)",
  cover: "[cover]",
  artists: [
    ArtistId(
      id: Some("UCNoyEM0e2A7WlsBmP2w3avg"),
      name: "Kingdom Force",
    ),
  ],
  album_type: Show,
  year: Some(2022),
  by_va: false,
  tracks: [
    TrackItem(
      id: "lSbKz5LWvKE",
      title: "Achtung, Waldbrand - Teil 1",
      duration: Some(229),
      cover: [],
      artists: [
        ArtistId(
          id: Some("UCNoyEM0e2A7WlsBmP2w3avg"),
          name: "Kingdom Force",
        ),
      ],
      album: Some(AlbumId(
        id: "MPREb_cwzk8EUwypZ",
        name: "Folge 2: Eiszeit (Das Original-Hörspiel zur TV-Serie)",
      )),
      view_count: None,
      is_video: false,
      track_nr: Some(1),
    ),
    TrackItem(
      id: "fdO6gu4qjRw",
      title: "Achtung, Waldbrand - Teil 2",
      duration: Some(235),
      cover: [],
      artists: [
        ArtistId(
          id: Some("UCNoyEM0e2A7WlsBmP2w3avg"),
          name: "Kingdom Force",
        ),
      ],
      album: Some(AlbumId(
        id: "MPREb_cwzk8EUwypZ",
        name: "Folge 2: Eiszeit (Das Original-Hörspiel zur TV-Serie)",
      )),
      view_count: None,
      is_video: false,
      track_nr: Some(2),
    ),
    TrackItem(
      id: "muCxstXirvY",
      title: "Achtung, Waldbrand - Teil 3",
      duration: Some(197),
      cover: [],
      artists: [
        ArtistId(
          id: Some("UCNoyEM0e2A7WlsBmP2w3avg"),
          name: "Kingdom Force",
        ),
      ],
      album: Some(AlbumId(
        id: "MPREb_cwzk8EUwypZ",
        name: "Folge 2: Eiszeit (Das Original-Hörspiel zur TV-Serie)",
      )),
      view_count: None,
      is_video: false,
      track_nr: Some(3),
    ),
    TrackItem(
      id: "aG1N0vo__Ng",
      title: "Eiszeit - Teil 1",
      duration: Some(186),
      cover: [],
      artists: [
        ArtistId(
          id: Some("UCNoyEM0e2A7WlsBmP2w3avg"),
          name: "Kingdom Force",
        ),
      ],
      album: Some(AlbumId(
        id: "MPREb_cwzk8EUwypZ",
        name: "Folge 2: Eiszeit (Das Original-Hörspiel zur TV-Serie)",
      )),
      view_count: None,
      is_video: false,
      track_nr: Some(4),
    ),
    TrackItem(
      id: "roHhLNYS9yo",
      title: "Eiszeit - Teil 2",
      duration: Some(188),
      cover: [],
      artists: [
        ArtistId(
          id: Some("UCNoyEM0e2A7WlsBmP2w3avg"),
          name: "Kingdom Force",
        ),
      ],
      album: Some(AlbumId(
        id: "MPREb_cwzk8EUwypZ",
        name: "Folge 2: Eiszeit (Das Original-Hörspiel zur TV-Serie)",
      )),
      view_count: None,
      is_video: false,
      track_nr: Some(5),
    ),
    TrackItem(
      id: "nJ49NuLvcAw",
      title: "Eiszeit - Teil 3",
      duration: Some(205),
      cover: [],
      artists: [
        ArtistId(
          id: Some("UCNoyEM0e2A7WlsBmP2w3avg"),
          name: "Kingdom Force",
        ),
      ],
      album: Some(AlbumId(
        id: "MPREb_cwzk8EUwypZ",
        name: "Folge 2: Eiszeit (Das Original-Hörspiel zur TV-Serie)",
      )),
      view_count: None,
      is_video: false,
      track_nr: Some(6),
    ),
    TrackItem(
      id: "Me119D570h0",
      title: "Eiszeit - Teil 4",
      duration: Some(219),
      cover: [],
      artists: [
        ArtistId(
          id: Some("UCNoyEM0e2A7WlsBmP2w3avg"),
          name: "Kingdom Force",
        ),
      ],
      album: Some(AlbumId(
        id: "MPREb_cwzk8EUwypZ",
        name: "Folge 2: Eiszeit (Das Original-Hörspiel zur TV-Serie)",
      )),
      view_count: None,
      is_video: false,
      track_nr: Some(7),
    ),
    TrackItem(
      id: "YXnRLK-qKG8",
      title: "Im Sinkloch - Teil 1",
      duration: Some(240),
      cover: [],
      artists: [
        ArtistId(
          id: Some("UCNoyEM0e2A7WlsBmP2w3avg"),
          name: "Kingdom Force",
        ),
      ],
      album: Some(AlbumId(
        id: "MPREb_cwzk8EUwypZ",
        name: "Folge 2: Eiszeit (Das Original-Hörspiel zur TV-Serie)",
      )),
      view_count: None,
      is_video: false,
      track_nr: Some(8),
    ),
    TrackItem(
      id: "A61wz1jz9X0",
      title: "Im Sinkloch - Teil 2",
      duration: Some(239),
      cover: [],
      artists: [
        ArtistId(
          id: Some("UCNoyEM0e2A7WlsBmP2w3avg"),
          name: "Kingdom Force",
        ),
      ],
      album: Some(AlbumId(
        id: "MPREb_cwzk8EUwypZ",
        name: "Folge 2: Eiszeit (Das Original-Hörspiel zur TV-Serie)",
      )),
      view_count: None,
      is_video: false,
      track_nr: Some(9),
    ),
    TrackItem(
      id: "u_S08EJOTUg",
      title: "Im Sinkloch - Teil 3",
      duration: Some(197),
      cover: [],
      artists: [
        ArtistId(
          id: Some("UCNoyEM0e2A7WlsBmP2w3avg"),
          name: "Kingdom Force",
        ),
      ],
      album: Some(AlbumId(
        id: "MPREb_cwzk8EUwypZ",
        name: "Folge 2: Eiszeit (Das Original-Hörspiel zur TV-Serie)",
      )),
      view_count: None,
      is_video: false,
      track_nr: Some(10),
    ),
    TrackItem(
      id: "0qwYJihV1EU",
      title: "Vorsicht, heiß - Teil 1",
      duration: Some(201),
      cover: [],
      artists: [
        ArtistId(
          id: Some("UCNoyEM0e2A7WlsBmP2w3avg"),
          name: "Kingdom Force",
        ),
      ],
      album: Some(AlbumId(
        id: "MPREb_cwzk8EUwypZ",
        name: "Folge 2: Eiszeit (Das Original-Hörspiel zur TV-Serie)",
      )),
      view_count: None,
      is_video: false,
      track_nr: Some(11),
    ),
    TrackItem(
      id: "zjhoyTnEzuQ",
      title: "Vorsicht, heiß - Teil 2",
      duration: Some(187),
      cover: [],
      artists: [
        ArtistId(
          id: Some("UCNoyEM0e2A7WlsBmP2w3avg"),
          name: "Kingdom Force",
        ),
      ],
      album: Some(AlbumId(
        id: "MPREb_cwzk8EUwypZ",
        name: "Folge 2: Eiszeit (Das Original-Hörspiel zur TV-Serie)",
      )),
      view_count: None,
      is_video: false,
      track_nr: Some(12),
    ),
    TrackItem(
      id: "oDjDd0UBzAY",
      title: "Vorsicht, heiß - Teil 3",
      duration: Some(183),
      cover: [],
      artists: [
        ArtistId(
          id: Some("UCNoyEM0e2A7WlsBmP2w3avg"),
          name: "Kingdom Force",
        ),
      ],
      album: Some(AlbumId(
        id: "MPREb_cwzk8EUwypZ",
        name: "Folge 2: Eiszeit (Das Original-Hörspiel zur TV-Serie)",
      )),
      view_count: None,
      is_video: false,
      track_nr: Some(13),
    ),
    TrackItem(
      id: "_3-WVmqgi-Q",
      title: "Vorsicht, heiß - Teil 4",
      duration: Some(193),
      cover: [],
      artists: [
        ArtistId(
          id: Some("UCNoyEM0e2A7WlsBmP2w3avg"),
          name: "Kingdom Force",
        ),
      ],
      album: Some(AlbumId(
        id: "MPREb_cwzk8EUwypZ",
        name: "Folge 2: Eiszeit (Das Original-Hörspiel zur TV-Serie)",
      )),
      view_count: None,
      is_video: false,
      track_nr: Some(14),
    ),
  ],
  variants: [],
)
